Archive member included to satisfy reference by file (symbol)

D:/ST/STM32CubeCLT_1.18.0/GNU-tools-for-STM32/bin/../lib/gcc/arm-none-eabi/13.3.1/thumb/v7e-m/nofp\libgcc.a(_arm_mulsf3.o)
                              CMakeFiles/YunTai.elf.dir/Lib/Src/SG90.c.obj (__aeabi_fmul)
D:/ST/STM32CubeCLT_1.18.0/GNU-tools-for-STM32/bin/../lib/gcc/arm-none-eabi/13.3.1/thumb/v7e-m/nofp\libgcc.a(_arm_addsubsf3.o)
                              CMakeFiles/YunTai.elf.dir/Lib/Src/step_motor.cpp.obj (__aeabi_fsub)
D:/ST/STM32CubeCLT_1.18.0/GNU-tools-for-STM32/bin/../lib/gcc/arm-none-eabi/13.3.1/thumb/v7e-m/nofp\libgcc.a(_arm_muldivsf3.o)
                              CMakeFiles/YunTai.elf.dir/Lib/Src/SG90.c.obj (__aeabi_fdiv)
D:/ST/STM32CubeCLT_1.18.0/GNU-tools-for-STM32/bin/../lib/gcc/arm-none-eabi/13.3.1/thumb/v7e-m/nofp\libgcc.a(_arm_cmpsf2.o)
                              CMakeFiles/YunTai.elf.dir/Lib/Src/SG90.c.obj (__aeabi_fcmplt)
D:/ST/STM32CubeCLT_1.18.0/GNU-tools-for-STM32/bin/../lib/gcc/arm-none-eabi/13.3.1/thumb/v7e-m/nofp\libgcc.a(_arm_fixsfsi.o)
                              CMakeFiles/YunTai.elf.dir/Lib/Src/SG90.c.obj (__aeabi_f2iz)
D:/ST/STM32CubeCLT_1.18.0/GNU-tools-for-STM32/bin/../lib/gcc/arm-none-eabi/13.3.1/thumb/v7e-m/nofp\libgcc.a(_arm_fixunssfsi.o)
                              CMakeFiles/YunTai.elf.dir/Lib/Src/step_motor.cpp.obj (__aeabi_f2uiz)
D:/ST/STM32CubeCLT_1.18.0/GNU-tools-for-STM32/bin/../lib/gcc/arm-none-eabi/13.3.1/thumb/v7e-m/nofp\libgcc.a(_aeabi_uldivmod.o)
                              CMakeFiles/YunTai.elf.dir/Drivers/STM32F4xx_HAL_Driver/Src/stm32f4xx_hal_rcc.c.obj (__aeabi_uldivmod)
D:/ST/STM32CubeCLT_1.18.0/GNU-tools-for-STM32/bin/../lib/gcc/arm-none-eabi/13.3.1/thumb/v7e-m/nofp\libgcc.a(_udivmoddi4.o)
                              D:/ST/STM32CubeCLT_1.18.0/GNU-tools-for-STM32/bin/../lib/gcc/arm-none-eabi/13.3.1/thumb/v7e-m/nofp\libgcc.a(_aeabi_uldivmod.o) (__udivmoddi4)
D:/ST/STM32CubeCLT_1.18.0/GNU-tools-for-STM32/bin/../lib/gcc/arm-none-eabi/13.3.1/thumb/v7e-m/nofp\libgcc.a(unwind-arm.o)
                              CMakeFiles/YunTai.elf.dir/Lib/Src/step_motor.cpp.obj (__aeabi_unwind_cpp_pr0)
D:/ST/STM32CubeCLT_1.18.0/GNU-tools-for-STM32/bin/../lib/gcc/arm-none-eabi/13.3.1/thumb/v7e-m/nofp\libgcc.a(libunwind.o)
                              D:/ST/STM32CubeCLT_1.18.0/GNU-tools-for-STM32/bin/../lib/gcc/arm-none-eabi/13.3.1/thumb/v7e-m/nofp\libgcc.a(unwind-arm.o) (restore_core_regs)
D:/ST/STM32CubeCLT_1.18.0/GNU-tools-for-STM32/bin/../lib/gcc/arm-none-eabi/13.3.1/thumb/v7e-m/nofp\libgcc.a(pr-support.o)
                              D:/ST/STM32CubeCLT_1.18.0/GNU-tools-for-STM32/bin/../lib/gcc/arm-none-eabi/13.3.1/thumb/v7e-m/nofp\libgcc.a(unwind-arm.o) (__gnu_unwind_execute)
D:/ST/STM32CubeCLT_1.18.0/GNU-tools-for-STM32/bin/../lib/gcc/arm-none-eabi/13.3.1/thumb/v7e-m/nofp\libgcc.a(_dvmd_tls.o)
                              D:/ST/STM32CubeCLT_1.18.0/GNU-tools-for-STM32/bin/../lib/gcc/arm-none-eabi/13.3.1/thumb/v7e-m/nofp\libgcc.a(_aeabi_uldivmod.o) (__aeabi_ldiv0)
D:/ST/STM32CubeCLT_1.18.0/GNU-tools-for-STM32/bin/../lib/gcc/arm-none-eabi/13.3.1/../../../../arm-none-eabi/lib/thumb/v7e-m/nofp\libg.a(libc_a-abort.o)
                              D:/ST/STM32CubeCLT_1.18.0/GNU-tools-for-STM32/bin/../lib/gcc/arm-none-eabi/13.3.1/thumb/v7e-m/nofp\libgcc.a(unwind-arm.o) (abort)
D:/ST/STM32CubeCLT_1.18.0/GNU-tools-for-STM32/bin/../lib/gcc/arm-none-eabi/13.3.1/../../../../arm-none-eabi/lib/thumb/v7e-m/nofp\libg.a(libc_a-exit.o)
                              D:/ST/STM32CubeCLT_1.18.0/GNU-tools-for-STM32/bin/../lib/gcc/arm-none-eabi/13.3.1/../../../../arm-none-eabi/lib/thumb/v7e-m/nofp/crt0.o (exit)
D:/ST/STM32CubeCLT_1.18.0/GNU-tools-for-STM32/bin/../lib/gcc/arm-none-eabi/13.3.1/../../../../arm-none-eabi/lib/thumb/v7e-m/nofp\libg.a(libc_a-findfp.o)
                              D:/ST/STM32CubeCLT_1.18.0/GNU-tools-for-STM32/bin/../lib/gcc/arm-none-eabi/13.3.1/../../../../arm-none-eabi/lib/thumb/v7e-m/nofp\libg.a(libc_a-exit.o) (__stdio_exit_handler)
D:/ST/STM32CubeCLT_1.18.0/GNU-tools-for-STM32/bin/../lib/gcc/arm-none-eabi/13.3.1/../../../../arm-none-eabi/lib/thumb/v7e-m/nofp\libg.a(libc_a-fwalk.o)
                              D:/ST/STM32CubeCLT_1.18.0/GNU-tools-for-STM32/bin/../lib/gcc/arm-none-eabi/13.3.1/../../../../arm-none-eabi/lib/thumb/v7e-m/nofp\libg.a(libc_a-findfp.o) (_fwalk_sglue)
D:/ST/STM32CubeCLT_1.18.0/GNU-tools-for-STM32/bin/../lib/gcc/arm-none-eabi/13.3.1/../../../../arm-none-eabi/lib/thumb/v7e-m/nofp\libg.a(libc_a-stdio.o)
                              D:/ST/STM32CubeCLT_1.18.0/GNU-tools-for-STM32/bin/../lib/gcc/arm-none-eabi/13.3.1/../../../../arm-none-eabi/lib/thumb/v7e-m/nofp\libg.a(libc_a-findfp.o) (__sread)
D:/ST/STM32CubeCLT_1.18.0/GNU-tools-for-STM32/bin/../lib/gcc/arm-none-eabi/13.3.1/../../../../arm-none-eabi/lib/thumb/v7e-m/nofp\libg.a(libc_a-memset.o)
[...]
Memory Configuration

Name             Origin             Length             Attributes
CCMRAM           0x10000000         0x00010000         xrw
RAM              0x20000000         0x00020000         xrw
FLASH            0x08000000         0x00100000         xr
*default*        0x00000000         0xffffffff

Linker script and memory map

LOAD D:/ST/STM32CubeCLT_1.18.0/GNU-tools-for-STM32/bin/../lib/gcc/arm-none-eabi/13.3.1/thumb/v7e-m/nofp/crti.o
LOAD D:/ST/STM32CubeCLT_1.18.0/GNU-tools-for-STM32/bin/../lib/gcc/arm-none-eabi/13.3.1/thumb/v7e-m/nofp/crtbegin.o
LOAD D:/ST/STM32CubeCLT_1.18.0/GNU-tools-for-STM32/bin/../lib/gcc/arm-none-eabi/13.3.1/../../../../arm-none-eabi/lib/thumb/v7e-m/nofp/crt0.o
LOAD CMakeFiles/YunTai.elf.dir/Core/Src/gpio.c.obj
LOAD CMakeFiles/YunTai.elf.dir/Core/Src/main.c.obj
LOAD CMakeFiles/YunTai.elf.dir/Core/Src/stm32f4xx_hal_msp.c.obj
LOAD CMakeFiles/YunTai.elf.dir/Core/Src/stm32f4xx_it.c.obj
LOAD CMakeFiles/YunTai.elf.dir/Core/Src/syscalls.c.obj
LOAD CMakeFiles/YunTai.elf.dir/Core/Src/sysmem.c.obj
LOAD CMakeFiles/YunTai.elf.dir/Core/Src/system_stm32f4xx.c.obj
LOAD CMakeFiles/YunTai.elf.dir/Core/Src/tim.c.obj
LOAD CMakeFiles/YunTai.elf.dir/Core/Src/usart.c.obj
LOAD CMakeFiles/YunTai.elf.dir/Core/Startup/startup_stm32f407ighx.s.obj
LOAD CMakeFiles/YunTai.elf.dir/Drivers/STM32F4xx_HAL_Driver/Src/stm32f4xx_hal.c.obj
LOAD CMakeFiles/YunTai.elf.dir/Drivers/STM32F4xx_HAL_Driver/Src/stm32f4xx_hal_cortex.c.obj
LOAD CMakeFiles/YunTai.elf.dir/Drivers/STM32F4xx_HAL_Driver/Src/stm32f4xx_hal_dma.c.obj
LOAD CMakeFiles/YunTai.elf.dir/Drivers/STM32F4xx_HAL_Driver/Src/stm32f4xx_hal_dma_ex.c.obj
LOAD CMakeFiles/YunTai.elf.dir/Drivers/STM32F4xx_HAL_Driver/Src/stm32f4xx_hal_exti.c.obj
LOAD CMakeFiles/YunTai.elf.dir/Drivers/STM32F4xx_HAL_Driver/Src/stm32f4xx_hal_flash.c.obj
LOAD CMakeFiles/YunTai.elf.dir/Drivers/STM32F4xx_HAL_Driver/Src/stm32f4xx_hal_flash_ex.c.obj
LOAD CMakeFiles/YunTai.elf.dir/Drivers/STM32F4xx_HAL_Driver/Src/stm32f4xx_hal_flash_ramfunc.c.obj
LOAD CMakeFiles/YunTai.elf.dir/Drivers/STM32F4xx_HAL_Driver/Src/stm32f4xx_hal_gpio.c.obj
LOAD CMakeFiles/YunTai.elf.dir/Drivers/STM32F4xx_HAL_Driver/Src/stm32f4xx_hal_pwr.c.obj
LOAD CMakeFiles/YunTai.elf.dir/Drivers/STM32F4xx_HAL_Driver/Src/stm32f4xx_hal_pwr_ex.c.obj
LOAD CMakeFiles/YunTai.elf.dir/Drivers/STM32F4xx_HAL_Driver/Src/stm32f4xx_hal_rcc.c.obj
LOAD CMakeFiles/YunTai.elf.dir/Drivers/STM32F4xx_HAL_Driver/Src/stm32f4xx_hal_rcc_ex.c.obj
LOAD CMakeFiles/YunTai.elf.dir/Drivers/STM32F4xx_HAL_Driver/Src/stm32f4xx_hal_tim.c.obj
LOAD CMakeFiles/YunTai.elf.dir/Drivers/STM32F4xx_HAL_Driver/Src/stm32f4xx_hal_tim_ex.c.obj
LOAD CMakeFiles/YunTai.elf.dir/Drivers/STM32F4xx_HAL_Driver/Src/stm32f4xx_hal_uart.c.obj
LOAD CMakeFiles/YunTai.elf.dir/Lib/Src/LED.cpp.obj
LOAD CMakeFiles/YunTai.elf.dir/Lib/Src/SG90.c.obj
LOAD CMakeFiles/YunTai.elf.dir/Lib/Src/step_motor.cpp.obj
LOAD CMakeFiles/YunTai.elf.dir/User/Src/User_main.cpp.obj
LOAD CMakeFiles/YunTai.elf.dir/User/Src/VelocitySolve.cpp.obj
LOAD D:/ST/STM32CubeCLT_1.18.0/GNU-tools-for-STM32/bin/../lib/gcc/arm-none-eabi/13.3.1/../../../../arm-none-eabi/lib/thumb/v7e-m/nofp\libstdc++.a
LOAD D:/ST/STM32CubeCLT_1.18.0/GNU-tools-for-STM32/bin/../lib/gcc/arm-none-eabi/13.3.1/../../../../arm-none-eabi/lib/thumb/v7e-m/nofp\libm.a
START GROUP
LOAD D:/ST/STM32CubeCLT_1.18.0/GNU-tools-for-STM32/bin/../lib/gcc/arm-none-eabi/13.3.1/thumb/v7e-m/nofp\libgcc.a
LOAD D:/ST/STM32CubeCLT_1.18.0/GNU-tools-for-STM32/bin/../lib/gcc/arm-none-eabi/13.3.1/../../../../arm-none-eabi/lib/thumb/v7e-m/nofp\libg.a
LOAD D:/ST/STM32CubeCLT_1.18.0/GNU-tools-for-STM32/bin/../lib/gcc/arm-none-eabi/13.3.1/../../../../arm-none-eabi/lib/thumb/v7e-m/nofp\libc.a
END GROUP
LOAD D:/ST/STM32CubeCLT_1.18.0/GNU-tools-for-STM32/bin/../lib/gcc/arm-none-eabi/13.3.1/thumb/v7e-m/nofp/crtend.o
LOAD D:/ST/STM32CubeCLT_1.18.0/GNU-tools-for-STM32/bin/../lib/gcc/arm-none-eabi/13.3.1/thumb/v7e-m/nofp/crtn.o
                0x20020000                        _estack = (ORIGIN (RAM) + LENGTH (RAM))
                0x00000200                        _Min_Heap_Size = 0x200
                0x00000400                        _Min_Stack_Size = 0x400

.isr_vector     0x08000000      0x188
                0x08000000                        . = ALIGN (0x4)
 *(.isr_vector)
 .isr_vector    0x08000000      0x188 CMakeFiles/YunTai.elf.dir/Core/Startup/startup_stm32f407ighx.s.obj
                0x08000000                g_pfnVectors
                0x08000188                        . = ALIGN (0x4)

.text           0x08000188     0x3e38
                0x08000188                        . = ALIGN (0x4)
 *(.text)
 .text          0x08000188       0x40 D:/ST/STM32CubeCLT_1.18.0/GNU-tools-for-STM32/bin/../lib/gcc/arm-none-eabi/13.3.1/thumb/v7e-m/nofp/crtbegin.o
 .text          0x080001c8      0x21c D:/ST/STM32CubeCLT_1.18.0/GNU-tools-for-STM32/bin/../lib/gcc/arm-none-eabi/13.3.1/thumb/v7e-m/nofp\libgcc.a(_arm_addsubsf3.o)
                0x080001c8                __aeabi_frsub
                0x080001d0                __subsf3
                0x080001d0                __aeabi_fsub
                0x080001d4                __aeabi_fadd
                0x080001d4                __addsf3
                0x08000334                __aeabi_ui2f
                0x08000334                __floatunsisf
                0x0800033c                __aeabi_i2f
                0x0800033c                __floatsisf
                0x08000358                __aeabi_ul2f
                0x08000358                __floatundisf
                0x08000368                __aeabi_l2f
                0x08000368                __floatdisf
 .text          0x080003e4      0x2a0 D:/ST/STM32CubeCLT_1.18.0/GNU-tools-for-STM32/bin/../lib/gcc/arm-none-eabi/13.3.1/thumb/v7e-m/nofp\libgcc.a(_arm_muldivsf3.o)
                0x080003e4                __mulsf3
                0x080003e4                __aeabi_fmul
                0x0800054c                __aeabi_fdiv
                0x0800054c                __divsf3
 .text          0x08000684       0xec D:/ST/STM32CubeCLT_1.18.0/GNU-tools-for-STM32/bin/../lib/gcc/arm-none-eabi/13.3.1/thumb/v7e-m/nofp\libgcc.a(_arm_cmpsf2.o)
                0x08000684                __gesf2
                0x08000684                __gtsf2
                0x0800068c                __lesf2
                0x0800068c                __ltsf2
                0x08000694                __nesf2
                0x08000694                __eqsf2
                0x08000694                __cmpsf2
                0x080006f4                __aeabi_cfrcmple
                0x080006fc                __aeabi_cfcmpeq
                0x080006fc                __aeabi_cfcmple
                0x0800070c                __aeabi_fcmpeq
                0x08000720                __aeabi_fcmplt
                0x08000734                __aeabi_fcmple
                0x08000748                __aeabi_fcmpge
                0x0800075c                __aeabi_fcmpgt
 .text          0x08000770       0x4c D:/ST/STM32CubeCLT_1.18.0/GNU-tools-for-STM32/bin/../lib/gcc/arm-none-eabi/13.3.1/thumb/v7e-m/nofp\libgcc.a(_arm_fixsfsi.o)
                0x08000770                __aeabi_f2iz
                0x08000770                __fixsfsi
 .text          0x080007bc       0x40 D:/ST/STM32CubeCLT_1.18.0/GNU-tools-for-STM32/bin/../lib/gcc/arm-none-eabi/13.3.1/thumb/v7e-m/nofp\libgcc.a(_arm_fixunssfsi.o)
                0x080007bc                __fixunssfsi
                0x080007bc                __aeabi_f2uiz
 .text          0x080007fc       0x30 D:/ST/STM32CubeCLT_1.18.0/GNU-tools-for-STM32/bin/../lib/gcc/arm-none-eabi/13.3.1/thumb/v7e-m/nofp\libgcc.a(_aeabi_uldivmod.o)
                0x080007fc                __aeabi_uldivmod
 .text          0x0800082c      0x2f8 D:/ST/STM32CubeCLT_1.18.0/GNU-tools-for-STM32/bin/../lib/gcc/arm-none-eabi/13.3.1/thumb/v7e-m/nofp\libgcc.a(_udivmoddi4.o)
                0x0800082c                __udivmoddi4
 .text          0x08000b24      0xa48 D:/ST/STM32CubeCLT_1.18.0/GNU-tools-for-STM32/bin/../lib/gcc/arm-none-eabi/13.3.1/thumb/v7e-m/nofp\libgcc.a(unwind-arm.o)
                0x08000de0                _Unwind_GetCFA
                0x08000de4                __gnu_Unwind_RaiseException
                0x08000e4c                __gnu_Unwind_ForcedUnwind
                0x08000e5c                __gnu_Unwind_Resume
                0x08000ea0                __gnu_Unwind_Resume_or_Rethrow
                0x08000eb0                _Unwind_Complete
                0x08000eb4                _Unwind_DeleteException
                0x08000ec0                _Unwind_VRS_Get
                0x08000f10                _Unwind_VRS_Set
                0x08000f5c                __gnu_Unwind_Backtrace
                0x08001284                __aeabi_unwind_cpp_pr0
                0x08001288                __aeabi_unwind_cpp_pr1
                0x0800128c                __aeabi_unwind_cpp_pr2
                0x08001290                _Unwind_VRS_Pop
 .text          0x0800156c      0x1ac D:/ST/STM32CubeCLT_1.18.0/GNU-tools-for-STM32/bin/../lib/gcc/arm-none-eabi/13.3.1/thumb/v7e-m/nofp\libgcc.a(libunwind.o)
                0x0800156c                __restore_core_regs
                0x0800156c                restore_core_regs
                0x08001584                __gnu_Unwind_Restore_VFP
                0x0800158c                __gnu_Unwind_Save_VFP
                0x08001594                __gnu_Unwind_Restore_VFP_D
                0x0800159c                __gnu_Unwind_Save_VFP_D
                0x080015a4                __gnu_Unwind_Restore_VFP_D_16_to_31
                0x080015ac                __gnu_Unwind_Save_VFP_D_16_to_31
                0x080015b4                __gnu_Unwind_Restore_WMMXD
                0x080015f8                __gnu_Unwind_Save_WMMXD
                0x0800163c                __gnu_Unwind_Restore_WMMXC
                0x08001650                __gnu_Unwind_Save_WMMXC
                0x08001664                ___Unwind_RaiseException
                0x08001664                _Unwind_RaiseException
                0x08001688                _Unwind_Resume
                0x08001688                ___Unwind_Resume
                0x080016ac                _Unwind_Resume_or_Rethrow
                0x080016ac                ___Unwind_Resume_or_Rethrow
                0x080016d0                _Unwind_ForcedUnwind
                0x080016d0                ___Unwind_ForcedUnwind
                0x080016f4                ___Unwind_Backtrace
                0x080016f4                _Unwind_Backtrace
 .text          0x08001718      0x3a0 D:/ST/STM32CubeCLT_1.18.0/GNU-tools-for-STM32/bin/../lib/gcc/arm-none-eabi/13.3.1/thumb/v7e-m/nofp\libgcc.a(pr-support.o)
                0x08001770                __gnu_unwind_execute
                0x08001a6c                __gnu_unwind_frame
                0x08001a98                _Unwind_GetRegionStart
                0x08001aa4                _Unwind_GetLanguageSpecificData
 .text          0x08001ab8        0x4 D:/ST/STM32CubeCLT_1.18.0/GNU-tools-for-STM32/bin/../lib/gcc/arm-none-eabi/13.3.1/thumb/v7e-m/nofp\libgcc.a(_dvmd_tls.o)
                0x08001ab8                __aeabi_idiv0
                0x08001ab8                __aeabi_ldiv0
 *(.text*)
 .text.MX_GPIO_Init
                0x08001abc      0x120 CMakeFiles/YunTai.elf.dir/Core/Src/gpio.c.obj
                0x08001abc                MX_GPIO_Init
 .text.Error_Handler
                0x08001bdc        0x4 CMakeFiles/YunTai.elf.dir/Core/Src/main.c.obj
                0x08001bdc                Error_Handler
 .text.SystemClock_Config
                0x08001be0       0xa4 CMakeFiles/YunTai.elf.dir/Core/Src/main.c.obj
                0x08001be0                SystemClock_Config
 .text.main     0x08001c84       0x2c CMakeFiles/YunTai.elf.dir/Core/Src/main.c.obj
                0x08001c84                main
 .text.HAL_MspInit
                0x08001cb0       0x38 CMakeFiles/YunTai.elf.dir/Core/Src/stm32f4xx_hal_msp.c.obj
                0x08001cb0                HAL_MspInit
 .text.NMI_Handler
                0x08001ce8        0x2 CMakeFiles/YunTai.elf.dir/Core/Src/stm32f4xx_it.c.obj
                0x08001ce8                NMI_Handler
 .text.HardFault_Handler
                0x08001cea        0x2 CMakeFiles/YunTai.elf.dir/Core/Src/stm32f4xx_it.c.obj
                0x08001cea                HardFault_Handler
 .text.MemManage_Handler
                0x08001cec        0x2 CMakeFiles/YunTai.elf.dir/Core/Src/stm32f4xx_it.c.obj
                0x08001cec                MemManage_Handler
 .text.BusFault_Handler
                0x08001cee        0x2 CMakeFiles/YunTai.elf.dir/Core/Src/stm32f4xx_it.c.obj
                0x08001cee                BusFault_Handler
 .text.UsageFault_Handler
                0x08001cf0        0x2 CMakeFiles/YunTai.elf.dir/Core/Src/stm32f4xx_it.c.obj
                0x08001cf0                UsageFault_Handler
 .text.SVC_Handler
                0x08001cf2        0x2 CMakeFiles/YunTai.elf.dir/Core/Src/stm32f4xx_it.c.obj
                0x08001cf2                SVC_Handler
 .text.DebugMon_Handler
                0x08001cf4        0x2 CMakeFiles/YunTai.elf.dir/Core/Src/stm32f4xx_it.c.obj
                0x08001cf4                DebugMon_Handler
 .text.PendSV_Handler
                0x08001cf6        0x2 CMakeFiles/YunTai.elf.dir/Core/Src/stm32f4xx_it.c.obj
                0x08001cf6                PendSV_Handler
 .text.SysTick_Handler
                0x08001cf8        0x8 CMakeFiles/YunTai.elf.dir/Core/Src/stm32f4xx_it.c.obj
                0x08001cf8                SysTick_Handler
 .text.TIM1_UP_TIM10_IRQHandler
                0x08001d00       0x10 CMakeFiles/YunTai.elf.dir/Core/Src/stm32f4xx_it.c.obj
                0x08001d00                TIM1_UP_TIM10_IRQHandler
 .text.TIM3_IRQHandler
                0x08001d10       0x10 CMakeFiles/YunTai.elf.dir/Core/Src/stm32f4xx_it.c.obj
                0x08001d10                TIM3_IRQHandler
 .text._getpid  0x08001d20        0x4 CMakeFiles/YunTai.elf.dir/Core/Src/syscalls.c.obj
                0x08001d20                _getpid
 .text._kill    0x08001d24       0x10 CMakeFiles/YunTai.elf.dir/Core/Src/syscalls.c.obj
                0x08001d24                _kill
 .text._exit    0x08001d34        0xc CMakeFiles/YunTai.elf.dir/Core/Src/syscalls.c.obj
                0x08001d34                _exit
 .text.SystemInit
                0x08001d40        0x2 CMakeFiles/YunTai.elf.dir/Core/Src/system_stm32f4xx.c.obj
                0x08001d40                SystemInit
 *fill*         0x08001d42        0x2 
 .text.HAL_TIM_Base_MspInit
                0x08001d44       0x98 CMakeFiles/YunTai.elf.dir/Core/Src/tim.c.obj
                0x08001d44                HAL_TIM_Base_MspInit
 .text.HAL_TIM_MspPostInit
                0x08001ddc       0xd0 CMakeFiles/YunTai.elf.dir/Core/Src/tim.c.obj
                0x08001ddc                HAL_TIM_MspPostInit
 .text.MX_TIM1_Init
                0x08001eac       0xe8 CMakeFiles/YunTai.elf.dir/Core/Src/tim.c.obj
                0x08001eac                MX_TIM1_Init
 .text.MX_TIM3_Init
                0x08001f94       0xb0 CMakeFiles/YunTai.elf.dir/Core/Src/tim.c.obj
                0x08001f94                MX_TIM3_Init
 .text.MX_TIM8_Init
                0x08002044       0xe8 CMakeFiles/YunTai.elf.dir/Core/Src/tim.c.obj
                0x08002044                MX_TIM8_Init
 .text.MX_USART1_UART_Init
                0x0800212c       0x34 CMakeFiles/YunTai.elf.dir/Core/Src/usart.c.obj
                0x0800212c                MX_USART1_UART_Init
 .text.MX_USART6_UART_Init
                0x08002160       0x34 CMakeFiles/YunTai.elf.dir/Core/Src/usart.c.obj
                0x08002160                MX_USART6_UART_Init
 .text.HAL_UART_MspInit
                0x08002194       0xc8 CMakeFiles/YunTai.elf.dir/Core/Src/usart.c.obj
                0x08002194                HAL_UART_MspInit
 .text.Reset_Handler
                0x0800225c       0x50 CMakeFiles/YunTai.elf.dir/Core/Startup/startup_stm32f407ighx.s.obj
                0x0800225c                Reset_Handler
 .text.Default_Handler
                0x080022ac        0x2 CMakeFiles/YunTai.elf.dir/Core/Startup/startup_stm32f407ighx.s.obj
                0x080022ac                RTC_Alarm_IRQHandler
                0x080022ac                HASH_RNG_IRQHandler
                0x080022ac                EXTI2_IRQHandler
                0x080022ac                TIM8_CC_IRQHandler
                0x080022ac                TIM1_CC_IRQHandler
                0x080022ac                DMA2_Stream5_IRQHandler
                0x080022ac                DMA1_Stream5_IRQHandler
                0x080022ac                PVD_IRQHandler
                0x080022ac                SDIO_IRQHandler
                0x080022ac                TAMP_STAMP_IRQHandler
                0x080022ac                CAN2_RX1_IRQHandler
                0x080022ac                EXTI3_IRQHandler
                0x080022ac                TIM8_TRG_COM_TIM14_IRQHandler
                0x080022ac                TIM8_UP_TIM13_IRQHandler
                0x080022ac                I2C3_ER_IRQHandler
                0x080022ac                EXTI0_IRQHandler
                0x080022ac                I2C2_EV_IRQHandler
                0x080022ac                DMA1_Stream2_IRQHandler
                0x080022ac                CAN1_RX0_IRQHandler
                0x080022ac                FPU_IRQHandler
                0x080022ac                OTG_HS_WKUP_IRQHandler
                0x080022ac                CAN2_SCE_IRQHandler
                0x080022ac                DMA2_Stream2_IRQHandler
                0x080022ac                SPI1_IRQHandler
                0x080022ac                TIM6_DAC_IRQHandler
                0x080022ac                TIM1_BRK_TIM9_IRQHandler
                0x080022ac                DCMI_IRQHandler
                0x080022ac                CAN2_RX0_IRQHandler
                0x080022ac                DMA2_Stream3_IRQHandler
                0x080022ac                USART6_IRQHandler
                0x080022ac                USART3_IRQHandler
                0x080022ac                CAN1_RX1_IRQHandler
                0x080022ac                UART5_IRQHandler
                0x080022ac                DMA2_Stream0_IRQHandler
                0x080022ac                TIM4_IRQHandler
                0x080022ac                I2C1_EV_IRQHandler
                0x080022ac                DMA1_Stream6_IRQHandler
                0x080022ac                DMA1_Stream1_IRQHandler
                0x080022ac                UART4_IRQHandler
                0x080022ac                RCC_IRQHandler
                0x080022ac                TIM8_BRK_TIM12_IRQHandler
                0x080022ac                Default_Handler
                0x080022ac                EXTI15_10_IRQHandler
                0x080022ac                ADC_IRQHandler
                0x080022ac                DMA1_Stream7_IRQHandler
                0x080022ac                TIM7_IRQHandler
                0x080022ac                CAN2_TX_IRQHandler
                0x080022ac                TIM5_IRQHandler
                0x080022ac                DMA2_Stream7_IRQHandler
                0x080022ac                I2C3_EV_IRQHandler
                0x080022ac                EXTI9_5_IRQHandler
                0x080022ac                RTC_WKUP_IRQHandler
                0x080022ac                ETH_WKUP_IRQHandler
                0x080022ac                SPI2_IRQHandler
                0x080022ac                OTG_HS_EP1_IN_IRQHandler
                0x080022ac                DMA1_Stream0_IRQHandler
                0x080022ac                CAN1_TX_IRQHandler
                0x080022ac                EXTI4_IRQHandler
                0x080022ac                FSMC_IRQHandler
                0x080022ac                ETH_IRQHandler
                0x080022ac                OTG_HS_EP1_OUT_IRQHandler
                0x080022ac                WWDG_IRQHandler
                0x080022ac                TIM2_IRQHandler
                0x080022ac                OTG_FS_WKUP_IRQHandler
                0x080022ac                TIM1_TRG_COM_TIM11_IRQHandler
                0x080022ac                OTG_HS_IRQHandler
                0x080022ac                EXTI1_IRQHandler
                0x080022ac                USART2_IRQHandler
                0x080022ac                I2C2_ER_IRQHandler
                0x080022ac                DMA2_Stream1_IRQHandler
                0x080022ac                CAN1_SCE_IRQHandler
                0x080022ac                FLASH_IRQHandler
                0x080022ac                DMA2_Stream4_IRQHandler
                0x080022ac                USART1_IRQHandler
                0x080022ac                OTG_FS_IRQHandler
                0x080022ac                SPI3_IRQHandler
                0x080022ac                DMA1_Stream4_IRQHandler
                0x080022ac                I2C1_ER_IRQHandler
                0x080022ac                DMA2_Stream6_IRQHandler
                0x080022ac                DMA1_Stream3_IRQHandler
 *fill*         0x080022ae        0x2 
 .text.HAL_InitTick
                0x080022b0       0x4c CMakeFiles/YunTai.elf.dir/Drivers/STM32F4xx_HAL_Driver/Src/stm32f4xx_hal.c.obj
                0x080022b0                HAL_InitTick
 .text.HAL_Init
                0x080022fc       0x34 CMakeFiles/YunTai.elf.dir/Drivers/STM32F4xx_HAL_Driver/Src/stm32f4xx_hal.c.obj
                0x080022fc                HAL_Init
 .text.HAL_IncTick
                0x08002330       0x18 CMakeFiles/YunTai.elf.dir/Drivers/STM32F4xx_HAL_Driver/Src/stm32f4xx_hal.c.obj
                0x08002330                HAL_IncTick
 .text.HAL_GetTick
                0x08002348        0xc CMakeFiles/YunTai.elf.dir/Drivers/STM32F4xx_HAL_Driver/Src/stm32f4xx_hal.c.obj
                0x08002348                HAL_GetTick
 .text.HAL_Delay
                0x08002354       0x28 CMakeFiles/YunTai.elf.dir/Drivers/STM32F4xx_HAL_Driver/Src/stm32f4xx_hal.c.obj
                0x08002354                HAL_Delay
 .text.__NVIC_EnableIRQ
                0x0800237c       0x1c CMakeFiles/YunTai.elf.dir/Drivers/STM32F4xx_HAL_Driver/Src/stm32f4xx_hal_cortex.c.obj
 .text.__NVIC_SetPriority
                0x08002398       0x28 CMakeFiles/YunTai.elf.dir/Drivers/STM32F4xx_HAL_Driver/Src/stm32f4xx_hal_cortex.c.obj
 .text.NVIC_EncodePriority
                0x080023c0       0x3e CMakeFiles/YunTai.elf.dir/Drivers/STM32F4xx_HAL_Driver/Src/stm32f4xx_hal_cortex.c.obj
 *fill*         0x080023fe        0x2 
 .text.HAL_NVIC_SetPriorityGrouping
                0x08002400       0x24 CMakeFiles/YunTai.elf.dir/Drivers/STM32F4xx_HAL_Driver/Src/stm32f4xx_hal_cortex.c.obj
                0x08002400                HAL_NVIC_SetPriorityGrouping
 .text.HAL_NVIC_SetPriority
                0x08002424       0x20 CMakeFiles/YunTai.elf.dir/Drivers/STM32F4xx_HAL_Driver/Src/stm32f4xx_hal_cortex.c.obj
                0x08002424                HAL_NVIC_SetPriority
 .text.HAL_NVIC_EnableIRQ
                0x08002444        0x8 CMakeFiles/YunTai.elf.dir/Drivers/STM32F4xx_HAL_Driver/Src/stm32f4xx_hal_cortex.c.obj
                0x08002444                HAL_NVIC_EnableIRQ
 .text.HAL_SYSTICK_Config
                0x0800244c       0x28 CMakeFiles/YunTai.elf.dir/Drivers/STM32F4xx_HAL_Driver/Src/stm32f4xx_hal_cortex.c.obj
                0x0800244c                HAL_SYSTICK_Config
 .text.HAL_GPIO_Init
                0x08002474      0x1f4 CMakeFiles/YunTai.elf.dir/Drivers/STM32F4xx_HAL_Driver/Src/stm32f4xx_hal_gpio.c.obj
                0x08002474                HAL_GPIO_Init
 .text.HAL_GPIO_WritePin
                0x08002668        0xc CMakeFiles/YunTai.elf.dir/Drivers/STM32F4xx_HAL_Driver/Src/stm32f4xx_hal_gpio.c.obj
                0x08002668                HAL_GPIO_WritePin
 .text.HAL_GPIO_TogglePin
                0x08002674       0x12 CMakeFiles/YunTai.elf.dir/Drivers/STM32F4xx_HAL_Driver/Src/stm32f4xx_hal_gpio.c.obj
                0x08002674                HAL_GPIO_TogglePin
 *fill*         0x08002686        0x2 
 .text.HAL_RCC_OscConfig
                0x08002688      0x3f8 CMakeFiles/YunTai.elf.dir/Drivers/STM32F4xx_HAL_Driver/Src/stm32f4xx_hal_rcc.c.obj
                0x08002688                HAL_RCC_OscConfig
 .text.HAL_RCC_GetSysClockFreq
                0x08002a80       0xa8 CMakeFiles/YunTai.elf.dir/Drivers/STM32F4xx_HAL_Driver/Src/stm32f4xx_hal_rcc.c.obj
                0x08002a80                HAL_RCC_GetSysClockFreq
 .text.HAL_RCC_ClockConfig
                0x08002b28      0x160 CMakeFiles/YunTai.elf.dir/Drivers/STM32F4xx_HAL_Driver/Src/stm32f4xx_hal_rcc.c.obj
                0x08002b28                HAL_RCC_ClockConfig
 .text.HAL_RCC_GetHCLKFreq
                0x08002c88        0xc CMakeFiles/YunTai.elf.dir/Drivers/STM32F4xx_HAL_Driver/Src/stm32f4xx_hal_rcc.c.obj
                0x08002c88                HAL_RCC_GetHCLKFreq
 .text.HAL_RCC_GetPCLK1Freq
                0x08002c94       0x20 CMakeFiles/YunTai.elf.dir/Drivers/STM32F4xx_HAL_Driver/Src/stm32f4xx_hal_rcc.c.obj
                0x08002c94                HAL_RCC_GetPCLK1Freq
 .text.HAL_RCC_GetPCLK2Freq
                0x08002cb4       0x20 CMakeFiles/YunTai.elf.dir/Drivers/STM32F4xx_HAL_Driver/Src/stm32f4xx_hal_rcc.c.obj
                0x08002cb4                HAL_RCC_GetPCLK2Freq
 .text.TIM_OC1_SetConfig
                0x08002cd4       0x70 CMakeFiles/YunTai.elf.dir/Drivers/STM32F4xx_HAL_Driver/Src/stm32f4xx_hal_tim.c.obj
 .text.TIM_OC3_SetConfig
                0x08002d44       0x70 CMakeFiles/YunTai.elf.dir/Drivers/STM32F4xx_HAL_Driver/Src/stm32f4xx_hal_tim.c.obj
 .text.TIM_OC4_SetConfig
                0x08002db4       0x50 CMakeFiles/YunTai.elf.dir/Drivers/STM32F4xx_HAL_Driver/Src/stm32f4xx_hal_tim.c.obj
 .text.TIM_TI1_ConfigInputStage
                0x08002e04       0x24 CMakeFiles/YunTai.elf.dir/Drivers/STM32F4xx_HAL_Driver/Src/stm32f4xx_hal_tim.c.obj
 .text.TIM_TI2_ConfigInputStage
                0x08002e28       0x26 CMakeFiles/YunTai.elf.dir/Drivers/STM32F4xx_HAL_Driver/Src/stm32f4xx_hal_tim.c.obj
 .text.TIM_ITRx_SetConfig
                0x08002e4e       0x10 CMakeFiles/YunTai.elf.dir/Drivers/STM32F4xx_HAL_Driver/Src/stm32f4xx_hal_tim.c.obj
 .text.HAL_TIM_OC_MspInit
                0x08002e5e        0x2 CMakeFiles/YunTai.elf.dir/Drivers/STM32F4xx_HAL_Driver/Src/stm32f4xx_hal_tim.c.obj
                0x08002e5e                HAL_TIM_OC_MspInit
 .text.HAL_TIM_PWM_MspInit
                0x08002e60        0x2 CMakeFiles/YunTai.elf.dir/Drivers/STM32F4xx_HAL_Driver/Src/stm32f4xx_hal_tim.c.obj
                0x08002e60                HAL_TIM_PWM_MspInit
 .text.HAL_TIM_PeriodElapsedCallback
                0x08002e62        0x2 CMakeFiles/YunTai.elf.dir/Drivers/STM32F4xx_HAL_Driver/Src/stm32f4xx_hal_tim.c.obj
                0x08002e62                HAL_TIM_PeriodElapsedCallback
 .text.HAL_TIM_OC_DelayElapsedCallback
                0x08002e64        0x2 CMakeFiles/YunTai.elf.dir/Drivers/STM32F4xx_HAL_Driver/Src/stm32f4xx_hal_tim.c.obj
                0x08002e64                HAL_TIM_OC_DelayElapsedCallback
 .text.HAL_TIM_IC_CaptureCallback
                0x08002e66        0x2 CMakeFiles/YunTai.elf.dir/Drivers/STM32F4xx_HAL_Driver/Src/stm32f4xx_hal_tim.c.obj
                0x08002e66                HAL_TIM_IC_CaptureCallback
 .text.HAL_TIM_TriggerCallback
                0x08002e68        0x2 CMakeFiles/YunTai.elf.dir/Drivers/STM32F4xx_HAL_Driver/Src/stm32f4xx_hal_tim.c.obj
                0x08002e68                HAL_TIM_TriggerCallback
 .text.HAL_TIM_IRQHandler
                0x08002e6a      0x15e CMakeFiles/YunTai.elf.dir/Drivers/STM32F4xx_HAL_Driver/Src/stm32f4xx_hal_tim.c.obj
                0x08002e6a                HAL_TIM_IRQHandler
 .text.TIM_Base_SetConfig
                0x08002fc8       0xd0 CMakeFiles/YunTai.elf.dir/Drivers/STM32F4xx_HAL_Driver/Src/stm32f4xx_hal_tim.c.obj
                0x08002fc8                TIM_Base_SetConfig
 .text.HAL_TIM_Base_Init
                0x08003098       0x58 CMakeFiles/YunTai.elf.dir/Drivers/STM32F4xx_HAL_Driver/Src/stm32f4xx_hal_tim.c.obj
                0x08003098                HAL_TIM_Base_Init
 .text.HAL_TIM_OC_Init
                0x080030f0       0x58 CMakeFiles/YunTai.elf.dir/Drivers/STM32F4xx_HAL_Driver/Src/stm32f4xx_hal_tim.c.obj
                0x080030f0                HAL_TIM_OC_Init
 .text.HAL_TIM_PWM_Init
                0x08003148       0x58 CMakeFiles/YunTai.elf.dir/Drivers/STM32F4xx_HAL_Driver/Src/stm32f4xx_hal_tim.c.obj
                0x08003148                HAL_TIM_PWM_Init
 .text.TIM_OC2_SetConfig
                0x080031a0       0x70 CMakeFiles/YunTai.elf.dir/Drivers/STM32F4xx_HAL_Driver/Src/stm32f4xx_hal_tim.c.obj
                0x080031a0                TIM_OC2_SetConfig
 .text.HAL_TIM_OC_ConfigChannel
                0x08003210       0x5e CMakeFiles/YunTai.elf.dir/Drivers/STM32F4xx_HAL_Driver/Src/stm32f4xx_hal_tim.c.obj
                0x08003210                HAL_TIM_OC_ConfigChannel
 .text.HAL_TIM_PWM_ConfigChannel
                0x0800326e       0xdc CMakeFiles/YunTai.elf.dir/Drivers/STM32F4xx_HAL_Driver/Src/stm32f4xx_hal_tim.c.obj
                0x0800326e                HAL_TIM_PWM_ConfigChannel
 .text.TIM_ETR_SetConfig
                0x0800334a       0x18 CMakeFiles/YunTai.elf.dir/Drivers/STM32F4xx_HAL_Driver/Src/stm32f4xx_hal_tim.c.obj
                0x0800334a                TIM_ETR_SetConfig
 .text.HAL_TIM_ConfigClockSource
                0x08003362       0xfe CMakeFiles/YunTai.elf.dir/Drivers/STM32F4xx_HAL_Driver/Src/stm32f4xx_hal_tim.c.obj
                0x08003362                HAL_TIM_ConfigClockSource
 .text.TIM_CCxChannelCmd
                0x08003460       0x1e CMakeFiles/YunTai.elf.dir/Drivers/STM32F4xx_HAL_Driver/Src/stm32f4xx_hal_tim.c.obj
                0x08003460                TIM_CCxChannelCmd
 *fill*         0x0800347e        0x2 
 .text.HAL_TIM_PWM_Start
                0x08003480      0x104 CMakeFiles/YunTai.elf.dir/Drivers/STM32F4xx_HAL_Driver/Src/stm32f4xx_hal_tim.c.obj
                0x08003480                HAL_TIM_PWM_Start
 .text.HAL_TIM_PWM_Stop
                0x08003584       0x8c CMakeFiles/YunTai.elf.dir/Drivers/STM32F4xx_HAL_Driver/Src/stm32f4xx_hal_tim.c.obj
                0x08003584                HAL_TIM_PWM_Stop
 .text.HAL_TIM_PWM_Start_IT
                0x08003610      0x174 CMakeFiles/YunTai.elf.dir/Drivers/STM32F4xx_HAL_Driver/Src/stm32f4xx_hal_tim.c.obj
                0x08003610                HAL_TIM_PWM_Start_IT
 .text.HAL_TIM_PWM_Stop_IT
                0x08003784       0xdc CMakeFiles/YunTai.elf.dir/Drivers/STM32F4xx_HAL_Driver/Src/stm32f4xx_hal_tim.c.obj
                0x08003784                HAL_TIM_PWM_Stop_IT
 .text.HAL_TIMEx_MasterConfigSynchronization
                0x08003860       0x8c CMakeFiles/YunTai.elf.dir/Drivers/STM32F4xx_HAL_Driver/Src/stm32f4xx_hal_tim_ex.c.obj
                0x08003860                HAL_TIMEx_MasterConfigSynchronization
 .text.HAL_TIMEx_ConfigBreakDeadTime
                0x080038ec       0x52 CMakeFiles/YunTai.elf.dir/Drivers/STM32F4xx_HAL_Driver/Src/stm32f4xx_hal_tim_ex.c.obj
                0x080038ec                HAL_TIMEx_ConfigBreakDeadTime
 .text.HAL_TIMEx_CommutCallback
                0x0800393e        0x2 CMakeFiles/YunTai.elf.dir/Drivers/STM32F4xx_HAL_Driver/Src/stm32f4xx_hal_tim_ex.c.obj
                0x0800393e                HAL_TIMEx_CommutCallback
 .text.HAL_TIMEx_BreakCallback
                0x08003940        0x2 CMakeFiles/YunTai.elf.dir/Drivers/STM32F4xx_HAL_Driver/Src/stm32f4xx_hal_tim_ex.c.obj
                0x08003940                HAL_TIMEx_BreakCallback
 *fill*         0x08003942        0x2 
 .text.UART_SetConfig
                0x08003944      0x110 CMakeFiles/YunTai.elf.dir/Drivers/STM32F4xx_HAL_Driver/Src/stm32f4xx_hal_uart.c.obj
 .text.HAL_UART_Init
                0x08003a54       0x60 CMakeFiles/YunTai.elf.dir/Drivers/STM32F4xx_HAL_Driver/Src/stm32f4xx_hal_uart.c.obj
                0x08003a54                HAL_UART_Init
 .text.LED_R_ON
                0x08003ab4       0x14 CMakeFiles/YunTai.elf.dir/Lib/Src/LED.cpp.obj
                0x08003ab4                LED_R_ON
 .text.LED_R_OFF
                0x08003ac8       0x14 CMakeFiles/YunTai.elf.dir/Lib/Src/LED.cpp.obj
                0x08003ac8                LED_R_OFF
 .text._ZN10StepMotorCC2EP17TIM_HandleTypeDefmP12GPIO_TypeDeftS3_t
                0x08003adc       0x74 CMakeFiles/YunTai.elf.dir/Lib/Src/step_motor.cpp.obj
                0x08003adc                StepMotorC::StepMotorC(TIM_HandleTypeDef*, unsigned long, GPIO_TypeDef*, unsigned short, GPIO_TypeDef*, unsigned short)
                0x08003adc                StepMotorC::StepMotorC(TIM_HandleTypeDef*, unsigned long, GPIO_TypeDef*, unsigned short, GPIO_TypeDef*, unsigned short)
 .text._Z41__static_initialization_and_destruction_0v
                0x08003b50       0x4c CMakeFiles/YunTai.elf.dir/Lib/Src/step_motor.cpp.obj
 .text._ZN10StepMotorC5StartEv
                0x08003b9c       0x1a CMakeFiles/YunTai.elf.dir/Lib/Src/step_motor.cpp.obj
                0x08003b9c                StepMotorC::Start()
 .text._ZN10StepMotorC4StopEv
                0x08003bb6       0x1a CMakeFiles/YunTai.elf.dir/Lib/Src/step_motor.cpp.obj
                0x08003bb6                StepMotorC::Stop()
 .text._ZN10StepMotorC4TurnEa
                0x08003bd0       0x2a CMakeFiles/YunTai.elf.dir/Lib/Src/step_motor.cpp.obj
                0x08003bd0                StepMotorC::Turn(signed char)
 .text._ZN10StepMotorC8SetSpeedEf
                0x08003bfa       0xa0 CMakeFiles/YunTai.elf.dir/Lib/Src/step_motor.cpp.obj
                0x08003bfa                StepMotorC::SetSpeed(float)
 .text._ZN10StepMotorC19UpdateAngleCallbackEv
                0x08003c9a       0x5a CMakeFiles/YunTai.elf.dir/Lib/Src/step_motor.cpp.obj
                0x08003c9a                StepMotorC::UpdateAngleCallback()
 .text.HAL_TIM_PWM_PulseFinishedCallback
                0x08003cf4       0x34 CMakeFiles/YunTai.elf.dir/Lib/Src/step_motor.cpp.obj
                0x08003cf4                HAL_TIM_PWM_PulseFinishedCallback
 .text._GLOBAL__sub_I__ZN10StepMotorCC2EP17TIM_HandleTypeDefmP12GPIO_TypeDeftS3_t
                0x08003d28        0x8 CMakeFiles/YunTai.elf.dir/Lib/Src/step_motor.cpp.obj
 .text.User_Init
                0x08003d30       0x40 CMakeFiles/YunTai.elf.dir/User/Src/User_main.cpp.obj
                0x08003d30                User_Init
 .text.User_Loop
                0x08003d70       0x54 CMakeFiles/YunTai.elf.dir/User/Src/User_main.cpp.obj
                0x08003d70                User_Loop
 .text.abort    0x08003dc4        0xe D:/ST/STM32CubeCLT_1.18.0/GNU-tools-for-STM32/bin/../lib/gcc/arm-none-eabi/13.3.1/../../../../arm-none-eabi/lib/thumb/v7e-m/nofp\libg.a(libc_a-abort.o)
                0x08003dc4                abort
 .text.memset   0x08003dd2       0x10 D:/ST/STM32CubeCLT_1.18.0/GNU-tools-for-STM32/bin/../lib/gcc/arm-none-eabi/13.3.1/../../../../arm-none-eabi/lib/thumb/v7e-m/nofp\libg.a(libc_a-memset.o)
                0x08003dd2                memset
 .text._raise_r
                0x08003de2       0x52 D:/ST/STM32CubeCLT_1.18.0/GNU-tools-for-STM32/bin/../lib/gcc/arm-none-eabi/13.3.1/../../../../arm-none-eabi/lib/thumb/v7e-m/nofp\libg.a(libc_a-signal.o)
                0x08003de2                _raise_r
 .text.raise    0x08003e34       0x10 D:/ST/STM32CubeCLT_1.18.0/GNU-tools-for-STM32/bin/../lib/gcc/arm-none-eabi/13.3.1/../../../../arm-none-eabi/lib/thumb/v7e-m/nofp\libg.a(libc_a-signal.o)
                0x08003e34                raise
 .text._kill_r  0x08003e44       0x24 D:/ST/STM32CubeCLT_1.18.0/GNU-tools-for-STM32/bin/../lib/gcc/arm-none-eabi/13.3.1/../../../../arm-none-eabi/lib/thumb/v7e-m/nofp\libg.a(libc_a-signalr.o)
                0x08003e44                _kill_r
 .text._getpid_r
                0x08003e68        0x4 D:/ST/STM32CubeCLT_1.18.0/GNU-tools-for-STM32/bin/../lib/gcc/arm-none-eabi/13.3.1/../../../../arm-none-eabi/lib/thumb/v7e-m/nofp\libg.a(libc_a-signalr.o)
                0x08003e68                _getpid_r
 .text.__errno  0x08003e6c        0xc D:/ST/STM32CubeCLT_1.18.0/GNU-tools-for-STM32/bin/../lib/gcc/arm-none-eabi/13.3.1/../../../../arm-none-eabi/lib/thumb/v7e-m/nofp\libg.a(libc_a-errno.o)
                0x08003e6c                __errno
 .text.__libc_init_array
                0x08003e78       0x48 D:/ST/STM32CubeCLT_1.18.0/GNU-tools-for-STM32/bin/../lib/gcc/arm-none-eabi/13.3.1/../../../../arm-none-eabi/lib/thumb/v7e-m/nofp\libg.a(libc_a-init.o)
                0x08003e78                __libc_init_array
 .text.__retarget_lock_acquire_recursive
                0x08003ec0        0x2 D:/ST/STM32CubeCLT_1.18.0/GNU-tools-for-STM32/bin/../lib/gcc/arm-none-eabi/13.3.1/../../../../arm-none-eabi/lib/thumb/v7e-m/nofp\libg.a(libc_a-lock.o)
                0x08003ec0                __retarget_lock_acquire_recursive
 .text.__retarget_lock_release_recursive
                0x08003ec2        0x2 D:/ST/STM32CubeCLT_1.18.0/GNU-tools-for-STM32/bin/../lib/gcc/arm-none-eabi/13.3.1/../../../../arm-none-eabi/lib/thumb/v7e-m/nofp\libg.a(libc_a-lock.o)
                0x08003ec2                __retarget_lock_release_recursive
 .text.memcpy   0x08003ec4       0x1c D:/ST/STM32CubeCLT_1.18.0/GNU-tools-for-STM32/bin/../lib/gcc/arm-none-eabi/13.3.1/../../../../arm-none-eabi/lib/thumb/v7e-m/nofp\libg.a(libc_a-memcpy-stub.o)
                0x08003ec4                memcpy
 .text.startup.register_fini
                0x08003ee0       0x14 D:/ST/STM32CubeCLT_1.18.0/GNU-tools-for-STM32/bin/../lib/gcc/arm-none-eabi/13.3.1/../../../../arm-none-eabi/lib/thumb/v7e-m/nofp\libg.a(libc_a-__call_atexit.o)
 .text.atexit   0x08003ef4        0xc D:/ST/STM32CubeCLT_1.18.0/GNU-tools-for-STM32/bin/../lib/gcc/arm-none-eabi/13.3.1/../../../../arm-none-eabi/lib/thumb/v7e-m/nofp\libg.a(libc_a-atexit.o)
                0x08003ef4                atexit
 .text.__libc_fini_array
                0x08003f00       0x28 D:/ST/STM32CubeCLT_1.18.0/GNU-tools-for-STM32/bin/../lib/gcc/arm-none-eabi/13.3.1/../../../../arm-none-eabi/lib/thumb/v7e-m/nofp\libg.a(libc_a-fini.o)
                0x08003f00                __libc_fini_array
 .text.__register_exitproc
                0x08003f28       0x80 D:/ST/STM32CubeCLT_1.18.0/GNU-tools-for-STM32/bin/../lib/gcc/arm-none-eabi/13.3.1/../../../../arm-none-eabi/lib/thumb/v7e-m/nofp\libg.a(libc_a-__atexit.o)
                0x08003f28                __register_exitproc
 *(.glue_7)
 .glue_7        0x08003fa8        0x0 linker stubs
 *(.glue_7t)
 .glue_7t       0x08003fa8        0x0 linker stubs
 *(.eh_frame)
 .eh_frame      0x08003fa8        0x0 D:/ST/STM32CubeCLT_1.18.0/GNU-tools-for-STM32/bin/../lib/gcc/arm-none-eabi/13.3.1/thumb/v7e-m/nofp/crtbegin.o
 *(.init)
 .init          0x08003fa8        0x4 D:/ST/STM32CubeCLT_1.18.0/GNU-tools-for-STM32/bin/../lib/gcc/arm-none-eabi/13.3.1/thumb/v7e-m/nofp/crti.o
                0x08003fa8                _init
 .init          0x08003fac        0x8 D:/ST/STM32CubeCLT_1.18.0/GNU-tools-for-STM32/bin/../lib/gcc/arm-none-eabi/13.3.1/thumb/v7e-m/nofp/crtn.o
 *(.fini)
 .fini          0x08003fb4        0x4 D:/ST/STM32CubeCLT_1.18.0/GNU-tools-for-STM32/bin/../lib/gcc/arm-none-eabi/13.3.1/thumb/v7e-m/nofp/crti.o
                0x08003fb4                _fini
 .fini          0x08003fb8        0x8 D:/ST/STM32CubeCLT_1.18.0/GNU-tools-for-STM32/bin/../lib/gcc/arm-none-eabi/13.3.1/thumb/v7e-m/nofp/crtn.o
                0x08003fc0                        . = ALIGN (0x4)
                0x08003fc0                        _etext = .

.vfp11_veneer   0x08003fc0        0x0
 .vfp11_veneer  0x08003fc0        0x0 linker stubs

.v4_bx          0x08003fc0        0x0
 .v4_bx         0x08003fc0        0x0 linker stubs

.iplt           0x08003fc0        0x0
 .iplt          0x08003fc0        0x0 D:/ST/STM32CubeCLT_1.18.0/GNU-tools-for-STM32/bin/../lib/gcc/arm-none-eabi/13.3.1/thumb/v7e-m/nofp/crtbegin.o

.rodata         0x08003fc0       0x18
                0x08003fc0                        . = ALIGN (0x4)
 *(.rodata)
 *(.rodata*)
 .rodata.APBPrescTable
                0x08003fc0        0x8 CMakeFiles/YunTai.elf.dir/Core/Src/system_stm32f4xx.c.obj
                0x08003fc0                APBPrescTable
 .rodata.AHBPrescTable
                0x08003fc8       0x10 CMakeFiles/YunTai.elf.dir/Core/Src/system_stm32f4xx.c.obj
                0x08003fc8                AHBPrescTable
                0x08003fd8                        . = ALIGN (0x4)

.ARM.extab      0x08003fd8       0x54
                0x08003fd8                        . = ALIGN (0x4)
 *(.ARM.extab* .gnu.linkonce.armextab.*)
 .ARM.extab.text.LED_R_ON
                0x08003fd8        0xc CMakeFiles/YunTai.elf.dir/Lib/Src/LED.cpp.obj
 .ARM.extab.text.LED_R_OFF
                0x08003fe4        0xc CMakeFiles/YunTai.elf.dir/Lib/Src/LED.cpp.obj
 .ARM.extab.text._ZN10StepMotorC4TurnEa
                0x08003ff0        0xc CMakeFiles/YunTai.elf.dir/Lib/Src/step_motor.cpp.obj
 .ARM.extab.text.HAL_TIM_PWM_PulseFinishedCallback
                0x08003ffc        0xc CMakeFiles/YunTai.elf.dir/Lib/Src/step_motor.cpp.obj
 .ARM.extab.text.User_Init
                0x08004008        0xc CMakeFiles/YunTai.elf.dir/User/Src/User_main.cpp.obj
 .ARM.extab     0x08004014       0x18 D:/ST/STM32CubeCLT_1.18.0/GNU-tools-for-STM32/bin/../lib/gcc/arm-none-eabi/13.3.1/thumb/v7e-m/nofp\libgcc.a(pr-support.o)
                0x0800402c                        . = ALIGN (0x4)

.ARM            0x0800402c      0x118
                0x0800402c                        . = ALIGN (0x4)
                0x0800402c                        __exidx_start = .
 *(.ARM.exidx*)
 .ARM.exidx     0x0800402c        0x8 D:/ST/STM32CubeCLT_1.18.0/GNU-tools-for-STM32/bin/../lib/gcc/arm-none-eabi/13.3.1/thumb/v7e-m/nofp\libgcc.a(_udivmoddi4.o)
 .ARM.exidx     0x08004034       0x78 D:/ST/STM32CubeCLT_1.18.0/GNU-tools-for-STM32/bin/../lib/gcc/arm-none-eabi/13.3.1/thumb/v7e-m/nofp\libgcc.a(unwind-arm.o)
                                 0xd8 (size before relaxing)
 .ARM.exidx     0x080040ac       0x38 D:/ST/STM32CubeCLT_1.18.0/GNU-tools-for-STM32/bin/../lib/gcc/arm-none-eabi/13.3.1/thumb/v7e-m/nofp\libgcc.a(pr-support.o)
 .ARM.exidx.text.LED_R_ON
                0x080040e4        0x8 CMakeFiles/YunTai.elf.dir/Lib/Src/LED.cpp.obj
 .ARM.exidx.text.LED_R_OFF
                0x080040ec        0x8 CMakeFiles/YunTai.elf.dir/Lib/Src/LED.cpp.obj
 .ARM.exidx.text._ZN10StepMotorCC2EP17TIM_HandleTypeDefmP12GPIO_TypeDeftS3_t
                0x080040f4        0x8 CMakeFiles/YunTai.elf.dir/Lib/Src/step_motor.cpp.obj
 .ARM.exidx.text._Z41__static_initialization_and_destruction_0v
                0x080040fc        0x0 CMakeFiles/YunTai.elf.dir/Lib/Src/step_motor.cpp.obj
                                  0x8 (size before relaxing)
 .ARM.exidx.text._ZN10StepMotorC5StartEv
                0x080040fc        0x8 CMakeFiles/YunTai.elf.dir/Lib/Src/step_motor.cpp.obj
 .ARM.exidx.text._ZN10StepMotorC4StopEv
                0x08004104        0x0 CMakeFiles/YunTai.elf.dir/Lib/Src/step_motor.cpp.obj
                                  0x8 (size before relaxing)
 .ARM.exidx.text._ZN10StepMotorC4TurnEa
                0x08004104        0x8 CMakeFiles/YunTai.elf.dir/Lib/Src/step_motor.cpp.obj
 .ARM.exidx.text._ZN10StepMotorC8SetSpeedEf
                0x0800410c        0x8 CMakeFiles/YunTai.elf.dir/Lib/Src/step_motor.cpp.obj
 .ARM.exidx.text._ZN10StepMotorC19UpdateAngleCallbackEv
                0x08004114        0x8 CMakeFiles/YunTai.elf.dir/Lib/Src/step_motor.cpp.obj
 .ARM.exidx.text.HAL_TIM_PWM_PulseFinishedCallback
                0x0800411c        0x8 CMakeFiles/YunTai.elf.dir/Lib/Src/step_motor.cpp.obj
 .ARM.exidx.text._GLOBAL__sub_I__ZN10StepMotorCC2EP17TIM_HandleTypeDefmP12GPIO_TypeDeftS3_t
                0x08004124        0x8 CMakeFiles/YunTai.elf.dir/Lib/Src/step_motor.cpp.obj
 .ARM.exidx.text.User_Init
                0x0800412c        0x8 CMakeFiles/YunTai.elf.dir/User/Src/User_main.cpp.obj
 .ARM.exidx.text.User_Loop
                0x08004134       0x10 CMakeFiles/YunTai.elf.dir/User/Src/User_main.cpp.obj
                                  0x8 (size before relaxing)
                0x08004144                        __exidx_end = .
                0x08004144                        . = ALIGN (0x4)

.preinit_array  0x08004144        0x0
                0x08004144                        . = ALIGN (0x4)
                0x08004144                        PROVIDE (__preinit_array_start = .)
 *(.preinit_array*)
                0x08004144                        PROVIDE (__preinit_array_end = .)
                0x08004144                        . = ALIGN (0x4)

.init_array     0x08004144        0xc
                0x08004144                        . = ALIGN (0x4)
                0x08004144                        PROVIDE (__init_array_start = .)
 *(SORT_BY_NAME(.init_array.*))
 .init_array.00000
                0x08004144        0x4 D:/ST/STM32CubeCLT_1.18.0/GNU-tools-for-STM32/bin/../lib/gcc/arm-none-eabi/13.3.1/../../../../arm-none-eabi/lib/thumb/v7e-m/nofp\libg.a(libc_a-__call_atexit.o)
 *(.init_array*)
 .init_array    0x08004148        0x4 D:/ST/STM32CubeCLT_1.18.0/GNU-tools-for-STM32/bin/../lib/gcc/arm-none-eabi/13.3.1/thumb/v7e-m/nofp/crtbegin.o
 .init_array    0x0800414c        0x4 CMakeFiles/YunTai.elf.dir/Lib/Src/step_motor.cpp.obj
                0x08004150                        PROVIDE (__init_array_end = .)
                0x08004150                        . = ALIGN (0x4)

.fini_array     0x08004150        0x4
                0x08004150                        . = ALIGN (0x4)
                0x08004150                        PROVIDE (__fini_array_start = .)
 *(SORT_BY_NAME(.fini_array.*))
 *(.fini_array*)
 .fini_array    0x08004150        0x4 D:/ST/STM32CubeCLT_1.18.0/GNU-tools-for-STM32/bin/../lib/gcc/arm-none-eabi/13.3.1/thumb/v7e-m/nofp/crtbegin.o
                0x08004154                        PROVIDE (__fini_array_end = .)
                0x08004154                        . = ALIGN (0x4)
                0x08004154                        _sidata = LOADADDR (.data)

.rel.dyn        0x08004154        0x0
 .rel.iplt      0x08004154        0x0 D:/ST/STM32CubeCLT_1.18.0/GNU-tools-for-STM32/bin/../lib/gcc/arm-none-eabi/13.3.1/thumb/v7e-m/nofp/crtbegin.o

.data           0x20000000      0x154 load address 0x08004154
                0x20000000                        . = ALIGN (0x4)
                0x20000000                        _sdata = .
 *(.data)
 *(.data*)
 .data.SystemCoreClock
                0x20000000        0x4 CMakeFiles/YunTai.elf.dir/Core/Src/system_stm32f4xx.c.obj
                0x20000000                SystemCoreClock
 .data.uwTickFreq
                0x20000004        0x1 CMakeFiles/YunTai.elf.dir/Drivers/STM32F4xx_HAL_Driver/Src/stm32f4xx_hal.c.obj
                0x20000004                uwTickFreq
 *fill*         0x20000005        0x3 
 .data.uwTickPrio
                0x20000008        0x4 CMakeFiles/YunTai.elf.dir/Drivers/STM32F4xx_HAL_Driver/Src/stm32f4xx_hal.c.obj
                0x20000008                uwTickPrio
 .data._impure_ptr
                0x2000000c        0x4 D:/ST/STM32CubeCLT_1.18.0/GNU-tools-for-STM32/bin/../lib/gcc/arm-none-eabi/13.3.1/../../../../arm-none-eabi/lib/thumb/v7e-m/nofp\libg.a(libc_a-impure.o)
                0x2000000c                _impure_ptr
 .data._impure_data
                0x20000010      0x140 D:/ST/STM32CubeCLT_1.18.0/GNU-tools-for-STM32/bin/../lib/gcc/arm-none-eabi/13.3.1/../../../../arm-none-eabi/lib/thumb/v7e-m/nofp\libg.a(libc_a-impure.o)
                0x20000010                _impure_data
 .data.__atexit_recursive_mutex
                0x20000150        0x4 D:/ST/STM32CubeCLT_1.18.0/GNU-tools-for-STM32/bin/../lib/gcc/arm-none-eabi/13.3.1/../../../../arm-none-eabi/lib/thumb/v7e-m/nofp\libg.a(libc_a-__call_atexit.o)
                0x20000150                __atexit_recursive_mutex
 *(.RamFunc)
 *(.RamFunc*)
                0x20000154                        . = ALIGN (0x4)
                0x20000154                        _edata = .
                0x080042a8                        _siccmram = LOADADDR (.ccmram)

.igot.plt       0x20000154        0x0 load address 0x080042a8
 .igot.plt      0x20000154        0x0 D:/ST/STM32CubeCLT_1.18.0/GNU-tools-for-STM32/bin/../lib/gcc/arm-none-eabi/13.3.1/thumb/v7e-m/nofp/crtbegin.o

.ccmram         0x10000000        0x0 load address 0x080042a8
                0x10000000                        . = ALIGN (0x4)
                0x10000000                        _sccmram = .
 *(.ccmram)
 *(.ccmram*)
                0x10000000                        . = ALIGN (0x4)
                0x10000000                        _eccmram = .
                0x10000000                        . = ALIGN (0x4)

.bss            0x20000154      0x4e4
                0x20000154                        _sbss = .
                0x20000154                        __bss_start__ = _sbss
 *(.bss)
 .bss           0x20000154       0x1c D:/ST/STM32CubeCLT_1.18.0/GNU-tools-for-STM32/bin/../lib/gcc/arm-none-eabi/13.3.1/thumb/v7e-m/nofp/crtbegin.o
 *(.bss*)
 .bss.htim8     0x20000170       0x48 CMakeFiles/YunTai.elf.dir/Core/Src/tim.c.obj
                0x20000170                htim8
 .bss.htim3     0x200001b8       0x48 CMakeFiles/YunTai.elf.dir/Core/Src/tim.c.obj
                0x200001b8                htim3
 .bss.htim1     0x20000200       0x48 CMakeFiles/YunTai.elf.dir/Core/Src/tim.c.obj
                0x20000200                htim1
 .bss.huart6    0x20000248       0x48 CMakeFiles/YunTai.elf.dir/Core/Src/usart.c.obj
                0x20000248                huart6
 .bss.huart1    0x20000290       0x48 CMakeFiles/YunTai.elf.dir/Core/Src/usart.c.obj
                0x20000290                huart1
 .bss.uwTick    0x200002d8        0x4 CMakeFiles/YunTai.elf.dir/Drivers/STM32F4xx_HAL_Driver/Src/stm32f4xx_hal.c.obj
                0x200002d8                uwTick
 .bss.gimbal_pitch
                0x200002dc       0x44 CMakeFiles/YunTai.elf.dir/Lib/Src/step_motor.cpp.obj
                0x200002dc                gimbal_pitch
 .bss.gimbal_yaw
                0x20000320       0x44 CMakeFiles/YunTai.elf.dir/Lib/Src/step_motor.cpp.obj
                0x20000320                gimbal_yaw
 .bss.__sf      0x20000364      0x138 D:/ST/STM32CubeCLT_1.18.0/GNU-tools-for-STM32/bin/../lib/gcc/arm-none-eabi/13.3.1/../../../../arm-none-eabi/lib/thumb/v7e-m/nofp\libg.a(libc_a-findfp.o)
                0x20000364                __sf
 .bss.errno     0x2000049c        0x4 D:/ST/STM32CubeCLT_1.18.0/GNU-tools-for-STM32/bin/../lib/gcc/arm-none-eabi/13.3.1/../../../../arm-none-eabi/lib/thumb/v7e-m/nofp\libg.a(libc_a-reent.o)
                0x2000049c                errno
 .bss.__lock___atexit_recursive_mutex
                0x200004a0        0x1 D:/ST/STM32CubeCLT_1.18.0/GNU-tools-for-STM32/bin/../lib/gcc/arm-none-eabi/13.3.1/../../../../arm-none-eabi/lib/thumb/v7e-m/nofp\libg.a(libc_a-lock.o)
                0x200004a0                __lock___atexit_recursive_mutex
 *fill*         0x200004a1        0x3 
 .bss.__atexit  0x200004a4        0x4 D:/ST/STM32CubeCLT_1.18.0/GNU-tools-for-STM32/bin/../lib/gcc/arm-none-eabi/13.3.1/../../../../arm-none-eabi/lib/thumb/v7e-m/nofp\libg.a(libc_a-__call_atexit.o)
                0x200004a4                __atexit
 .bss.__atexit0
                0x200004a8      0x190 D:/ST/STM32CubeCLT_1.18.0/GNU-tools-for-STM32/bin/../lib/gcc/arm-none-eabi/13.3.1/../../../../arm-none-eabi/lib/thumb/v7e-m/nofp\libg.a(libc_a-__atexit.o)
                0x200004a8                __atexit0
 *(COMMON)
                0x20000638                        . = ALIGN (0x4)
                0x20000638                        _ebss = .
                0x20000638                        __bss_end__ = _ebss

._user_heap_stack
                0x20000638      0x600
                0x20000638                        . = ALIGN (0x8)
                [!provide]                        PROVIDE (end = .)
                0x20000638                        PROVIDE (_end = .)
                0x20000838                        . = (. + _Min_Heap_Size)
 *fill*         0x20000638      0x200 
                0x20000c38                        . = (. + _Min_Stack_Size)
 *fill*         0x20000838      0x400 
                0x20000c38                        . = ALIGN (0x8)

/DISCARD/
 libc.a(*)
 libm.a(*)
 libgcc.a(*)

.ARM.attributes
                0x00000000       0x2a
 *(.ARM.attributes)
 .ARM.attributes
                0x00000000       0x1e D:/ST/STM32CubeCLT_1.18.0/GNU-tools-for-STM32/bin/../lib/gcc/arm-none-eabi/13.3.1/thumb/v7e-m/nofp/crti.o
 .ARM.attributes
                0x0000001e       0x2e D:/ST/STM32CubeCLT_1.18.0/GNU-tools-for-STM32/bin/../lib/gcc/arm-none-eabi/13.3.1/thumb/v7e-m/nofp/crtbegin.o
 .ARM.attributes
                0x0000004c       0x2e CMakeFiles/YunTai.elf.dir/Core/Src/gpio.c.obj
 .ARM.attributes
                0x0000007a       0x2e CMakeFiles/YunTai.elf.dir/Core/Src/main.c.obj
 .ARM.attributes
                0x000000a8       0x2e CMakeFiles/YunTai.elf.dir/Core/Src/stm32f4xx_hal_msp.c.obj
 .ARM.attributes
                0x000000d6       0x2e CMakeFiles/YunTai.elf.dir/Core/Src/stm32f4xx_it.c.obj
 .ARM.attributes
                0x00000104       0x2e CMakeFiles/YunTai.elf.dir/Core/Src/system_stm32f4xx.c.obj
 .ARM.attributes
                0x00000132       0x2e CMakeFiles/YunTai.elf.dir/Core/Src/tim.c.obj
 .ARM.attributes
                0x00000160       0x2e CMakeFiles/YunTai.elf.dir/Core/Src/usart.c.obj
 .ARM.attributes
                0x0000018e       0x21 CMakeFiles/YunTai.elf.dir/Core/Startup/startup_stm32f407ighx.s.obj
 .ARM.attributes
                0x000001af       0x2e CMakeFiles/YunTai.elf.dir/Drivers/STM32F4xx_HAL_Driver/Src/stm32f4xx_hal.c.obj
 .ARM.attributes
                0x000001dd       0x2e CMakeFiles/YunTai.elf.dir/Drivers/STM32F4xx_HAL_Driver/Src/stm32f4xx_hal_cortex.c.obj
 .ARM.attributes
                0x0000020b       0x2e CMakeFiles/YunTai.elf.dir/Drivers/STM32F4xx_HAL_Driver/Src/stm32f4xx_hal_gpio.c.obj
 .ARM.attributes
                0x00000239       0x2e CMakeFiles/YunTai.elf.dir/Drivers/STM32F4xx_HAL_Driver/Src/stm32f4xx_hal_rcc.c.obj
 .ARM.attributes
                0x00000267       0x2e CMakeFiles/YunTai.elf.dir/Drivers/STM32F4xx_HAL_Driver/Src/stm32f4xx_hal_tim.c.obj
 .ARM.attributes
                0x00000295       0x2e CMakeFiles/YunTai.elf.dir/Drivers/STM32F4xx_HAL_Driver/Src/stm32f4xx_hal_tim_ex.c.obj
 .ARM.attributes
                0x000002c3       0x2e CMakeFiles/YunTai.elf.dir/Drivers/STM32F4xx_HAL_Driver/Src/stm32f4xx_hal_uart.c.obj
 .ARM.attributes
                0x000002f1       0x2e CMakeFiles/YunTai.elf.dir/Lib/Src/LED.cpp.obj
 .ARM.attributes
                0x0000031f       0x2e CMakeFiles/YunTai.elf.dir/Lib/Src/step_motor.cpp.obj
 .ARM.attributes
                0x0000034d       0x2e CMakeFiles/YunTai.elf.dir/User/Src/User_main.cpp.obj
 .ARM.attributes
                0x0000037b       0x1e D:/ST/STM32CubeCLT_1.18.0/GNU-tools-for-STM32/bin/../lib/gcc/arm-none-eabi/13.3.1/thumb/v7e-m/nofp\libgcc.a(_arm_addsubsf3.o)
 .ARM.attributes
                0x00000399       0x1e D:/ST/STM32CubeCLT_1.18.0/GNU-tools-for-STM32/bin/../lib/gcc/arm-none-eabi/13.3.1/thumb/v7e-m/nofp\libgcc.a(_arm_muldivsf3.o)
 .ARM.attributes
                0x000003b7       0x1e D:/ST/STM32CubeCLT_1.18.0/GNU-tools-for-STM32/bin/../lib/gcc/arm-none-eabi/13.3.1/thumb/v7e-m/nofp\libgcc.a(_arm_cmpsf2.o)
 .ARM.attributes
                0x000003d5       0x1e D:/ST/STM32CubeCLT_1.18.0/GNU-tools-for-STM32/bin/../lib/gcc/arm-none-eabi/13.3.1/thumb/v7e-m/nofp\libgcc.a(_arm_fixsfsi.o)
 .ARM.attributes
                0x000003f3       0x1e D:/ST/STM32CubeCLT_1.18.0/GNU-tools-for-STM32/bin/../lib/gcc/arm-none-eabi/13.3.1/thumb/v7e-m/nofp\libgcc.a(_arm_fixunssfsi.o)
 .ARM.attributes
                0x00000411       0x1e D:/ST/STM32CubeCLT_1.18.0/GNU-tools-for-STM32/bin/../lib/gcc/arm-none-eabi/13.3.1/thumb/v7e-m/nofp\libgcc.a(_aeabi_uldivmod.o)
 .ARM.attributes
                0x0000042f       0x2e D:/ST/STM32CubeCLT_1.18.0/GNU-tools-for-STM32/bin/../lib/gcc/arm-none-eabi/13.3.1/thumb/v7e-m/nofp\libgcc.a(_udivmoddi4.o)
 .ARM.attributes
                0x0000045d       0x2e D:/ST/STM32CubeCLT_1.18.0/GNU-tools-for-STM32/bin/../lib/gcc/arm-none-eabi/13.3.1/thumb/v7e-m/nofp\libgcc.a(unwind-arm.o)
 .ARM.attributes
                0x0000048b       0x1e D:/ST/STM32CubeCLT_1.18.0/GNU-tools-for-STM32/bin/../lib/gcc/arm-none-eabi/13.3.1/thumb/v7e-m/nofp\libgcc.a(libunwind.o)
 .ARM.attributes
                0x000004a9       0x2e D:/ST/STM32CubeCLT_1.18.0/GNU-tools-for-STM32/bin/../lib/gcc/arm-none-eabi/13.3.1/thumb/v7e-m/nofp\libgcc.a(pr-support.o)
 .ARM.attributes
                0x000004d7       0x1e D:/ST/STM32CubeCLT_1.18.0/GNU-tools-for-STM32/bin/../lib/gcc/arm-none-eabi/13.3.1/thumb/v7e-m/nofp\libgcc.a(_dvmd_tls.o)
 .ARM.attributes
                0x000004f5       0x2e D:/ST/STM32CubeCLT_1.18.0/GNU-tools-for-STM32/bin/../lib/gcc/arm-none-eabi/13.3.1/../../../../arm-none-eabi/lib/thumb/v7e-m/nofp\libg.a(libc_a-abort.o)
 .ARM.attributes
                0x00000523       0x2e D:/ST/STM32CubeCLT_1.18.0/GNU-tools-for-STM32/bin/../lib/gcc/arm-none-eabi/13.3.1/../../../../arm-none-eabi/lib/thumb/v7e-m/nofp\libg.a(libc_a-findfp.o)
 .ARM.attributes
                0x00000551       0x2e D:/ST/STM32CubeCLT_1.18.0/GNU-tools-for-STM32/bin/../lib/gcc/arm-none-eabi/13.3.1/../../../../arm-none-eabi/lib/thumb/v7e-m/nofp\libg.a(libc_a-memset.o)
 .ARM.attributes
                0x0000057f       0x2e D:/ST/STM32CubeCLT_1.18.0/GNU-tools-for-STM32/bin/../lib/gcc/arm-none-eabi/13.3.1/../../../../arm-none-eabi/lib/thumb/v7e-m/nofp\libg.a(libc_a-signal.o)
 .ARM.attributes
                0x000005ad       0x2e D:/ST/STM32CubeCLT_1.18.0/GNU-tools-for-STM32/bin/../lib/gcc/arm-none-eabi/13.3.1/../../../../arm-none-eabi/lib/thumb/v7e-m/nofp\libg.a(libc_a-reent.o)
 .ARM.attributes
                0x000005db       0x2e D:/ST/STM32CubeCLT_1.18.0/GNU-tools-for-STM32/bin/../lib/gcc/arm-none-eabi/13.3.1/../../../../arm-none-eabi/lib/thumb/v7e-m/nofp\libg.a(libc_a-impure.o)
 .ARM.attributes
                0x00000609       0x2e D:/ST/STM32CubeCLT_1.18.0/GNU-tools-for-STM32/bin/../lib/gcc/arm-none-eabi/13.3.1/../../../../arm-none-eabi/lib/thumb/v7e-m/nofp\libg.a(libc_a-signalr.o)
 .ARM.attributes
                0x00000637       0x2e D:/ST/STM32CubeCLT_1.18.0/GNU-tools-for-STM32/bin/../lib/gcc/arm-none-eabi/13.3.1/../../../../arm-none-eabi/lib/thumb/v7e-m/nofp\libg.a(libc_a-errno.o)
 .ARM.attributes
                0x00000665       0x2e D:/ST/STM32CubeCLT_1.18.0/GNU-tools-for-STM32/bin/../lib/gcc/arm-none-eabi/13.3.1/../../../../arm-none-eabi/lib/thumb/v7e-m/nofp\libg.a(libc_a-init.o)
 .ARM.attributes
                0x00000693       0x2e D:/ST/STM32CubeCLT_1.18.0/GNU-tools-for-STM32/bin/../lib/gcc/arm-none-eabi/13.3.1/../../../../arm-none-eabi/lib/thumb/v7e-m/nofp\libg.a(libc_a-lock.o)
 .ARM.attributes
                0x000006c1       0x2e D:/ST/STM32CubeCLT_1.18.0/GNU-tools-for-STM32/bin/../lib/gcc/arm-none-eabi/13.3.1/../../../../arm-none-eabi/lib/thumb/v7e-m/nofp\libg.a(libc_a-memcpy-stub.o)
 .ARM.attributes
                0x000006ef       0x2e D:/ST/STM32CubeCLT_1.18.0/GNU-tools-for-STM32/bin/../lib/gcc/arm-none-eabi/13.3.1/../../../../arm-none-eabi/lib/thumb/v7e-m/nofp\libg.a(libc_a-__call_atexit.o)
 .ARM.attributes
                0x0000071d       0x2e D:/ST/STM32CubeCLT_1.18.0/GNU-tools-for-STM32/bin/../lib/gcc/arm-none-eabi/13.3.1/../../../../arm-none-eabi/lib/thumb/v7e-m/nofp\libg.a(libc_a-atexit.o)
 .ARM.attributes
                0x0000074b       0x2e D:/ST/STM32CubeCLT_1.18.0/GNU-tools-for-STM32/bin/../lib/gcc/arm-none-eabi/13.3.1/../../../../arm-none-eabi/lib/thumb/v7e-m/nofp\libg.a(libc_a-fini.o)
 .ARM.attributes
                0x00000779       0x2e D:/ST/STM32CubeCLT_1.18.0/GNU-tools-for-STM32/bin/../lib/gcc/arm-none-eabi/13.3.1/../../../../arm-none-eabi/lib/thumb/v7e-m/nofp\libg.a(libc_a-__atexit.o)
 .ARM.attributes
                0x000007a7       0x1e D:/ST/STM32CubeCLT_1.18.0/GNU-tools-for-STM32/bin/../lib/gcc/arm-none-eabi/13.3.1/thumb/v7e-m/nofp/crtn.o
OUTPUT(YunTai.elf elf32-littlearm)
LOAD linker stubs
LOAD D:/ST/STM32CubeCLT_1.18.0/GNU-tools-for-STM32/bin/../lib/gcc/arm-none-eabi/13.3.1/../../../../arm-none-eabi/lib/thumb/v7e-m/nofp\libc.a
LOAD D:/ST/STM32CubeCLT_1.18.0/GNU-tools-for-STM32/bin/../lib/gcc/arm-none-eabi/13.3.1/../../../../arm-none-eabi/lib/thumb/v7e-m/nofp\libm.a
LOAD D:/ST/STM32CubeCLT_1.18.0/GNU-tools-for-STM32/bin/../lib/gcc/arm-none-eabi/13.3.1/thumb/v7e-m/nofp\libgcc.a

.debug_info     0x00000000    0x160a8
 .debug_info    0x00000000      0x50c CMakeFiles/YunTai.elf.dir/Core/Src/gpio.c.obj
 .debug_info    0x0000050c      0x5ba CMakeFiles/YunTai.elf.dir/Core/Src/main.c.obj
 .debug_info    0x00000ac6      0x265 CMakeFiles/YunTai.elf.dir/Core/Src/stm32f4xx_hal_msp.c.obj
 .debug_info    0x00000d2b      0x71f CMakeFiles/YunTai.elf.dir/Core/Src/stm32f4xx_it.c.obj
 .debug_info    0x0000144a      0x334 CMakeFiles/YunTai.elf.dir/Core/Src/system_stm32f4xx.c.obj
 .debug_info    0x0000177e     0x145e CMakeFiles/YunTai.elf.dir/Core/Src/tim.c.obj
 .debug_info    0x00002bdc      0xa34 CMakeFiles/YunTai.elf.dir/Core/Src/usart.c.obj
 .debug_info    0x00003610       0x30 CMakeFiles/YunTai.elf.dir/Core/Startup/startup_stm32f407ighx.s.obj
 .debug_info    0x00003640      0x9e2 CMakeFiles/YunTai.elf.dir/Drivers/STM32F4xx_HAL_Driver/Src/stm32f4xx_hal.c.obj
 .debug_info    0x00004022      0xff5 CMakeFiles/YunTai.elf.dir/Drivers/STM32F4xx_HAL_Driver/Src/stm32f4xx_hal_cortex.c.obj
 .debug_info    0x00005017      0x704 CMakeFiles/YunTai.elf.dir/Drivers/STM32F4xx_HAL_Driver/Src/stm32f4xx_hal_gpio.c.obj
 .debug_info    0x0000571b      0xa81 CMakeFiles/YunTai.elf.dir/Drivers/STM32F4xx_HAL_Driver/Src/stm32f4xx_hal_rcc.c.obj
 .debug_info    0x0000619c     0x3c53 CMakeFiles/YunTai.elf.dir/Drivers/STM32F4xx_HAL_Driver/Src/stm32f4xx_hal_tim.c.obj
 .debug_info    0x00009def     0x1aec CMakeFiles/YunTai.elf.dir/Drivers/STM32F4xx_HAL_Driver/Src/stm32f4xx_hal_tim_ex.c.obj
 .debug_info    0x0000b8db     0x4018 CMakeFiles/YunTai.elf.dir/Drivers/STM32F4xx_HAL_Driver/Src/stm32f4xx_hal_uart.c.obj
 .debug_info    0x0000f8f3      0x2c9 CMakeFiles/YunTai.elf.dir/Lib/Src/LED.cpp.obj
 .debug_info    0x0000fbbc     0x10c2 CMakeFiles/YunTai.elf.dir/Lib/Src/step_motor.cpp.obj
 .debug_info    0x00010c7e      0xda6 CMakeFiles/YunTai.elf.dir/User/Src/User_main.cpp.obj
 .debug_info    0x00011a24       0xd8 D:/ST/STM32CubeCLT_1.18.0/GNU-tools-for-STM32/bin/../lib/gcc/arm-none-eabi/13.3.1/../../../../arm-none-eabi/lib/thumb/v7e-m/nofp\libg.a(libc_a-abort.o)
 .debug_info    0x00011afc      0xfee D:/ST/STM32CubeCLT_1.18.0/GNU-tools-for-STM32/bin/../lib/gcc/arm-none-eabi/13.3.1/../../../../arm-none-eabi/lib/thumb/v7e-m/nofp\libg.a(libc_a-findfp.o)
 .debug_info    0x00012aea       0xe0 D:/ST/STM32CubeCLT_1.18.0/GNU-tools-for-STM32/bin/../lib/gcc/arm-none-eabi/13.3.1/../../../../arm-none-eabi/lib/thumb/v7e-m/nofp\libg.a(libc_a-memset.o)
 .debug_info    0x00012bca      0xa4e D:/ST/STM32CubeCLT_1.18.0/GNU-tools-for-STM32/bin/../lib/gcc/arm-none-eabi/13.3.1/../../../../arm-none-eabi/lib/thumb/v7e-m/nofp\libg.a(libc_a-signal.o)
 .debug_info    0x00013618      0x850 D:/ST/STM32CubeCLT_1.18.0/GNU-tools-for-STM32/bin/../lib/gcc/arm-none-eabi/13.3.1/../../../../arm-none-eabi/lib/thumb/v7e-m/nofp\libg.a(libc_a-reent.o)
 .debug_info    0x00013e68      0x750 D:/ST/STM32CubeCLT_1.18.0/GNU-tools-for-STM32/bin/../lib/gcc/arm-none-eabi/13.3.1/../../../../arm-none-eabi/lib/thumb/v7e-m/nofp\libg.a(libc_a-impure.o)
 .debug_info    0x000145b8      0x825 D:/ST/STM32CubeCLT_1.18.0/GNU-tools-for-STM32/bin/../lib/gcc/arm-none-eabi/13.3.1/../../../../arm-none-eabi/lib/thumb/v7e-m/nofp\libg.a(libc_a-signalr.o)
 .debug_info    0x00014ddd      0x736 D:/ST/STM32CubeCLT_1.18.0/GNU-tools-for-STM32/bin/../lib/gcc/arm-none-eabi/13.3.1/../../../../arm-none-eabi/lib/thumb/v7e-m/nofp\libg.a(libc_a-errno.o)
 .debug_info    0x00015513      0x10b D:/ST/STM32CubeCLT_1.18.0/GNU-tools-for-STM32/bin/../lib/gcc/arm-none-eabi/13.3.1/../../../../arm-none-eabi/lib/thumb/v7e-m/nofp\libg.a(libc_a-init.o)
 .debug_info    0x0001561e      0x218 D:/ST/STM32CubeCLT_1.18.0/GNU-tools-for-STM32/bin/../lib/gcc/arm-none-eabi/13.3.1/../../../../arm-none-eabi/lib/thumb/v7e-m/nofp\libg.a(libc_a-lock.o)
 .debug_info    0x00015836      0x121 D:/ST/STM32CubeCLT_1.18.0/GNU-tools-for-STM32/bin/../lib/gcc/arm-none-eabi/13.3.1/../../../../arm-none-eabi/lib/thumb/v7e-m/nofp\libg.a(libc_a-memcpy-stub.o)
 .debug_info    0x00015957      0x2dd D:/ST/STM32CubeCLT_1.18.0/GNU-tools-for-STM32/bin/../lib/gcc/arm-none-eabi/13.3.1/../../../../arm-none-eabi/lib/thumb/v7e-m/nofp\libg.a(libc_a-__call_atexit.o)
 .debug_info    0x00015c34      0x11e D:/ST/STM32CubeCLT_1.18.0/GNU-tools-for-STM32/bin/../lib/gcc/arm-none-eabi/13.3.1/../../../../arm-none-eabi/lib/thumb/v7e-m/nofp\libg.a(libc_a-atexit.o)
 .debug_info    0x00015d52       0xf7 D:/ST/STM32CubeCLT_1.18.0/GNU-tools-for-STM32/bin/../lib/gcc/arm-none-eabi/13.3.1/../../../../arm-none-eabi/lib/thumb/v7e-m/nofp\libg.a(libc_a-fini.o)
 .debug_info    0x00015e49      0x25f D:/ST/STM32CubeCLT_1.18.0/GNU-tools-for-STM32/bin/../lib/gcc/arm-none-eabi/13.3.1/../../../../arm-none-eabi/lib/thumb/v7e-m/nofp\libg.a(libc_a-__atexit.o)

.debug_abbrev   0x00000000     0x3c8a
 .debug_abbrev  0x00000000      0x164 CMakeFiles/YunTai.elf.dir/Core/Src/gpio.c.obj
 .debug_abbrev  0x00000164      0x209 CMakeFiles/YunTai.elf.dir/Core/Src/main.c.obj
 .debug_abbrev  0x0000036d       0xd6 CMakeFiles/YunTai.elf.dir/Core/Src/stm32f4xx_hal_msp.c.obj
 .debug_abbrev  0x00000443      0x19d CMakeFiles/YunTai.elf.dir/Core/Src/stm32f4xx_it.c.obj
 .debug_abbrev  0x000005e0      0x120 CMakeFiles/YunTai.elf.dir/Core/Src/system_stm32f4xx.c.obj
 .debug_abbrev  0x00000700      0x285 CMakeFiles/YunTai.elf.dir/Core/Src/tim.c.obj
 .debug_abbrev  0x00000985      0x21b CMakeFiles/YunTai.elf.dir/Core/Src/usart.c.obj
 .debug_abbrev  0x00000ba0       0x24 CMakeFiles/YunTai.elf.dir/Core/Startup/startup_stm32f407ighx.s.obj
 .debug_abbrev  0x00000bc4      0x240 CMakeFiles/YunTai.elf.dir/Drivers/STM32F4xx_HAL_Driver/Src/stm32f4xx_hal.c.obj
 .debug_abbrev  0x00000e04      0x391 CMakeFiles/YunTai.elf.dir/Drivers/STM32F4xx_HAL_Driver/Src/stm32f4xx_hal_cortex.c.obj
 .debug_abbrev  0x00001195      0x202 CMakeFiles/YunTai.elf.dir/Drivers/STM32F4xx_HAL_Driver/Src/stm32f4xx_hal_gpio.c.obj
 .debug_abbrev  0x00001397      0x2c7 CMakeFiles/YunTai.elf.dir/Drivers/STM32F4xx_HAL_Driver/Src/stm32f4xx_hal_rcc.c.obj
 .debug_abbrev  0x0000165e      0x271 CMakeFiles/YunTai.elf.dir/Drivers/STM32F4xx_HAL_Driver/Src/stm32f4xx_hal_tim.c.obj
 .debug_abbrev  0x000018cf      0x26f CMakeFiles/YunTai.elf.dir/Drivers/STM32F4xx_HAL_Driver/Src/stm32f4xx_hal_tim_ex.c.obj
 .debug_abbrev  0x00001b3e      0x326 CMakeFiles/YunTai.elf.dir/Drivers/STM32F4xx_HAL_Driver/Src/stm32f4xx_hal_uart.c.obj
 .debug_abbrev  0x00001e64      0x11d CMakeFiles/YunTai.elf.dir/Lib/Src/LED.cpp.obj
 .debug_abbrev  0x00001f81      0x362 CMakeFiles/YunTai.elf.dir/Lib/Src/step_motor.cpp.obj
 .debug_abbrev  0x000022e3      0x238 CMakeFiles/YunTai.elf.dir/User/Src/User_main.cpp.obj
 .debug_abbrev  0x0000251b       0x99 D:/ST/STM32CubeCLT_1.18.0/GNU-tools-for-STM32/bin/../lib/gcc/arm-none-eabi/13.3.1/../../../../arm-none-eabi/lib/thumb/v7e-m/nofp\libg.a(libc_a-abort.o)
 .debug_abbrev  0x000025b4      0x462 D:/ST/STM32CubeCLT_1.18.0/GNU-tools-for-STM32/bin/../lib/gcc/arm-none-eabi/13.3.1/../../../../arm-none-eabi/lib/thumb/v7e-m/nofp\libg.a(libc_a-findfp.o)
 .debug_abbrev  0x00002a16       0x9e D:/ST/STM32CubeCLT_1.18.0/GNU-tools-for-STM32/bin/../lib/gcc/arm-none-eabi/13.3.1/../../../../arm-none-eabi/lib/thumb/v7e-m/nofp\libg.a(libc_a-memset.o)
 .debug_abbrev  0x00002ab4      0x28a D:/ST/STM32CubeCLT_1.18.0/GNU-tools-for-STM32/bin/../lib/gcc/arm-none-eabi/13.3.1/../../../../arm-none-eabi/lib/thumb/v7e-m/nofp\libg.a(libc_a-signal.o)
 .debug_abbrev  0x00002d3e      0x233 D:/ST/STM32CubeCLT_1.18.0/GNU-tools-for-STM32/bin/../lib/gcc/arm-none-eabi/13.3.1/../../../../arm-none-eabi/lib/thumb/v7e-m/nofp\libg.a(libc_a-reent.o)
 .debug_abbrev  0x00002f71      0x185 D:/ST/STM32CubeCLT_1.18.0/GNU-tools-for-STM32/bin/../lib/gcc/arm-none-eabi/13.3.1/../../../../arm-none-eabi/lib/thumb/v7e-m/nofp\libg.a(libc_a-impure.o)
 .debug_abbrev  0x000030f6      0x239 D:/ST/STM32CubeCLT_1.18.0/GNU-tools-for-STM32/bin/../lib/gcc/arm-none-eabi/13.3.1/../../../../arm-none-eabi/lib/thumb/v7e-m/nofp\libg.a(libc_a-signalr.o)
 .debug_abbrev  0x0000332f      0x19a D:/ST/STM32CubeCLT_1.18.0/GNU-tools-for-STM32/bin/../lib/gcc/arm-none-eabi/13.3.1/../../../../arm-none-eabi/lib/thumb/v7e-m/nofp\libg.a(libc_a-errno.o)
 .debug_abbrev  0x000034c9       0xc9 D:/ST/STM32CubeCLT_1.18.0/GNU-tools-for-STM32/bin/../lib/gcc/arm-none-eabi/13.3.1/../../../../arm-none-eabi/lib/thumb/v7e-m/nofp\libg.a(libc_a-init.o)
 .debug_abbrev  0x00003592      0x115 D:/ST/STM32CubeCLT_1.18.0/GNU-tools-for-STM32/bin/../lib/gcc/arm-none-eabi/13.3.1/../../../../arm-none-eabi/lib/thumb/v7e-m/nofp\libg.a(libc_a-lock.o)
 .debug_abbrev  0x000036a7       0xc1 D:/ST/STM32CubeCLT_1.18.0/GNU-tools-for-STM32/bin/../lib/gcc/arm-none-eabi/13.3.1/../../../../arm-none-eabi/lib/thumb/v7e-m/nofp\libg.a(libc_a-memcpy-stub.o)
 .debug_abbrev  0x00003768      0x20c D:/ST/STM32CubeCLT_1.18.0/GNU-tools-for-STM32/bin/../lib/gcc/arm-none-eabi/13.3.1/../../../../arm-none-eabi/lib/thumb/v7e-m/nofp\libg.a(libc_a-__call_atexit.o)
 .debug_abbrev  0x00003974       0xc1 D:/ST/STM32CubeCLT_1.18.0/GNU-tools-for-STM32/bin/../lib/gcc/arm-none-eabi/13.3.1/../../../../arm-none-eabi/lib/thumb/v7e-m/nofp\libg.a(libc_a-atexit.o)
 .debug_abbrev  0x00003a35       0xcc D:/ST/STM32CubeCLT_1.18.0/GNU-tools-for-STM32/bin/../lib/gcc/arm-none-eabi/13.3.1/../../../../arm-none-eabi/lib/thumb/v7e-m/nofp\libg.a(libc_a-fini.o)
 .debug_abbrev  0x00003b01      0x189 D:/ST/STM32CubeCLT_1.18.0/GNU-tools-for-STM32/bin/../lib/gcc/arm-none-eabi/13.3.1/../../../../arm-none-eabi/lib/thumb/v7e-m/nofp\libg.a(libc_a-__atexit.o)

.debug_aranges  0x00000000      0xf68
 .debug_aranges
                0x00000000       0x20 CMakeFiles/YunTai.elf.dir/Core/Src/gpio.c.obj
 .debug_aranges
                0x00000020       0x30 CMakeFiles/YunTai.elf.dir/Core/Src/main.c.obj
 .debug_aranges
                0x00000050       0x20 CMakeFiles/YunTai.elf.dir/Core/Src/stm32f4xx_hal_msp.c.obj
 .debug_aranges
                0x00000070       0x70 CMakeFiles/YunTai.elf.dir/Core/Src/stm32f4xx_it.c.obj
 .debug_aranges
                0x000000e0       0x28 CMakeFiles/YunTai.elf.dir/Core/Src/system_stm32f4xx.c.obj
 .debug_aranges
                0x00000108       0x48 CMakeFiles/YunTai.elf.dir/Core/Src/tim.c.obj
 .debug_aranges
                0x00000150       0x38 CMakeFiles/YunTai.elf.dir/Core/Src/usart.c.obj
 .debug_aranges
                0x00000188       0x28 CMakeFiles/YunTai.elf.dir/Core/Startup/startup_stm32f407ighx.s.obj
 .debug_aranges
                0x000001b0       0xf0 CMakeFiles/YunTai.elf.dir/Drivers/STM32F4xx_HAL_Driver/Src/stm32f4xx_hal.c.obj
 .debug_aranges
                0x000002a0       0xf8 CMakeFiles/YunTai.elf.dir/Drivers/STM32F4xx_HAL_Driver/Src/stm32f4xx_hal_cortex.c.obj
 .debug_aranges
                0x00000398       0x58 CMakeFiles/YunTai.elf.dir/Drivers/STM32F4xx_HAL_Driver/Src/stm32f4xx_hal_gpio.c.obj
 .debug_aranges
                0x000003f0       0x88 CMakeFiles/YunTai.elf.dir/Drivers/STM32F4xx_HAL_Driver/Src/stm32f4xx_hal_rcc.c.obj
 .debug_aranges
                0x00000478      0x3d0 CMakeFiles/YunTai.elf.dir/Drivers/STM32F4xx_HAL_Driver/Src/stm32f4xx_hal_tim.c.obj
 .debug_aranges
                0x00000848      0x168 CMakeFiles/YunTai.elf.dir/Drivers/STM32F4xx_HAL_Driver/Src/stm32f4xx_hal_tim_ex.c.obj
 .debug_aranges
                0x000009b0      0x208 CMakeFiles/YunTai.elf.dir/Drivers/STM32F4xx_HAL_Driver/Src/stm32f4xx_hal_uart.c.obj
 .debug_aranges
                0x00000bb8       0x48 CMakeFiles/YunTai.elf.dir/Lib/Src/LED.cpp.obj
 .debug_aranges
                0x00000c00       0x80 CMakeFiles/YunTai.elf.dir/Lib/Src/step_motor.cpp.obj
 .debug_aranges
                0x00000c80       0x28 CMakeFiles/YunTai.elf.dir/User/Src/User_main.cpp.obj
 .debug_aranges
                0x00000ca8       0x20 D:/ST/STM32CubeCLT_1.18.0/GNU-tools-for-STM32/bin/../lib/gcc/arm-none-eabi/13.3.1/../../../../arm-none-eabi/lib/thumb/v7e-m/nofp\libg.a(libc_a-abort.o)
 .debug_aranges
                0x00000cc8       0x78 D:/ST/STM32CubeCLT_1.18.0/GNU-tools-for-STM32/bin/../lib/gcc/arm-none-eabi/13.3.1/../../../../arm-none-eabi/lib/thumb/v7e-m/nofp\libg.a(libc_a-findfp.o)
 .debug_aranges
                0x00000d40       0x20 D:/ST/STM32CubeCLT_1.18.0/GNU-tools-for-STM32/bin/../lib/gcc/arm-none-eabi/13.3.1/../../../../arm-none-eabi/lib/thumb/v7e-m/nofp\libg.a(libc_a-memset.o)
 .debug_aranges
                0x00000d60       0x58 D:/ST/STM32CubeCLT_1.18.0/GNU-tools-for-STM32/bin/../lib/gcc/arm-none-eabi/13.3.1/../../../../arm-none-eabi/lib/thumb/v7e-m/nofp\libg.a(libc_a-signal.o)
 .debug_aranges
                0x00000db8       0x20 D:/ST/STM32CubeCLT_1.18.0/GNU-tools-for-STM32/bin/../lib/gcc/arm-none-eabi/13.3.1/../../../../arm-none-eabi/lib/thumb/v7e-m/nofp\libg.a(libc_a-reent.o)
 .debug_aranges
                0x00000dd8       0x18 D:/ST/STM32CubeCLT_1.18.0/GNU-tools-for-STM32/bin/../lib/gcc/arm-none-eabi/13.3.1/../../../../arm-none-eabi/lib/thumb/v7e-m/nofp\libg.a(libc_a-impure.o)
 .debug_aranges
                0x00000df0       0x28 D:/ST/STM32CubeCLT_1.18.0/GNU-tools-for-STM32/bin/../lib/gcc/arm-none-eabi/13.3.1/../../../../arm-none-eabi/lib/thumb/v7e-m/nofp\libg.a(libc_a-signalr.o)
 .debug_aranges
                0x00000e18       0x20 D:/ST/STM32CubeCLT_1.18.0/GNU-tools-for-STM32/bin/../lib/gcc/arm-none-eabi/13.3.1/../../../../arm-none-eabi/lib/thumb/v7e-m/nofp\libg.a(libc_a-errno.o)
 .debug_aranges
                0x00000e38       0x20 D:/ST/STM32CubeCLT_1.18.0/GNU-tools-for-STM32/bin/../lib/gcc/arm-none-eabi/13.3.1/../../../../arm-none-eabi/lib/thumb/v7e-m/nofp\libg.a(libc_a-init.o)
 .debug_aranges
                0x00000e58       0x68 D:/ST/STM32CubeCLT_1.18.0/GNU-tools-for-STM32/bin/../lib/gcc/arm-none-eabi/13.3.1/../../../../arm-none-eabi/lib/thumb/v7e-m/nofp\libg.a(libc_a-lock.o)
 .debug_aranges
                0x00000ec0       0x20 D:/ST/STM32CubeCLT_1.18.0/GNU-tools-for-STM32/bin/../lib/gcc/arm-none-eabi/13.3.1/../../../../arm-none-eabi/lib/thumb/v7e-m/nofp\libg.a(libc_a-memcpy-stub.o)
 .debug_aranges
                0x00000ee0       0x28 D:/ST/STM32CubeCLT_1.18.0/GNU-tools-for-STM32/bin/../lib/gcc/arm-none-eabi/13.3.1/../../../../arm-none-eabi/lib/thumb/v7e-m/nofp\libg.a(libc_a-__call_atexit.o)
 .debug_aranges
                0x00000f08       0x20 D:/ST/STM32CubeCLT_1.18.0/GNU-tools-for-STM32/bin/../lib/gcc/arm-none-eabi/13.3.1/../../../../arm-none-eabi/lib/thumb/v7e-m/nofp\libg.a(libc_a-atexit.o)
 .debug_aranges
                0x00000f28       0x20 D:/ST/STM32CubeCLT_1.18.0/GNU-tools-for-STM32/bin/../lib/gcc/arm-none-eabi/13.3.1/../../../../arm-none-eabi/lib/thumb/v7e-m/nofp\libg.a(libc_a-fini.o)
 .debug_aranges
                0x00000f48       0x20 D:/ST/STM32CubeCLT_1.18.0/GNU-tools-for-STM32/bin/../lib/gcc/arm-none-eabi/13.3.1/../../../../arm-none-eabi/lib/thumb/v7e-m/nofp\libg.a(libc_a-__atexit.o)

.debug_rnglists
                0x00000000      0xb9c
 .debug_rnglists
                0x00000000       0x14 CMakeFiles/YunTai.elf.dir/Core/Src/gpio.c.obj
 .debug_rnglists
                0x00000014       0x20 CMakeFiles/YunTai.elf.dir/Core/Src/main.c.obj
 .debug_rnglists
                0x00000034       0x13 CMakeFiles/YunTai.elf.dir/Core/Src/stm32f4xx_hal_msp.c.obj
 .debug_rnglists
                0x00000047       0x4f CMakeFiles/YunTai.elf.dir/Core/Src/stm32f4xx_it.c.obj
 .debug_rnglists
                0x00000096       0x1a CMakeFiles/YunTai.elf.dir/Core/Src/system_stm32f4xx.c.obj
 .debug_rnglists
                0x000000b0       0x36 CMakeFiles/YunTai.elf.dir/Core/Src/tim.c.obj
 .debug_rnglists
                0x000000e6       0x26 CMakeFiles/YunTai.elf.dir/Core/Src/usart.c.obj
 .debug_rnglists
                0x0000010c       0x19 CMakeFiles/YunTai.elf.dir/Core/Startup/startup_stm32f407ighx.s.obj
 .debug_rnglists
                0x00000125       0xaf CMakeFiles/YunTai.elf.dir/Drivers/STM32F4xx_HAL_Driver/Src/stm32f4xx_hal.c.obj
 .debug_rnglists
                0x000001d4       0xb5 CMakeFiles/YunTai.elf.dir/Drivers/STM32F4xx_HAL_Driver/Src/stm32f4xx_hal_cortex.c.obj
 .debug_rnglists
                0x00000289       0x3f CMakeFiles/YunTai.elf.dir/Drivers/STM32F4xx_HAL_Driver/Src/stm32f4xx_hal_gpio.c.obj
 .debug_rnglists
                0x000002c8       0x75 CMakeFiles/YunTai.elf.dir/Drivers/STM32F4xx_HAL_Driver/Src/stm32f4xx_hal_rcc.c.obj
 .debug_rnglists
                0x0000033d      0x302 CMakeFiles/YunTai.elf.dir/Drivers/STM32F4xx_HAL_Driver/Src/stm32f4xx_hal_tim.c.obj
 .debug_rnglists
                0x0000063f      0x11b CMakeFiles/YunTai.elf.dir/Drivers/STM32F4xx_HAL_Driver/Src/stm32f4xx_hal_tim_ex.c.obj
 .debug_rnglists
                0x0000075a      0x195 CMakeFiles/YunTai.elf.dir/Drivers/STM32F4xx_HAL_Driver/Src/stm32f4xx_hal_uart.c.obj
 .debug_rnglists
                0x000008ef       0x31 CMakeFiles/YunTai.elf.dir/Lib/Src/LED.cpp.obj
 .debug_rnglists
                0x00000920       0x5c CMakeFiles/YunTai.elf.dir/Lib/Src/step_motor.cpp.obj
 .debug_rnglists
                0x0000097c       0x19 CMakeFiles/YunTai.elf.dir/User/Src/User_main.cpp.obj
 .debug_rnglists
                0x00000995       0x13 D:/ST/STM32CubeCLT_1.18.0/GNU-tools-for-STM32/bin/../lib/gcc/arm-none-eabi/13.3.1/../../../../arm-none-eabi/lib/thumb/v7e-m/nofp\libg.a(libc_a-abort.o)
 .debug_rnglists
                0x000009a8       0x7a D:/ST/STM32CubeCLT_1.18.0/GNU-tools-for-STM32/bin/../lib/gcc/arm-none-eabi/13.3.1/../../../../arm-none-eabi/lib/thumb/v7e-m/nofp\libg.a(libc_a-findfp.o)
 .debug_rnglists
                0x00000a22       0x13 D:/ST/STM32CubeCLT_1.18.0/GNU-tools-for-STM32/bin/../lib/gcc/arm-none-eabi/13.3.1/../../../../arm-none-eabi/lib/thumb/v7e-m/nofp\libg.a(libc_a-memset.o)
 .debug_rnglists
                0x00000a35       0x3d D:/ST/STM32CubeCLT_1.18.0/GNU-tools-for-STM32/bin/../lib/gcc/arm-none-eabi/13.3.1/../../../../arm-none-eabi/lib/thumb/v7e-m/nofp\libg.a(libc_a-signal.o)
 .debug_rnglists
                0x00000a72       0x2b D:/ST/STM32CubeCLT_1.18.0/GNU-tools-for-STM32/bin/../lib/gcc/arm-none-eabi/13.3.1/../../../../arm-none-eabi/lib/thumb/v7e-m/nofp\libg.a(libc_a-reent.o)
 .debug_rnglists
                0x00000a9d       0x19 D:/ST/STM32CubeCLT_1.18.0/GNU-tools-for-STM32/bin/../lib/gcc/arm-none-eabi/13.3.1/../../../../arm-none-eabi/lib/thumb/v7e-m/nofp\libg.a(libc_a-signalr.o)
 .debug_rnglists
                0x00000ab6       0x13 D:/ST/STM32CubeCLT_1.18.0/GNU-tools-for-STM32/bin/../lib/gcc/arm-none-eabi/13.3.1/../../../../arm-none-eabi/lib/thumb/v7e-m/nofp\libg.a(libc_a-errno.o)
 .debug_rnglists
                0x00000ac9       0x13 D:/ST/STM32CubeCLT_1.18.0/GNU-tools-for-STM32/bin/../lib/gcc/arm-none-eabi/13.3.1/../../../../arm-none-eabi/lib/thumb/v7e-m/nofp\libg.a(libc_a-init.o)
 .debug_rnglists
                0x00000adc       0x49 D:/ST/STM32CubeCLT_1.18.0/GNU-tools-for-STM32/bin/../lib/gcc/arm-none-eabi/13.3.1/../../../../arm-none-eabi/lib/thumb/v7e-m/nofp\libg.a(libc_a-lock.o)
 .debug_rnglists
                0x00000b25       0x13 D:/ST/STM32CubeCLT_1.18.0/GNU-tools-for-STM32/bin/../lib/gcc/arm-none-eabi/13.3.1/../../../../arm-none-eabi/lib/thumb/v7e-m/nofp\libg.a(libc_a-memcpy-stub.o)
 .debug_rnglists
                0x00000b38       0x2a D:/ST/STM32CubeCLT_1.18.0/GNU-tools-for-STM32/bin/../lib/gcc/arm-none-eabi/13.3.1/../../../../arm-none-eabi/lib/thumb/v7e-m/nofp\libg.a(libc_a-__call_atexit.o)
 .debug_rnglists
                0x00000b62       0x13 D:/ST/STM32CubeCLT_1.18.0/GNU-tools-for-STM32/bin/../lib/gcc/arm-none-eabi/13.3.1/../../../../arm-none-eabi/lib/thumb/v7e-m/nofp\libg.a(libc_a-atexit.o)
 .debug_rnglists
                0x00000b75       0x13 D:/ST/STM32CubeCLT_1.18.0/GNU-tools-for-STM32/bin/../lib/gcc/arm-none-eabi/13.3.1/../../../../arm-none-eabi/lib/thumb/v7e-m/nofp\libg.a(libc_a-fini.o)
 .debug_rnglists
                0x00000b88       0x14 D:/ST/STM32CubeCLT_1.18.0/GNU-tools-for-STM32/bin/../lib/gcc/arm-none-eabi/13.3.1/../../../../arm-none-eabi/lib/thumb/v7e-m/nofp\libg.a(libc_a-__atexit.o)

.debug_line     0x00000000    0x10864
 .debug_line    0x00000000      0x2c2 CMakeFiles/YunTai.elf.dir/Core/Src/gpio.c.obj
 .debug_line    0x000002c2      0x443 CMakeFiles/YunTai.elf.dir/Core/Src/main.c.obj
 .debug_line    0x00000705      0x1ec CMakeFiles/YunTai.elf.dir/Core/Src/stm32f4xx_hal_msp.c.obj
 .debug_line    0x000008f1      0x35e CMakeFiles/YunTai.elf.dir/Core/Src/stm32f4xx_it.c.obj
 .debug_line    0x00000c4f      0x2b4 CMakeFiles/YunTai.elf.dir/Core/Src/system_stm32f4xx.c.obj
 .debug_line    0x00000f03      0x7e8 CMakeFiles/YunTai.elf.dir/Core/Src/tim.c.obj
 .debug_line    0x000016eb      0x454 CMakeFiles/YunTai.elf.dir/Core/Src/usart.c.obj
 .debug_line    0x00001b3f       0x7a CMakeFiles/YunTai.elf.dir/Core/Startup/startup_stm32f407ighx.s.obj
 .debug_line    0x00001bb9      0x639 CMakeFiles/YunTai.elf.dir/Drivers/STM32F4xx_HAL_Driver/Src/stm32f4xx_hal.c.obj
 .debug_line    0x000021f2      0x8fc CMakeFiles/YunTai.elf.dir/Drivers/STM32F4xx_HAL_Driver/Src/stm32f4xx_hal_cortex.c.obj
 .debug_line    0x00002aee      0x7a9 CMakeFiles/YunTai.elf.dir/Drivers/STM32F4xx_HAL_Driver/Src/stm32f4xx_hal_gpio.c.obj
 .debug_line    0x00003297      0xc71 CMakeFiles/YunTai.elf.dir/Drivers/STM32F4xx_HAL_Driver/Src/stm32f4xx_hal_rcc.c.obj
 .debug_line    0x00003f08     0x4843 CMakeFiles/YunTai.elf.dir/Drivers/STM32F4xx_HAL_Driver/Src/stm32f4xx_hal_tim.c.obj
 .debug_line    0x0000874b     0x1b6b CMakeFiles/YunTai.elf.dir/Drivers/STM32F4xx_HAL_Driver/Src/stm32f4xx_hal_tim_ex.c.obj
 .debug_line    0x0000a2b6     0x35e2 CMakeFiles/YunTai.elf.dir/Drivers/STM32F4xx_HAL_Driver/Src/stm32f4xx_hal_uart.c.obj
 .debug_line    0x0000d898      0x2b3 CMakeFiles/YunTai.elf.dir/Lib/Src/LED.cpp.obj
 .debug_line    0x0000db4b      0x95e CMakeFiles/YunTai.elf.dir/Lib/Src/step_motor.cpp.obj
 .debug_line    0x0000e4a9      0x384 CMakeFiles/YunTai.elf.dir/User/Src/User_main.cpp.obj
 .debug_line    0x0000e82d      0x167 D:/ST/STM32CubeCLT_1.18.0/GNU-tools-for-STM32/bin/../lib/gcc/arm-none-eabi/13.3.1/../../../../arm-none-eabi/lib/thumb/v7e-m/nofp\libg.a(libc_a-abort.o)
 .debug_line    0x0000e994      0x5c0 D:/ST/STM32CubeCLT_1.18.0/GNU-tools-for-STM32/bin/../lib/gcc/arm-none-eabi/13.3.1/../../../../arm-none-eabi/lib/thumb/v7e-m/nofp\libg.a(libc_a-findfp.o)
 .debug_line    0x0000ef54      0x17e D:/ST/STM32CubeCLT_1.18.0/GNU-tools-for-STM32/bin/../lib/gcc/arm-none-eabi/13.3.1/../../../../arm-none-eabi/lib/thumb/v7e-m/nofp\libg.a(libc_a-memset.o)
 .debug_line    0x0000f0d2      0x455 D:/ST/STM32CubeCLT_1.18.0/GNU-tools-for-STM32/bin/../lib/gcc/arm-none-eabi/13.3.1/../../../../arm-none-eabi/lib/thumb/v7e-m/nofp\libg.a(libc_a-signal.o)
 .debug_line    0x0000f527      0x27f D:/ST/STM32CubeCLT_1.18.0/GNU-tools-for-STM32/bin/../lib/gcc/arm-none-eabi/13.3.1/../../../../arm-none-eabi/lib/thumb/v7e-m/nofp\libg.a(libc_a-reent.o)
 .debug_line    0x0000f7a6      0x163 D:/ST/STM32CubeCLT_1.18.0/GNU-tools-for-STM32/bin/../lib/gcc/arm-none-eabi/13.3.1/../../../../arm-none-eabi/lib/thumb/v7e-m/nofp\libg.a(libc_a-impure.o)
 .debug_line    0x0000f909      0x250 D:/ST/STM32CubeCLT_1.18.0/GNU-tools-for-STM32/bin/../lib/gcc/arm-none-eabi/13.3.1/../../../../arm-none-eabi/lib/thumb/v7e-m/nofp\libg.a(libc_a-signalr.o)
 .debug_line    0x0000fb59      0x185 D:/ST/STM32CubeCLT_1.18.0/GNU-tools-for-STM32/bin/../lib/gcc/arm-none-eabi/13.3.1/../../../../arm-none-eabi/lib/thumb/v7e-m/nofp\libg.a(libc_a-errno.o)
 .debug_line    0x0000fcde      0x170 D:/ST/STM32CubeCLT_1.18.0/GNU-tools-for-STM32/bin/../lib/gcc/arm-none-eabi/13.3.1/../../../../arm-none-eabi/lib/thumb/v7e-m/nofp\libg.a(libc_a-init.o)
 .debug_line    0x0000fe4e      0x19b D:/ST/STM32CubeCLT_1.18.0/GNU-tools-for-STM32/bin/../lib/gcc/arm-none-eabi/13.3.1/../../../../arm-none-eabi/lib/thumb/v7e-m/nofp\libg.a(libc_a-lock.o)
 .debug_line    0x0000ffe9      0x202 D:/ST/STM32CubeCLT_1.18.0/GNU-tools-for-STM32/bin/../lib/gcc/arm-none-eabi/13.3.1/../../../../arm-none-eabi/lib/thumb/v7e-m/nofp\libg.a(libc_a-memcpy-stub.o)
 .debug_line    0x000101eb      0x29e D:/ST/STM32CubeCLT_1.18.0/GNU-tools-for-STM32/bin/../lib/gcc/arm-none-eabi/13.3.1/../../../../arm-none-eabi/lib/thumb/v7e-m/nofp\libg.a(libc_a-__call_atexit.o)
 .debug_line    0x00010489      0x102 D:/ST/STM32CubeCLT_1.18.0/GNU-tools-for-STM32/bin/../lib/gcc/arm-none-eabi/13.3.1/../../../../arm-none-eabi/lib/thumb/v7e-m/nofp\libg.a(libc_a-atexit.o)
 .debug_line    0x0001058b      0x134 D:/ST/STM32CubeCLT_1.18.0/GNU-tools-for-STM32/bin/../lib/gcc/arm-none-eabi/13.3.1/../../../../arm-none-eabi/lib/thumb/v7e-m/nofp\libg.a(libc_a-fini.o)
 .debug_line    0x000106bf      0x1a5 D:/ST/STM32CubeCLT_1.18.0/GNU-tools-for-STM32/bin/../lib/gcc/arm-none-eabi/13.3.1/../../../../arm-none-eabi/lib/thumb/v7e-m/nofp\libg.a(libc_a-__atexit.o)

.debug_str      0x00000000     0x5064
 .debug_str     0x00000000     0x5064 CMakeFiles/YunTai.elf.dir/Core/Src/gpio.c.obj
                                0x398 (size before relaxing)
 .debug_str     0x00005064      0x50f CMakeFiles/YunTai.elf.dir/Core/Src/main.c.obj
 .debug_str     0x00005064      0x2d9 CMakeFiles/YunTai.elf.dir/Core/Src/stm32f4xx_hal_msp.c.obj
 .debug_str     0x00005064      0x7ca CMakeFiles/YunTai.elf.dir/Core/Src/stm32f4xx_it.c.obj
 .debug_str     0x00005064      0x33f CMakeFiles/YunTai.elf.dir/Core/Src/system_stm32f4xx.c.obj
 .debug_str     0x00005064     0x110f CMakeFiles/YunTai.elf.dir/Core/Src/tim.c.obj
 .debug_str     0x00005064      0x86f CMakeFiles/YunTai.elf.dir/Core/Src/usart.c.obj
 .debug_str     0x00005064       0x8f CMakeFiles/YunTai.elf.dir/Core/Startup/startup_stm32f407ighx.s.obj
 .debug_str     0x00005064      0xb82 CMakeFiles/YunTai.elf.dir/Drivers/STM32F4xx_HAL_Driver/Src/stm32f4xx_hal.c.obj
 .debug_str     0x00005064      0xc93 CMakeFiles/YunTai.elf.dir/Drivers/STM32F4xx_HAL_Driver/Src/stm32f4xx_hal_cortex.c.obj
 .debug_str     0x00005064      0x4fe CMakeFiles/YunTai.elf.dir/Drivers/STM32F4xx_HAL_Driver/Src/stm32f4xx_hal_gpio.c.obj
 .debug_str     0x00005064      0x724 CMakeFiles/YunTai.elf.dir/Drivers/STM32F4xx_HAL_Driver/Src/stm32f4xx_hal_rcc.c.obj
 .debug_str     0x00005064     0x171d CMakeFiles/YunTai.elf.dir/Drivers/STM32F4xx_HAL_Driver/Src/stm32f4xx_hal_tim.c.obj
 .debug_str     0x00005064      0xf29 CMakeFiles/YunTai.elf.dir/Drivers/STM32F4xx_HAL_Driver/Src/stm32f4xx_hal_tim_ex.c.obj
 .debug_str     0x00005064      0xdb9 CMakeFiles/YunTai.elf.dir/Drivers/STM32F4xx_HAL_Driver/Src/stm32f4xx_hal_uart.c.obj
 .debug_str     0x00005064      0x28e CMakeFiles/YunTai.elf.dir/Lib/Src/LED.cpp.obj
 .debug_str     0x00005064      0xddc CMakeFiles/YunTai.elf.dir/Lib/Src/step_motor.cpp.obj
 .debug_str     0x00005064      0xd8e CMakeFiles/YunTai.elf.dir/User/Src/User_main.cpp.obj
 .debug_str     0x00005064      0x209 D:/ST/STM32CubeCLT_1.18.0/GNU-tools-for-STM32/bin/../lib/gcc/arm-none-eabi/13.3.1/../../../../arm-none-eabi/lib/thumb/v7e-m/nofp\libg.a(libc_a-abort.o)
 .debug_str     0x00005064      0x7b3 D:/ST/STM32CubeCLT_1.18.0/GNU-tools-for-STM32/bin/../lib/gcc/arm-none-eabi/13.3.1/../../../../arm-none-eabi/lib/thumb/v7e-m/nofp\libg.a(libc_a-findfp.o)
 .debug_str     0x00005064      0x206 D:/ST/STM32CubeCLT_1.18.0/GNU-tools-for-STM32/bin/../lib/gcc/arm-none-eabi/13.3.1/../../../../arm-none-eabi/lib/thumb/v7e-m/nofp\libg.a(libc_a-memset.o)
 .debug_str     0x00005064      0x5b2 D:/ST/STM32CubeCLT_1.18.0/GNU-tools-for-STM32/bin/../lib/gcc/arm-none-eabi/13.3.1/../../../../arm-none-eabi/lib/thumb/v7e-m/nofp\libg.a(libc_a-signal.o)
 .debug_str     0x00005064      0x54a D:/ST/STM32CubeCLT_1.18.0/GNU-tools-for-STM32/bin/../lib/gcc/arm-none-eabi/13.3.1/../../../../arm-none-eabi/lib/thumb/v7e-m/nofp\libg.a(libc_a-reent.o)
 .debug_str     0x00005064      0x530 D:/ST/STM32CubeCLT_1.18.0/GNU-tools-for-STM32/bin/../lib/gcc/arm-none-eabi/13.3.1/../../../../arm-none-eabi/lib/thumb/v7e-m/nofp\libg.a(libc_a-impure.o)
 .debug_str     0x00005064      0x547 D:/ST/STM32CubeCLT_1.18.0/GNU-tools-for-STM32/bin/../lib/gcc/arm-none-eabi/13.3.1/../../../../arm-none-eabi/lib/thumb/v7e-m/nofp\libg.a(libc_a-signalr.o)
 .debug_str     0x00005064      0x525 D:/ST/STM32CubeCLT_1.18.0/GNU-tools-for-STM32/bin/../lib/gcc/arm-none-eabi/13.3.1/../../../../arm-none-eabi/lib/thumb/v7e-m/nofp\libg.a(libc_a-errno.o)
 .debug_str     0x00005064      0x267 D:/ST/STM32CubeCLT_1.18.0/GNU-tools-for-STM32/bin/../lib/gcc/arm-none-eabi/13.3.1/../../../../arm-none-eabi/lib/thumb/v7e-m/nofp\libg.a(libc_a-init.o)
 .debug_str     0x00005064      0x39d D:/ST/STM32CubeCLT_1.18.0/GNU-tools-for-STM32/bin/../lib/gcc/arm-none-eabi/13.3.1/../../../../arm-none-eabi/lib/thumb/v7e-m/nofp\libg.a(libc_a-lock.o)
 .debug_str     0x00005064      0x224 D:/ST/STM32CubeCLT_1.18.0/GNU-tools-for-STM32/bin/../lib/gcc/arm-none-eabi/13.3.1/../../../../arm-none-eabi/lib/thumb/v7e-m/nofp\libg.a(libc_a-memcpy-stub.o)
 .debug_str     0x00005064      0x343 D:/ST/STM32CubeCLT_1.18.0/GNU-tools-for-STM32/bin/../lib/gcc/arm-none-eabi/13.3.1/../../../../arm-none-eabi/lib/thumb/v7e-m/nofp\libg.a(libc_a-__call_atexit.o)
 .debug_str     0x00005064      0x243 D:/ST/STM32CubeCLT_1.18.0/GNU-tools-for-STM32/bin/../lib/gcc/arm-none-eabi/13.3.1/../../../../arm-none-eabi/lib/thumb/v7e-m/nofp\libg.a(libc_a-atexit.o)
 .debug_str     0x00005064      0x23d D:/ST/STM32CubeCLT_1.18.0/GNU-tools-for-STM32/bin/../lib/gcc/arm-none-eabi/13.3.1/../../../../arm-none-eabi/lib/thumb/v7e-m/nofp\libg.a(libc_a-fini.o)
 .debug_str     0x00005064      0x31a D:/ST/STM32CubeCLT_1.18.0/GNU-tools-for-STM32/bin/../lib/gcc/arm-none-eabi/13.3.1/../../../../arm-none-eabi/lib/thumb/v7e-m/nofp\libg.a(libc_a-__atexit.o)

.comment        0x00000000       0x43
 .comment       0x00000000       0x43 CMakeFiles/YunTai.elf.dir/Core/Src/gpio.c.obj
                                 0x44 (size before relaxing)
 .comment       0x00000043       0x44 CMakeFiles/YunTai.elf.dir/Core/Src/main.c.obj
 .comment       0x00000043       0x44 CMakeFiles/YunTai.elf.dir/Core/Src/stm32f4xx_hal_msp.c.obj
 .comment       0x00000043       0x44 CMakeFiles/YunTai.elf.dir/Core/Src/stm32f4xx_it.c.obj
 .comment       0x00000043       0x44 CMakeFiles/YunTai.elf.dir/Core/Src/system_stm32f4xx.c.obj
 .comment       0x00000043       0x44 CMakeFiles/YunTai.elf.dir/Core/Src/tim.c.obj
 .comment       0x00000043       0x44 CMakeFiles/YunTai.elf.dir/Core/Src/usart.c.obj
 .comment       0x00000043       0x44 CMakeFiles/YunTai.elf.dir/Drivers/STM32F4xx_HAL_Driver/Src/stm32f4xx_hal.c.obj
 .comment       0x00000043       0x44 CMakeFiles/YunTai.elf.dir/Drivers/STM32F4xx_HAL_Driver/Src/stm32f4xx_hal_cortex.c.obj
 .comment       0x00000043       0x44 CMakeFiles/YunTai.elf.dir/Drivers/STM32F4xx_HAL_Driver/Src/stm32f4xx_hal_gpio.c.obj
 .comment       0x00000043       0x44 CMakeFiles/YunTai.elf.dir/Drivers/STM32F4xx_HAL_Driver/Src/stm32f4xx_hal_rcc.c.obj
 .comment       0x00000043       0x44 CMakeFiles/YunTai.elf.dir/Drivers/STM32F4xx_HAL_Driver/Src/stm32f4xx_hal_tim.c.obj
 .comment       0x00000043       0x44 CMakeFiles/YunTai.elf.dir/Drivers/STM32F4xx_HAL_Driver/Src/stm32f4xx_hal_tim_ex.c.obj
 .comment       0x00000043       0x44 CMakeFiles/YunTai.elf.dir/Drivers/STM32F4xx_HAL_Driver/Src/stm32f4xx_hal_uart.c.obj
 .comment       0x00000043       0x44 CMakeFiles/YunTai.elf.dir/Lib/Src/LED.cpp.obj
 .comment       0x00000043       0x44 CMakeFiles/YunTai.elf.dir/Lib/Src/step_motor.cpp.obj
 .comment       0x00000043       0x44 CMakeFiles/YunTai.elf.dir/User/Src/User_main.cpp.obj
 .comment       0x00000043       0x44 D:/ST/STM32CubeCLT_1.18.0/GNU-tools-for-STM32/bin/../lib/gcc/arm-none-eabi/13.3.1/../../../../arm-none-eabi/lib/thumb/v7e-m/nofp\libg.a(libc_a-abort.o)
 .comment       0x00000043       0x44 D:/ST/STM32CubeCLT_1.18.0/GNU-tools-for-STM32/bin/../lib/gcc/arm-none-eabi/13.3.1/../../../../arm-none-eabi/lib/thumb/v7e-m/nofp\libg.a(libc_a-findfp.o)
 .comment       0x00000043       0x44 D:/ST/STM32CubeCLT_1.18.0/GNU-tools-for-STM32/bin/../lib/gcc/arm-none-eabi/13.3.1/../../../../arm-none-eabi/lib/thumb/v7e-m/nofp\libg.a(libc_a-memset.o)
 .comment       0x00000043       0x44 D:/ST/STM32CubeCLT_1.18.0/GNU-tools-for-STM32/bin/../lib/gcc/arm-none-eabi/13.3.1/../../../../arm-none-eabi/lib/thumb/v7e-m/nofp\libg.a(libc_a-signal.o)
 .comment       0x00000043       0x44 D:/ST/STM32CubeCLT_1.18.0/GNU-tools-for-STM32/bin/../lib/gcc/arm-none-eabi/13.3.1/../../../../arm-none-eabi/lib/thumb/v7e-m/nofp\libg.a(libc_a-reent.o)
 .comment       0x00000043       0x44 D:/ST/STM32CubeCLT_1.18.0/GNU-tools-for-STM32/bin/../lib/gcc/arm-none-eabi/13.3.1/../../../../arm-none-eabi/lib/thumb/v7e-m/nofp\libg.a(libc_a-impure.o)
 .comment       0x00000043       0x44 D:/ST/STM32CubeCLT_1.18.0/GNU-tools-for-STM32/bin/../lib/gcc/arm-none-eabi/13.3.1/../../../../arm-none-eabi/lib/thumb/v7e-m/nofp\libg.a(libc_a-signalr.o)
 .comment       0x00000043       0x44 D:/ST/STM32CubeCLT_1.18.0/GNU-tools-for-STM32/bin/../lib/gcc/arm-none-eabi/13.3.1/../../../../arm-none-eabi/lib/thumb/v7e-m/nofp\libg.a(libc_a-errno.o)
 .comment       0x00000043       0x44 D:/ST/STM32CubeCLT_1.18.0/GNU-tools-for-STM32/bin/../lib/gcc/arm-none-eabi/13.3.1/../../../../arm-none-eabi/lib/thumb/v7e-m/nofp\libg.a(libc_a-init.o)
 .comment       0x00000043       0x44 D:/ST/STM32CubeCLT_1.18.0/GNU-tools-for-STM32/bin/../lib/gcc/arm-none-eabi/13.3.1/../../../../arm-none-eabi/lib/thumb/v7e-m/nofp\libg.a(libc_a-lock.o)
 .comment       0x00000043       0x44 D:/ST/STM32CubeCLT_1.18.0/GNU-tools-for-STM32/bin/../lib/gcc/arm-none-eabi/13.3.1/../../../../arm-none-eabi/lib/thumb/v7e-m/nofp\libg.a(libc_a-memcpy-stub.o)
 .comment       0x00000043       0x44 D:/ST/STM32CubeCLT_1.18.0/GNU-tools-for-STM32/bin/../lib/gcc/arm-none-eabi/13.3.1/../../../../arm-none-eabi/lib/thumb/v7e-m/nofp\libg.a(libc_a-__call_atexit.o)
 .comment       0x00000043       0x44 D:/ST/STM32CubeCLT_1.18.0/GNU-tools-for-STM32/bin/../lib/gcc/arm-none-eabi/13.3.1/../../../../arm-none-eabi/lib/thumb/v7e-m/nofp\libg.a(libc_a-atexit.o)
 .comment       0x00000043       0x44 D:/ST/STM32CubeCLT_1.18.0/GNU-tools-for-STM32/bin/../lib/gcc/arm-none-eabi/13.3.1/../../../../arm-none-eabi/lib/thumb/v7e-m/nofp\libg.a(libc_a-fini.o)