Archive member included to satisfy reference by file (symbol)

D:/ST/STM32CubeCLT_1.18.0/GNU-tools-for-STM32/bin/../lib/gcc/arm-none-eabi/13.3.1/../../../../arm-none-eabi/lib/thumb/v7e-m/nofp\libm.a(libm_a-sf_lround.o)
                              CMakeFiles/YunTai.elf.dir/Lib/Src/perspective.cpp.obj (lroundf)
D:/ST/STM32CubeCLT_1.18.0/GNU-tools-for-STM32/bin/../lib/gcc/arm-none-eabi/13.3.1/thumb/v7e-m/nofp\libgcc.a(_arm_mulsf3.o)
                              CMakeFiles/YunTai.elf.dir/Lib/Src/SG90.c.obj (__aeabi_fmul)
D:/ST/STM32CubeCLT_1.18.0/GNU-tools-for-STM32/bin/../lib/gcc/arm-none-eabi/13.3.1/thumb/v7e-m/nofp\libgcc.a(_arm_addsubsf3.o)
                              CMakeFiles/YunTai.elf.dir/Lib/Src/step_motor.cpp.obj (__aeabi_fsub)
D:/ST/STM32CubeCLT_1.18.0/GNU-tools-for-STM32/bin/../lib/gcc/arm-none-eabi/13.3.1/thumb/v7e-m/nofp\libgcc.a(_arm_muldivsf3.o)
                              CMakeFiles/YunTai.elf.dir/Lib/Src/SG90.c.obj (__aeabi_fdiv)
D:/ST/STM32CubeCLT_1.18.0/GNU-tools-for-STM32/bin/../lib/gcc/arm-none-eabi/13.3.1/thumb/v7e-m/nofp\libgcc.a(_arm_cmpsf2.o)
                              CMakeFiles/YunTai.elf.dir/Lib/Src/SG90.c.obj (__aeabi_fcmplt)
D:/ST/STM32CubeCLT_1.18.0/GNU-tools-for-STM32/bin/../lib/gcc/arm-none-eabi/13.3.1/thumb/v7e-m/nofp\libgcc.a(_arm_fixsfsi.o)
                              CMakeFiles/YunTai.elf.dir/Lib/Src/SG90.c.obj (__aeabi_f2iz)
D:/ST/STM32CubeCLT_1.18.0/GNU-tools-for-STM32/bin/../lib/gcc/arm-none-eabi/13.3.1/thumb/v7e-m/nofp\libgcc.a(_arm_fixunssfsi.o)
                              CMakeFiles/YunTai.elf.dir/Lib/Src/step_motor.cpp.obj (__aeabi_f2uiz)
D:/ST/STM32CubeCLT_1.18.0/GNU-tools-for-STM32/bin/../lib/gcc/arm-none-eabi/13.3.1/thumb/v7e-m/nofp\libgcc.a(_aeabi_uldivmod.o)
                              CMakeFiles/YunTai.elf.dir/Drivers/STM32F4xx_HAL_Driver/Src/stm32f4xx_hal_rcc.c.obj (__aeabi_uldivmod)
D:/ST/STM32CubeCLT_1.18.0/GNU-tools-for-STM32/bin/../lib/gcc/arm-none-eabi/13.3.1/thumb/v7e-m/nofp\libgcc.a(_udivmoddi4.o)
                              D:/ST/STM32CubeCLT_1.18.0/GNU-tools-for-STM32/bin/../lib/gcc/arm-none-eabi/13.3.1/thumb/v7e-m/nofp\libgcc.a(_aeabi_uldivmod.o) (__udivmoddi4)
D:/ST/STM32CubeCLT_1.18.0/GNU-tools-for-STM32/bin/../lib/gcc/arm-none-eabi/13.3.1/thumb/v7e-m/nofp\libgcc.a(unwind-arm.o)
                              CMakeFiles/YunTai.elf.dir/Lib/Src/perspective.cpp.obj (__aeabi_unwind_cpp_pr0)
D:/ST/STM32CubeCLT_1.18.0/GNU-tools-for-STM32/bin/../lib/gcc/arm-none-eabi/13.3.1/thumb/v7e-m/nofp\libgcc.a(libunwind.o)
                              D:/ST/STM32CubeCLT_1.18.0/GNU-tools-for-STM32/bin/../lib/gcc/arm-none-eabi/13.3.1/thumb/v7e-m/nofp\libgcc.a(unwind-arm.o) (restore_core_regs)
D:/ST/STM32CubeCLT_1.18.0/GNU-tools-for-STM32/bin/../lib/gcc/arm-none-eabi/13.3.1/thumb/v7e-m/nofp\libgcc.a(pr-support.o)
                              D:/ST/STM32CubeCLT_1.18.0/GNU-tools-for-STM32/bin/../lib/gcc/arm-none-eabi/13.3.1/thumb/v7e-m/nofp\libgcc.a(unwind-arm.o) (__gnu_unwind_execute)
D:/ST/STM32CubeCLT_1.18.0/GNU-tools-for-STM32/bin/../lib/gcc/arm-none-eabi/13.3.1/thumb/v7e-m/nofp\libgcc.a(_dvmd_tls.o)
                              D:/ST/STM32CubeCLT_1.18.0/GNU-tools-for-STM32/bin/../lib/gcc/arm-none-eabi/13.3.1/thumb/v7e-m/nofp\libgcc.a(_aeabi_uldivmod.o) (__aeabi_ldiv0)
D:/ST/STM32CubeCLT_1.18.0/GNU-tools-for-STM32/bin/../lib/gcc/arm-none-eabi/13.3.1/../../../../arm-none-eabi/lib/thumb/v7e-m/nofp\libc.a(libc_a-abort.o)
                              D:/ST/STM32CubeCLT_1.18.0/GNU-tools-for-STM32/bin/../lib/gcc/arm-none-eabi/13.3.1/thumb/v7e-m/nofp\libgcc.a(unwind-arm.o) (abort)
D:/ST/STM32CubeCLT_1.18.0/GNU-tools-for-STM32/bin/../lib/gcc/arm-none-eabi/13.3.1/../../../../arm-none-eabi/lib/thumb/v7e-m/nofp\libc.a(libc_a-exit.o)
                              D:/ST/STM32CubeCLT_1.18.0/GNU-tools-for-STM32/bin/../lib/gcc/arm-none-eabi/13.3.1/../../../../arm-none-eabi/lib/thumb/v7e-m/nofp/crt0.o (exit)
D:/ST/STM32CubeCLT_1.18.0/GNU-tools-for-STM32/bin/../lib/gcc/arm-none-eabi/13.3.1/../../../../arm-none-eabi/lib/thumb/v7e-m/nofp\libc.a(libc_a-findfp.o)
                              D:/ST/STM32CubeCLT_1.18.0/GNU-tools-for-STM32/bin/../lib/gcc/arm-none-eabi/13.3.1/../../../../arm-none-eabi/lib/thumb/v7e-m/nofp\libc.a(libc_a-exit.o) (__stdio_exit_handler)
D:/ST/STM32CubeCLT_1.18.0/GNU-tools-for-STM32/bin/../lib/gcc/arm-none-eabi/13.3.1/../../../../arm-none-eabi/lib/thumb/v7e-m/nofp\libc.a(libc_a-fwalk.o)
                              D:/ST/STM32CubeCLT_1.18.0/GNU-tools-for-STM32/bin/../lib/gcc/arm-none-eabi/13.3.1/../../../../arm-none-eabi/lib/thumb/v7e-m/nofp\libc.a(libc_a-findfp.o) (_fwalk_sglue)
D:/ST/STM32CubeCLT_1.18.0/GNU-tools-for-STM32/bin/../lib/gcc/arm-none-eabi/13.3.1/../../../../arm-none-eabi/lib/thumb/v7e-m/nofp\libc.a(libc_a-stdio.o)
                              D:/ST/STM32CubeCLT_1.18.0/GNU-tools-for-STM32/bin/../lib/gcc/arm-none-eabi/13.3.1/../../../../arm-none-eabi/lib/thumb/v7e-m/nofp\libc.a(libc_a-findfp.o) (__sread)
[...]
Memory Configuration

Name             Origin             Length             Attributes
CCMRAM           0x10000000         0x00010000         xrw
RAM              0x20000000         0x00020000         xrw
FLASH            0x08000000         0x00100000         xr
*default*        0x00000000         0xffffffff

Linker script and memory map

LOAD D:/ST/STM32CubeCLT_1.18.0/GNU-tools-for-STM32/bin/../lib/gcc/arm-none-eabi/13.3.1/thumb/v7e-m/nofp/crti.o
LOAD D:/ST/STM32CubeCLT_1.18.0/GNU-tools-for-STM32/bin/../lib/gcc/arm-none-eabi/13.3.1/thumb/v7e-m/nofp/crtbegin.o
LOAD D:/ST/STM32CubeCLT_1.18.0/GNU-tools-for-STM32/bin/../lib/gcc/arm-none-eabi/13.3.1/../../../../arm-none-eabi/lib/thumb/v7e-m/nofp/crt0.o
LOAD CMakeFiles/YunTai.elf.dir/Core/Src/gpio.c.obj
LOAD CMakeFiles/YunTai.elf.dir/Core/Src/main.c.obj
LOAD CMakeFiles/YunTai.elf.dir/Core/Src/stm32f4xx_hal_msp.c.obj
LOAD CMakeFiles/YunTai.elf.dir/Core/Src/stm32f4xx_it.c.obj
LOAD CMakeFiles/YunTai.elf.dir/Core/Src/syscalls.c.obj
LOAD CMakeFiles/YunTai.elf.dir/Core/Src/sysmem.c.obj
LOAD CMakeFiles/YunTai.elf.dir/Core/Src/system_stm32f4xx.c.obj
LOAD CMakeFiles/YunTai.elf.dir/Core/Src/tim.c.obj
LOAD CMakeFiles/YunTai.elf.dir/Core/Src/usart.c.obj
LOAD CMakeFiles/YunTai.elf.dir/Core/Startup/startup_stm32f407ighx.s.obj
LOAD CMakeFiles/YunTai.elf.dir/Drivers/STM32F4xx_HAL_Driver/Src/stm32f4xx_hal.c.obj
LOAD CMakeFiles/YunTai.elf.dir/Drivers/STM32F4xx_HAL_Driver/Src/stm32f4xx_hal_cortex.c.obj
LOAD CMakeFiles/YunTai.elf.dir/Drivers/STM32F4xx_HAL_Driver/Src/stm32f4xx_hal_dma.c.obj
LOAD CMakeFiles/YunTai.elf.dir/Drivers/STM32F4xx_HAL_Driver/Src/stm32f4xx_hal_dma_ex.c.obj
LOAD CMakeFiles/YunTai.elf.dir/Drivers/STM32F4xx_HAL_Driver/Src/stm32f4xx_hal_exti.c.obj
LOAD CMakeFiles/YunTai.elf.dir/Drivers/STM32F4xx_HAL_Driver/Src/stm32f4xx_hal_flash.c.obj
LOAD CMakeFiles/YunTai.elf.dir/Drivers/STM32F4xx_HAL_Driver/Src/stm32f4xx_hal_flash_ex.c.obj
LOAD CMakeFiles/YunTai.elf.dir/Drivers/STM32F4xx_HAL_Driver/Src/stm32f4xx_hal_flash_ramfunc.c.obj
LOAD CMakeFiles/YunTai.elf.dir/Drivers/STM32F4xx_HAL_Driver/Src/stm32f4xx_hal_gpio.c.obj
LOAD CMakeFiles/YunTai.elf.dir/Drivers/STM32F4xx_HAL_Driver/Src/stm32f4xx_hal_pwr.c.obj
LOAD CMakeFiles/YunTai.elf.dir/Drivers/STM32F4xx_HAL_Driver/Src/stm32f4xx_hal_pwr_ex.c.obj
LOAD CMakeFiles/YunTai.elf.dir/Drivers/STM32F4xx_HAL_Driver/Src/stm32f4xx_hal_rcc.c.obj
LOAD CMakeFiles/YunTai.elf.dir/Drivers/STM32F4xx_HAL_Driver/Src/stm32f4xx_hal_rcc_ex.c.obj
LOAD CMakeFiles/YunTai.elf.dir/Drivers/STM32F4xx_HAL_Driver/Src/stm32f4xx_hal_tim.c.obj
LOAD CMakeFiles/YunTai.elf.dir/Drivers/STM32F4xx_HAL_Driver/Src/stm32f4xx_hal_tim_ex.c.obj
LOAD CMakeFiles/YunTai.elf.dir/Drivers/STM32F4xx_HAL_Driver/Src/stm32f4xx_hal_uart.c.obj
LOAD CMakeFiles/YunTai.elf.dir/Lib/Src/LED.cpp.obj
LOAD CMakeFiles/YunTai.elf.dir/Lib/Src/SG90.c.obj
LOAD CMakeFiles/YunTai.elf.dir/Lib/Src/perspective.cpp.obj
LOAD CMakeFiles/YunTai.elf.dir/Lib/Src/step_motor.cpp.obj
LOAD CMakeFiles/YunTai.elf.dir/Lib/Src/uart_io.cpp.obj
LOAD CMakeFiles/YunTai.elf.dir/User/Src/Usart.cpp.obj
LOAD CMakeFiles/YunTai.elf.dir/User/Src/User_main.cpp.obj
LOAD CMakeFiles/YunTai.elf.dir/User/Src/VelocitySolve.cpp.obj
LOAD D:/ST/STM32CubeCLT_1.18.0/GNU-tools-for-STM32/bin/../lib/gcc/arm-none-eabi/13.3.1/../../../../arm-none-eabi/lib/thumb/v7e-m/nofp\libstdc++.a
LOAD D:/ST/STM32CubeCLT_1.18.0/GNU-tools-for-STM32/bin/../lib/gcc/arm-none-eabi/13.3.1/../../../../arm-none-eabi/lib/thumb/v7e-m/nofp\libm.a
START GROUP
LOAD D:/ST/STM32CubeCLT_1.18.0/GNU-tools-for-STM32/bin/../lib/gcc/arm-none-eabi/13.3.1/thumb/v7e-m/nofp\libgcc.a
LOAD D:/ST/STM32CubeCLT_1.18.0/GNU-tools-for-STM32/bin/../lib/gcc/arm-none-eabi/13.3.1/../../../../arm-none-eabi/lib/thumb/v7e-m/nofp\libc.a
END GROUP
LOAD D:/ST/STM32CubeCLT_1.18.0/GNU-tools-for-STM32/bin/../lib/gcc/arm-none-eabi/13.3.1/thumb/v7e-m/nofp/crtend.o
LOAD D:/ST/STM32CubeCLT_1.18.0/GNU-tools-for-STM32/bin/../lib/gcc/arm-none-eabi/13.3.1/thumb/v7e-m/nofp/crtn.o
                0x20020000                        _estack = (ORIGIN (RAM) + LENGTH (RAM))
                0x00000200                        _Min_Heap_Size = 0x200
                0x00000400                        _Min_Stack_Size = 0x400

.isr_vector     0x08000000      0x188
                0x08000000                        . = ALIGN (0x4)
 *(.isr_vector)
 .isr_vector    0x08000000      0x188 CMakeFiles/YunTai.elf.dir/Core/Startup/startup_stm32f407ighx.s.obj
                0x08000000                g_pfnVectors
                0x08000188                        . = ALIGN (0x4)

.text           0x08000188     0x45e4
                0x08000188                        . = ALIGN (0x4)
 *(.text)
 .text          0x08000188       0x40 D:/ST/STM32CubeCLT_1.18.0/GNU-tools-for-STM32/bin/../lib/gcc/arm-none-eabi/13.3.1/thumb/v7e-m/nofp/crtbegin.o
 .text          0x080001c8      0x21c D:/ST/STM32CubeCLT_1.18.0/GNU-tools-for-STM32/bin/../lib/gcc/arm-none-eabi/13.3.1/thumb/v7e-m/nofp\libgcc.a(_arm_addsubsf3.o)
                0x080001c8                __aeabi_frsub
                0x080001d0                __subsf3
                0x080001d0                __aeabi_fsub
                0x080001d4                __aeabi_fadd
                0x080001d4                __addsf3
                0x08000334                __aeabi_ui2f
                0x08000334                __floatunsisf
                0x0800033c                __aeabi_i2f
                0x0800033c                __floatsisf
                0x08000358                __aeabi_ul2f
                0x08000358                __floatundisf
                0x08000368                __aeabi_l2f
                0x08000368                __floatdisf
 .text          0x080003e4      0x2a0 D:/ST/STM32CubeCLT_1.18.0/GNU-tools-for-STM32/bin/../lib/gcc/arm-none-eabi/13.3.1/thumb/v7e-m/nofp\libgcc.a(_arm_muldivsf3.o)
                0x080003e4                __mulsf3
                0x080003e4                __aeabi_fmul
                0x0800054c                __aeabi_fdiv
                0x0800054c                __divsf3
 .text          0x08000684       0xec D:/ST/STM32CubeCLT_1.18.0/GNU-tools-for-STM32/bin/../lib/gcc/arm-none-eabi/13.3.1/thumb/v7e-m/nofp\libgcc.a(_arm_cmpsf2.o)
                0x08000684                __gesf2
                0x08000684                __gtsf2
                0x0800068c                __lesf2
                0x0800068c                __ltsf2
                0x08000694                __nesf2
                0x08000694                __eqsf2
                0x08000694                __cmpsf2
                0x080006f4                __aeabi_cfrcmple
                0x080006fc                __aeabi_cfcmpeq
                0x080006fc                __aeabi_cfcmple
                0x0800070c                __aeabi_fcmpeq
                0x08000720                __aeabi_fcmplt
                0x08000734                __aeabi_fcmple
                0x08000748                __aeabi_fcmpge
                0x0800075c                __aeabi_fcmpgt
 .text          0x08000770       0x4c D:/ST/STM32CubeCLT_1.18.0/GNU-tools-for-STM32/bin/../lib/gcc/arm-none-eabi/13.3.1/thumb/v7e-m/nofp\libgcc.a(_arm_fixsfsi.o)
                0x08000770                __aeabi_f2iz
                0x08000770                __fixsfsi
 .text          0x080007bc       0x40 D:/ST/STM32CubeCLT_1.18.0/GNU-tools-for-STM32/bin/../lib/gcc/arm-none-eabi/13.3.1/thumb/v7e-m/nofp\libgcc.a(_arm_fixunssfsi.o)
                0x080007bc                __fixunssfsi
                0x080007bc                __aeabi_f2uiz
 .text          0x080007fc       0x30 D:/ST/STM32CubeCLT_1.18.0/GNU-tools-for-STM32/bin/../lib/gcc/arm-none-eabi/13.3.1/thumb/v7e-m/nofp\libgcc.a(_aeabi_uldivmod.o)
                0x080007fc                __aeabi_uldivmod
 .text          0x0800082c      0x2f8 D:/ST/STM32CubeCLT_1.18.0/GNU-tools-for-STM32/bin/../lib/gcc/arm-none-eabi/13.3.1/thumb/v7e-m/nofp\libgcc.a(_udivmoddi4.o)
                0x0800082c                __udivmoddi4
 .text          0x08000b24      0xa48 D:/ST/STM32CubeCLT_1.18.0/GNU-tools-for-STM32/bin/../lib/gcc/arm-none-eabi/13.3.1/thumb/v7e-m/nofp\libgcc.a(unwind-arm.o)
                0x08000de0                _Unwind_GetCFA
                0x08000de4                __gnu_Unwind_RaiseException
                0x08000e4c                __gnu_Unwind_ForcedUnwind
                0x08000e5c                __gnu_Unwind_Resume
                0x08000ea0                __gnu_Unwind_Resume_or_Rethrow
                0x08000eb0                _Unwind_Complete
                0x08000eb4                _Unwind_DeleteException
                0x08000ec0                _Unwind_VRS_Get
                0x08000f10                _Unwind_VRS_Set
                0x08000f5c                __gnu_Unwind_Backtrace
                0x08001284                __aeabi_unwind_cpp_pr0
                0x08001288                __aeabi_unwind_cpp_pr1
                0x0800128c                __aeabi_unwind_cpp_pr2
                0x08001290                _Unwind_VRS_Pop
 .text          0x0800156c      0x1ac D:/ST/STM32CubeCLT_1.18.0/GNU-tools-for-STM32/bin/../lib/gcc/arm-none-eabi/13.3.1/thumb/v7e-m/nofp\libgcc.a(libunwind.o)
                0x0800156c                __restore_core_regs
                0x0800156c                restore_core_regs
                0x08001584                __gnu_Unwind_Restore_VFP
                0x0800158c                __gnu_Unwind_Save_VFP
                0x08001594                __gnu_Unwind_Restore_VFP_D
                0x0800159c                __gnu_Unwind_Save_VFP_D
                0x080015a4                __gnu_Unwind_Restore_VFP_D_16_to_31
                0x080015ac                __gnu_Unwind_Save_VFP_D_16_to_31
                0x080015b4                __gnu_Unwind_Restore_WMMXD
                0x080015f8                __gnu_Unwind_Save_WMMXD
                0x0800163c                __gnu_Unwind_Restore_WMMXC
                0x08001650                __gnu_Unwind_Save_WMMXC
                0x08001664                ___Unwind_RaiseException
                0x08001664                _Unwind_RaiseException
                0x08001688                _Unwind_Resume
                0x08001688                ___Unwind_Resume
                0x080016ac                _Unwind_Resume_or_Rethrow
                0x080016ac                ___Unwind_Resume_or_Rethrow
                0x080016d0                _Unwind_ForcedUnwind
                0x080016d0                ___Unwind_ForcedUnwind
                0x080016f4                ___Unwind_Backtrace
                0x080016f4                _Unwind_Backtrace
 .text          0x08001718      0x3a0 D:/ST/STM32CubeCLT_1.18.0/GNU-tools-for-STM32/bin/../lib/gcc/arm-none-eabi/13.3.1/thumb/v7e-m/nofp\libgcc.a(pr-support.o)
                0x08001770                __gnu_unwind_execute
                0x08001a6c                __gnu_unwind_frame
                0x08001a98                _Unwind_GetRegionStart
                0x08001aa4                _Unwind_GetLanguageSpecificData
 .text          0x08001ab8        0x4 D:/ST/STM32CubeCLT_1.18.0/GNU-tools-for-STM32/bin/../lib/gcc/arm-none-eabi/13.3.1/thumb/v7e-m/nofp\libgcc.a(_dvmd_tls.o)
                0x08001ab8                __aeabi_idiv0
                0x08001ab8                __aeabi_ldiv0
 *(.text*)
 .text.MX_GPIO_Init
                0x08001abc      0x120 CMakeFiles/YunTai.elf.dir/Core/Src/gpio.c.obj
                0x08001abc                MX_GPIO_Init
 .text.Error_Handler
                0x08001bdc        0x4 CMakeFiles/YunTai.elf.dir/Core/Src/main.c.obj
                0x08001bdc                Error_Handler
 .text.SystemClock_Config
                0x08001be0       0xa4 CMakeFiles/YunTai.elf.dir/Core/Src/main.c.obj
                0x08001be0                SystemClock_Config
 .text.main     0x08001c84       0x2c CMakeFiles/YunTai.elf.dir/Core/Src/main.c.obj
                0x08001c84                main
 .text.HAL_MspInit
                0x08001cb0       0x38 CMakeFiles/YunTai.elf.dir/Core/Src/stm32f4xx_hal_msp.c.obj
                0x08001cb0                HAL_MspInit
 .text.NMI_Handler
                0x08001ce8        0x2 CMakeFiles/YunTai.elf.dir/Core/Src/stm32f4xx_it.c.obj
                0x08001ce8                NMI_Handler
 .text.HardFault_Handler
                0x08001cea        0x2 CMakeFiles/YunTai.elf.dir/Core/Src/stm32f4xx_it.c.obj
                0x08001cea                HardFault_Handler
 .text.MemManage_Handler
                0x08001cec        0x2 CMakeFiles/YunTai.elf.dir/Core/Src/stm32f4xx_it.c.obj
                0x08001cec                MemManage_Handler
 .text.BusFault_Handler
                0x08001cee        0x2 CMakeFiles/YunTai.elf.dir/Core/Src/stm32f4xx_it.c.obj
                0x08001cee                BusFault_Handler
 .text.UsageFault_Handler
                0x08001cf0        0x2 CMakeFiles/YunTai.elf.dir/Core/Src/stm32f4xx_it.c.obj
                0x08001cf0                UsageFault_Handler
 .text.SVC_Handler
                0x08001cf2        0x2 CMakeFiles/YunTai.elf.dir/Core/Src/stm32f4xx_it.c.obj
                0x08001cf2                SVC_Handler
 .text.DebugMon_Handler
                0x08001cf4        0x2 CMakeFiles/YunTai.elf.dir/Core/Src/stm32f4xx_it.c.obj
                0x08001cf4                DebugMon_Handler
 .text.PendSV_Handler
                0x08001cf6        0x2 CMakeFiles/YunTai.elf.dir/Core/Src/stm32f4xx_it.c.obj
                0x08001cf6                PendSV_Handler
 .text.SysTick_Handler
                0x08001cf8        0x8 CMakeFiles/YunTai.elf.dir/Core/Src/stm32f4xx_it.c.obj
                0x08001cf8                SysTick_Handler
 .text.TIM1_UP_TIM10_IRQHandler
                0x08001d00       0x10 CMakeFiles/YunTai.elf.dir/Core/Src/stm32f4xx_it.c.obj
                0x08001d00                TIM1_UP_TIM10_IRQHandler
 .text.TIM3_IRQHandler
                0x08001d10       0x10 CMakeFiles/YunTai.elf.dir/Core/Src/stm32f4xx_it.c.obj
                0x08001d10                TIM3_IRQHandler
 .text._getpid  0x08001d20        0x4 CMakeFiles/YunTai.elf.dir/Core/Src/syscalls.c.obj
                0x08001d20                _getpid
 .text._kill    0x08001d24       0x10 CMakeFiles/YunTai.elf.dir/Core/Src/syscalls.c.obj
                0x08001d24                _kill
 .text._exit    0x08001d34        0xc CMakeFiles/YunTai.elf.dir/Core/Src/syscalls.c.obj
                0x08001d34                _exit
 .text.SystemInit
                0x08001d40        0x2 CMakeFiles/YunTai.elf.dir/Core/Src/system_stm32f4xx.c.obj
                0x08001d40                SystemInit
 *fill*         0x08001d42        0x2 
 .text.HAL_TIM_Base_MspInit
                0x08001d44       0x98 CMakeFiles/YunTai.elf.dir/Core/Src/tim.c.obj
                0x08001d44                HAL_TIM_Base_MspInit
 .text.HAL_TIM_MspPostInit
                0x08001ddc       0xd0 CMakeFiles/YunTai.elf.dir/Core/Src/tim.c.obj
                0x08001ddc                HAL_TIM_MspPostInit
 .text.MX_TIM1_Init
                0x08001eac       0xe8 CMakeFiles/YunTai.elf.dir/Core/Src/tim.c.obj
                0x08001eac                MX_TIM1_Init
 .text.MX_TIM3_Init
                0x08001f94       0xb0 CMakeFiles/YunTai.elf.dir/Core/Src/tim.c.obj
                0x08001f94                MX_TIM3_Init
 .text.MX_TIM8_Init
                0x08002044       0xe8 CMakeFiles/YunTai.elf.dir/Core/Src/tim.c.obj
                0x08002044                MX_TIM8_Init
 .text.MX_USART1_UART_Init
                0x0800212c       0x34 CMakeFiles/YunTai.elf.dir/Core/Src/usart.c.obj
                0x0800212c                MX_USART1_UART_Init
 .text.MX_USART6_UART_Init
                0x08002160       0x34 CMakeFiles/YunTai.elf.dir/Core/Src/usart.c.obj
                0x08002160                MX_USART6_UART_Init
 .text.HAL_UART_MspInit
                0x08002194       0xc8 CMakeFiles/YunTai.elf.dir/Core/Src/usart.c.obj
                0x08002194                HAL_UART_MspInit
 .text.Reset_Handler
                0x0800225c       0x50 CMakeFiles/YunTai.elf.dir/Core/Startup/startup_stm32f407ighx.s.obj
                0x0800225c                Reset_Handler
 .text.Default_Handler
                0x080022ac        0x2 CMakeFiles/YunTai.elf.dir/Core/Startup/startup_stm32f407ighx.s.obj
                0x080022ac                RTC_Alarm_IRQHandler
                0x080022ac                HASH_RNG_IRQHandler
                0x080022ac                EXTI2_IRQHandler
                0x080022ac                TIM8_CC_IRQHandler
                0x080022ac                TIM1_CC_IRQHandler
                0x080022ac                DMA2_Stream5_IRQHandler
                0x080022ac                DMA1_Stream5_IRQHandler
                0x080022ac                PVD_IRQHandler
                0x080022ac                SDIO_IRQHandler
                0x080022ac                TAMP_STAMP_IRQHandler
                0x080022ac                CAN2_RX1_IRQHandler
                0x080022ac                EXTI3_IRQHandler
                0x080022ac                TIM8_TRG_COM_TIM14_IRQHandler
                0x080022ac                TIM8_UP_TIM13_IRQHandler
                0x080022ac                I2C3_ER_IRQHandler
                0x080022ac                EXTI0_IRQHandler
                0x080022ac                I2C2_EV_IRQHandler
                0x080022ac                DMA1_Stream2_IRQHandler
                0x080022ac                CAN1_RX0_IRQHandler
                0x080022ac                FPU_IRQHandler
                0x080022ac                OTG_HS_WKUP_IRQHandler
                0x080022ac                CAN2_SCE_IRQHandler
                0x080022ac                DMA2_Stream2_IRQHandler
                0x080022ac                SPI1_IRQHandler
                0x080022ac                TIM6_DAC_IRQHandler
                0x080022ac                TIM1_BRK_TIM9_IRQHandler
                0x080022ac                DCMI_IRQHandler
                0x080022ac                CAN2_RX0_IRQHandler
                0x080022ac                DMA2_Stream3_IRQHandler
                0x080022ac                USART6_IRQHandler
                0x080022ac                USART3_IRQHandler
                0x080022ac                CAN1_RX1_IRQHandler
                0x080022ac                UART5_IRQHandler
                0x080022ac                DMA2_Stream0_IRQHandler
                0x080022ac                TIM4_IRQHandler
                0x080022ac                I2C1_EV_IRQHandler
                0x080022ac                DMA1_Stream6_IRQHandler
                0x080022ac                DMA1_Stream1_IRQHandler
                0x080022ac                UART4_IRQHandler
                0x080022ac                RCC_IRQHandler
                0x080022ac                TIM8_BRK_TIM12_IRQHandler
                0x080022ac                Default_Handler
                0x080022ac                EXTI15_10_IRQHandler
                0x080022ac                ADC_IRQHandler
                0x080022ac                DMA1_Stream7_IRQHandler
                0x080022ac                TIM7_IRQHandler
                0x080022ac                CAN2_TX_IRQHandler
                0x080022ac                TIM5_IRQHandler
                0x080022ac                DMA2_Stream7_IRQHandler
                0x080022ac                I2C3_EV_IRQHandler
                0x080022ac                EXTI9_5_IRQHandler
                0x080022ac                RTC_WKUP_IRQHandler
                0x080022ac                ETH_WKUP_IRQHandler
                0x080022ac                SPI2_IRQHandler
                0x080022ac                OTG_HS_EP1_IN_IRQHandler
                0x080022ac                DMA1_Stream0_IRQHandler
                0x080022ac                CAN1_TX_IRQHandler
                0x080022ac                EXTI4_IRQHandler
                0x080022ac                FSMC_IRQHandler
                0x080022ac                ETH_IRQHandler
                0x080022ac                OTG_HS_EP1_OUT_IRQHandler
                0x080022ac                WWDG_IRQHandler
                0x080022ac                TIM2_IRQHandler
                0x080022ac                OTG_FS_WKUP_IRQHandler
                0x080022ac                TIM1_TRG_COM_TIM11_IRQHandler
                0x080022ac                OTG_HS_IRQHandler
                0x080022ac                EXTI1_IRQHandler
                0x080022ac                USART2_IRQHandler
                0x080022ac                I2C2_ER_IRQHandler
                0x080022ac                DMA2_Stream1_IRQHandler
                0x080022ac                CAN1_SCE_IRQHandler
                0x080022ac                FLASH_IRQHandler
                0x080022ac                DMA2_Stream4_IRQHandler
                0x080022ac                USART1_IRQHandler
                0x080022ac                OTG_FS_IRQHandler
                0x080022ac                SPI3_IRQHandler
                0x080022ac                DMA1_Stream4_IRQHandler
                0x080022ac                I2C1_ER_IRQHandler
                0x080022ac                DMA2_Stream6_IRQHandler
                0x080022ac                DMA1_Stream3_IRQHandler
 *fill*         0x080022ae        0x2 
 .text.HAL_InitTick
                0x080022b0       0x4c CMakeFiles/YunTai.elf.dir/Drivers/STM32F4xx_HAL_Driver/Src/stm32f4xx_hal.c.obj
                0x080022b0                HAL_InitTick
 .text.HAL_Init
                0x080022fc       0x34 CMakeFiles/YunTai.elf.dir/Drivers/STM32F4xx_HAL_Driver/Src/stm32f4xx_hal.c.obj
                0x080022fc                HAL_Init
 .text.HAL_IncTick
                0x08002330       0x18 CMakeFiles/YunTai.elf.dir/Drivers/STM32F4xx_HAL_Driver/Src/stm32f4xx_hal.c.obj
                0x08002330                HAL_IncTick
 .text.HAL_GetTick
                0x08002348        0xc CMakeFiles/YunTai.elf.dir/Drivers/STM32F4xx_HAL_Driver/Src/stm32f4xx_hal.c.obj
                0x08002348                HAL_GetTick
 .text.HAL_Delay
                0x08002354       0x28 CMakeFiles/YunTai.elf.dir/Drivers/STM32F4xx_HAL_Driver/Src/stm32f4xx_hal.c.obj
                0x08002354                HAL_Delay
 .text.__NVIC_EnableIRQ
                0x0800237c       0x1c CMakeFiles/YunTai.elf.dir/Drivers/STM32F4xx_HAL_Driver/Src/stm32f4xx_hal_cortex.c.obj
 .text.__NVIC_SetPriority
                0x08002398       0x28 CMakeFiles/YunTai.elf.dir/Drivers/STM32F4xx_HAL_Driver/Src/stm32f4xx_hal_cortex.c.obj
 .text.NVIC_EncodePriority
                0x080023c0       0x3e CMakeFiles/YunTai.elf.dir/Drivers/STM32F4xx_HAL_Driver/Src/stm32f4xx_hal_cortex.c.obj
 *fill*         0x080023fe        0x2 
 .text.HAL_NVIC_SetPriorityGrouping
                0x08002400       0x24 CMakeFiles/YunTai.elf.dir/Drivers/STM32F4xx_HAL_Driver/Src/stm32f4xx_hal_cortex.c.obj
                0x08002400                HAL_NVIC_SetPriorityGrouping
 .text.HAL_NVIC_SetPriority
                0x08002424       0x20 CMakeFiles/YunTai.elf.dir/Drivers/STM32F4xx_HAL_Driver/Src/stm32f4xx_hal_cortex.c.obj
                0x08002424                HAL_NVIC_SetPriority
 .text.HAL_NVIC_EnableIRQ
                0x08002444        0x8 CMakeFiles/YunTai.elf.dir/Drivers/STM32F4xx_HAL_Driver/Src/stm32f4xx_hal_cortex.c.obj
                0x08002444                HAL_NVIC_EnableIRQ
 .text.HAL_SYSTICK_Config
                0x0800244c       0x28 CMakeFiles/YunTai.elf.dir/Drivers/STM32F4xx_HAL_Driver/Src/stm32f4xx_hal_cortex.c.obj
                0x0800244c                HAL_SYSTICK_Config
 .text.DMA_SetConfig
                0x08002474       0x2c CMakeFiles/YunTai.elf.dir/Drivers/STM32F4xx_HAL_Driver/Src/stm32f4xx_hal_dma.c.obj
 .text.HAL_DMA_Start_IT
                0x080024a0       0x6a CMakeFiles/YunTai.elf.dir/Drivers/STM32F4xx_HAL_Driver/Src/stm32f4xx_hal_dma.c.obj
                0x080024a0                HAL_DMA_Start_IT
 *fill*         0x0800250a        0x2 
 .text.HAL_GPIO_Init
                0x0800250c      0x1f4 CMakeFiles/YunTai.elf.dir/Drivers/STM32F4xx_HAL_Driver/Src/stm32f4xx_hal_gpio.c.obj
                0x0800250c                HAL_GPIO_Init
 .text.HAL_GPIO_WritePin
                0x08002700        0xc CMakeFiles/YunTai.elf.dir/Drivers/STM32F4xx_HAL_Driver/Src/stm32f4xx_hal_gpio.c.obj
                0x08002700                HAL_GPIO_WritePin
 .text.HAL_GPIO_TogglePin
                0x0800270c       0x12 CMakeFiles/YunTai.elf.dir/Drivers/STM32F4xx_HAL_Driver/Src/stm32f4xx_hal_gpio.c.obj
                0x0800270c                HAL_GPIO_TogglePin
 *fill*         0x0800271e        0x2 
 .text.HAL_RCC_OscConfig
                0x08002720      0x3f8 CMakeFiles/YunTai.elf.dir/Drivers/STM32F4xx_HAL_Driver/Src/stm32f4xx_hal_rcc.c.obj
                0x08002720                HAL_RCC_OscConfig
 .text.HAL_RCC_GetSysClockFreq
                0x08002b18       0xa8 CMakeFiles/YunTai.elf.dir/Drivers/STM32F4xx_HAL_Driver/Src/stm32f4xx_hal_rcc.c.obj
                0x08002b18                HAL_RCC_GetSysClockFreq
 .text.HAL_RCC_ClockConfig
                0x08002bc0      0x160 CMakeFiles/YunTai.elf.dir/Drivers/STM32F4xx_HAL_Driver/Src/stm32f4xx_hal_rcc.c.obj
                0x08002bc0                HAL_RCC_ClockConfig
 .text.HAL_RCC_GetHCLKFreq
                0x08002d20        0xc CMakeFiles/YunTai.elf.dir/Drivers/STM32F4xx_HAL_Driver/Src/stm32f4xx_hal_rcc.c.obj
                0x08002d20                HAL_RCC_GetHCLKFreq
 .text.HAL_RCC_GetPCLK1Freq
                0x08002d2c       0x20 CMakeFiles/YunTai.elf.dir/Drivers/STM32F4xx_HAL_Driver/Src/stm32f4xx_hal_rcc.c.obj
                0x08002d2c                HAL_RCC_GetPCLK1Freq
 .text.HAL_RCC_GetPCLK2Freq
                0x08002d4c       0x20 CMakeFiles/YunTai.elf.dir/Drivers/STM32F4xx_HAL_Driver/Src/stm32f4xx_hal_rcc.c.obj
                0x08002d4c                HAL_RCC_GetPCLK2Freq
 .text.TIM_OC1_SetConfig
                0x08002d6c       0x70 CMakeFiles/YunTai.elf.dir/Drivers/STM32F4xx_HAL_Driver/Src/stm32f4xx_hal_tim.c.obj
 .text.TIM_OC3_SetConfig
                0x08002ddc       0x70 CMakeFiles/YunTai.elf.dir/Drivers/STM32F4xx_HAL_Driver/Src/stm32f4xx_hal_tim.c.obj
 .text.TIM_OC4_SetConfig
                0x08002e4c       0x50 CMakeFiles/YunTai.elf.dir/Drivers/STM32F4xx_HAL_Driver/Src/stm32f4xx_hal_tim.c.obj
 .text.TIM_TI1_ConfigInputStage
                0x08002e9c       0x24 CMakeFiles/YunTai.elf.dir/Drivers/STM32F4xx_HAL_Driver/Src/stm32f4xx_hal_tim.c.obj
 .text.TIM_TI2_ConfigInputStage
                0x08002ec0       0x26 CMakeFiles/YunTai.elf.dir/Drivers/STM32F4xx_HAL_Driver/Src/stm32f4xx_hal_tim.c.obj
 .text.TIM_ITRx_SetConfig
                0x08002ee6       0x10 CMakeFiles/YunTai.elf.dir/Drivers/STM32F4xx_HAL_Driver/Src/stm32f4xx_hal_tim.c.obj
 .text.HAL_TIM_OC_MspInit
                0x08002ef6        0x2 CMakeFiles/YunTai.elf.dir/Drivers/STM32F4xx_HAL_Driver/Src/stm32f4xx_hal_tim.c.obj
                0x08002ef6                HAL_TIM_OC_MspInit
 .text.HAL_TIM_PWM_MspInit
                0x08002ef8        0x2 CMakeFiles/YunTai.elf.dir/Drivers/STM32F4xx_HAL_Driver/Src/stm32f4xx_hal_tim.c.obj
                0x08002ef8                HAL_TIM_PWM_MspInit
 .text.HAL_TIM_PeriodElapsedCallback
                0x08002efa        0x2 CMakeFiles/YunTai.elf.dir/Drivers/STM32F4xx_HAL_Driver/Src/stm32f4xx_hal_tim.c.obj
                0x08002efa                HAL_TIM_PeriodElapsedCallback
 .text.HAL_TIM_OC_DelayElapsedCallback
                0x08002efc        0x2 CMakeFiles/YunTai.elf.dir/Drivers/STM32F4xx_HAL_Driver/Src/stm32f4xx_hal_tim.c.obj
                0x08002efc                HAL_TIM_OC_DelayElapsedCallback
 .text.HAL_TIM_IC_CaptureCallback
                0x08002efe        0x2 CMakeFiles/YunTai.elf.dir/Drivers/STM32F4xx_HAL_Driver/Src/stm32f4xx_hal_tim.c.obj
                0x08002efe                HAL_TIM_IC_CaptureCallback
 .text.HAL_TIM_TriggerCallback
                0x08002f00        0x2 CMakeFiles/YunTai.elf.dir/Drivers/STM32F4xx_HAL_Driver/Src/stm32f4xx_hal_tim.c.obj
                0x08002f00                HAL_TIM_TriggerCallback
 .text.HAL_TIM_IRQHandler
                0x08002f02      0x15e CMakeFiles/YunTai.elf.dir/Drivers/STM32F4xx_HAL_Driver/Src/stm32f4xx_hal_tim.c.obj
                0x08002f02                HAL_TIM_IRQHandler
 .text.TIM_Base_SetConfig
                0x08003060       0xd0 CMakeFiles/YunTai.elf.dir/Drivers/STM32F4xx_HAL_Driver/Src/stm32f4xx_hal_tim.c.obj
                0x08003060                TIM_Base_SetConfig
 .text.HAL_TIM_Base_Init
                0x08003130       0x58 CMakeFiles/YunTai.elf.dir/Drivers/STM32F4xx_HAL_Driver/Src/stm32f4xx_hal_tim.c.obj
                0x08003130                HAL_TIM_Base_Init
 .text.HAL_TIM_OC_Init
                0x08003188       0x58 CMakeFiles/YunTai.elf.dir/Drivers/STM32F4xx_HAL_Driver/Src/stm32f4xx_hal_tim.c.obj
                0x08003188                HAL_TIM_OC_Init
 .text.HAL_TIM_PWM_Init
                0x080031e0       0x58 CMakeFiles/YunTai.elf.dir/Drivers/STM32F4xx_HAL_Driver/Src/stm32f4xx_hal_tim.c.obj
                0x080031e0                HAL_TIM_PWM_Init
 .text.TIM_OC2_SetConfig
                0x08003238       0x70 CMakeFiles/YunTai.elf.dir/Drivers/STM32F4xx_HAL_Driver/Src/stm32f4xx_hal_tim.c.obj
                0x08003238                TIM_OC2_SetConfig
 .text.HAL_TIM_OC_ConfigChannel
                0x080032a8       0x5e CMakeFiles/YunTai.elf.dir/Drivers/STM32F4xx_HAL_Driver/Src/stm32f4xx_hal_tim.c.obj
                0x080032a8                HAL_TIM_OC_ConfigChannel
 .text.HAL_TIM_PWM_ConfigChannel
                0x08003306       0xdc CMakeFiles/YunTai.elf.dir/Drivers/STM32F4xx_HAL_Driver/Src/stm32f4xx_hal_tim.c.obj
                0x08003306                HAL_TIM_PWM_ConfigChannel
 .text.TIM_ETR_SetConfig
                0x080033e2       0x18 CMakeFiles/YunTai.elf.dir/Drivers/STM32F4xx_HAL_Driver/Src/stm32f4xx_hal_tim.c.obj
                0x080033e2                TIM_ETR_SetConfig
 .text.HAL_TIM_ConfigClockSource
                0x080033fa       0xfe CMakeFiles/YunTai.elf.dir/Drivers/STM32F4xx_HAL_Driver/Src/stm32f4xx_hal_tim.c.obj
                0x080033fa                HAL_TIM_ConfigClockSource
 .text.TIM_CCxChannelCmd
                0x080034f8       0x1e CMakeFiles/YunTai.elf.dir/Drivers/STM32F4xx_HAL_Driver/Src/stm32f4xx_hal_tim.c.obj
                0x080034f8                TIM_CCxChannelCmd
 *fill*         0x08003516        0x2 
 .text.HAL_TIM_PWM_Start
                0x08003518      0x104 CMakeFiles/YunTai.elf.dir/Drivers/STM32F4xx_HAL_Driver/Src/stm32f4xx_hal_tim.c.obj
                0x08003518                HAL_TIM_PWM_Start
 .text.HAL_TIM_PWM_Stop
                0x0800361c       0x8c CMakeFiles/YunTai.elf.dir/Drivers/STM32F4xx_HAL_Driver/Src/stm32f4xx_hal_tim.c.obj
                0x0800361c                HAL_TIM_PWM_Stop
 .text.HAL_TIM_PWM_Stop_IT
                0x080036a8       0xdc CMakeFiles/YunTai.elf.dir/Drivers/STM32F4xx_HAL_Driver/Src/stm32f4xx_hal_tim.c.obj
                0x080036a8                HAL_TIM_PWM_Stop_IT
 .text.HAL_TIMEx_MasterConfigSynchronization
                0x08003784       0x8c CMakeFiles/YunTai.elf.dir/Drivers/STM32F4xx_HAL_Driver/Src/stm32f4xx_hal_tim_ex.c.obj
                0x08003784                HAL_TIMEx_MasterConfigSynchronization
 .text.HAL_TIMEx_ConfigBreakDeadTime
                0x08003810       0x52 CMakeFiles/YunTai.elf.dir/Drivers/STM32F4xx_HAL_Driver/Src/stm32f4xx_hal_tim_ex.c.obj
                0x08003810                HAL_TIMEx_ConfigBreakDeadTime
 .text.HAL_TIMEx_CommutCallback
                0x08003862        0x2 CMakeFiles/YunTai.elf.dir/Drivers/STM32F4xx_HAL_Driver/Src/stm32f4xx_hal_tim_ex.c.obj
                0x08003862                HAL_TIMEx_CommutCallback
 .text.HAL_TIMEx_BreakCallback
                0x08003864        0x2 CMakeFiles/YunTai.elf.dir/Drivers/STM32F4xx_HAL_Driver/Src/stm32f4xx_hal_tim_ex.c.obj
                0x08003864                HAL_TIMEx_BreakCallback
 .text.UART_EndTxTransfer
                0x08003866       0x20 CMakeFiles/YunTai.elf.dir/Drivers/STM32F4xx_HAL_Driver/Src/stm32f4xx_hal_uart.c.obj
 .text.UART_EndRxTransfer
                0x08003886       0x5c CMakeFiles/YunTai.elf.dir/Drivers/STM32F4xx_HAL_Driver/Src/stm32f4xx_hal_uart.c.obj
 *fill*         0x080038e2        0x2 
 .text.UART_SetConfig
                0x080038e4      0x110 CMakeFiles/YunTai.elf.dir/Drivers/STM32F4xx_HAL_Driver/Src/stm32f4xx_hal_uart.c.obj
 .text.HAL_UART_Init
                0x080039f4       0x60 CMakeFiles/YunTai.elf.dir/Drivers/STM32F4xx_HAL_Driver/Src/stm32f4xx_hal_uart.c.obj
                0x080039f4                HAL_UART_Init
 .text.HAL_UART_RxCpltCallback
                0x08003a54        0x2 CMakeFiles/YunTai.elf.dir/Drivers/STM32F4xx_HAL_Driver/Src/stm32f4xx_hal_uart.c.obj
                0x08003a54                HAL_UART_RxCpltCallback
 .text.HAL_UART_RxHalfCpltCallback
                0x08003a56        0x2 CMakeFiles/YunTai.elf.dir/Drivers/STM32F4xx_HAL_Driver/Src/stm32f4xx_hal_uart.c.obj
                0x08003a56                HAL_UART_RxHalfCpltCallback
 .text.HAL_UART_ErrorCallback
                0x08003a58        0x2 CMakeFiles/YunTai.elf.dir/Drivers/STM32F4xx_HAL_Driver/Src/stm32f4xx_hal_uart.c.obj
                0x08003a58                HAL_UART_ErrorCallback
 .text.UART_DMAError
                0x08003a5a       0x58 CMakeFiles/YunTai.elf.dir/Drivers/STM32F4xx_HAL_Driver/Src/stm32f4xx_hal_uart.c.obj
 .text.UART_DMARxHalfCplt
                0x08003ab2       0x1e CMakeFiles/YunTai.elf.dir/Drivers/STM32F4xx_HAL_Driver/Src/stm32f4xx_hal_uart.c.obj
 .text.UART_DMAReceiveCplt
                0x08003ad0       0x9a CMakeFiles/YunTai.elf.dir/Drivers/STM32F4xx_HAL_Driver/Src/stm32f4xx_hal_uart.c.obj
 *fill*         0x08003b6a        0x2 
 .text.UART_Start_Receive_DMA
                0x08003b6c       0xb8 CMakeFiles/YunTai.elf.dir/Drivers/STM32F4xx_HAL_Driver/Src/stm32f4xx_hal_uart.c.obj
                0x08003b6c                UART_Start_Receive_DMA
 .text.HAL_UARTEx_ReceiveToIdle_DMA
                0x08003c24       0x62 CMakeFiles/YunTai.elf.dir/Drivers/STM32F4xx_HAL_Driver/Src/stm32f4xx_hal_uart.c.obj
                0x08003c24                HAL_UARTEx_ReceiveToIdle_DMA
 *fill*         0x08003c86        0x2 
 .text._Z41__static_initialization_and_destruction_0v
                0x08003c88       0x3c CMakeFiles/YunTai.elf.dir/Lib/Src/perspective.cpp.obj
 .text._ZN20PerspectiveTransform16solveTransMatrixEPA2_Kt
                0x08003cc4      0x270 CMakeFiles/YunTai.elf.dir/Lib/Src/perspective.cpp.obj
                0x08003cc4                PerspectiveTransform::solveTransMatrix(unsigned short const (*) [2])
 .text._ZN20PerspectiveTransform14calcRectCenterEPA2_Kt
                0x08003f34       0xa4 CMakeFiles/YunTai.elf.dir/Lib/Src/perspective.cpp.obj
                0x08003f34                PerspectiveTransform::calcRectCenter(unsigned short const (*) [2])
 .text._GLOBAL__sub_I__ZN20PerspectiveTransform16solveTransMatrixEPA2_Kt
                0x08003fd8        0x8 CMakeFiles/YunTai.elf.dir/Lib/Src/perspective.cpp.obj
 .text._ZN10StepMotorCC2EP17TIM_HandleTypeDefmP12GPIO_TypeDeftS3_t
                0x08003fe0       0x74 CMakeFiles/YunTai.elf.dir/Lib/Src/step_motor.cpp.obj
                0x08003fe0                StepMotorC::StepMotorC(TIM_HandleTypeDef*, unsigned long, GPIO_TypeDef*, unsigned short, GPIO_TypeDef*, unsigned short)
                0x08003fe0                StepMotorC::StepMotorC(TIM_HandleTypeDef*, unsigned long, GPIO_TypeDef*, unsigned short, GPIO_TypeDef*, unsigned short)
 .text._Z41__static_initialization_and_destruction_0v
                0x08004054       0x4c CMakeFiles/YunTai.elf.dir/Lib/Src/step_motor.cpp.obj
 .text._ZN10StepMotorC4StopEv
                0x080040a0       0x1a CMakeFiles/YunTai.elf.dir/Lib/Src/step_motor.cpp.obj
                0x080040a0                StepMotorC::Stop()
 .text._ZN10StepMotorC4TurnEa
                0x080040ba       0x2a CMakeFiles/YunTai.elf.dir/Lib/Src/step_motor.cpp.obj
                0x080040ba                StepMotorC::Turn(signed char)
 .text._ZN10StepMotorC8SetSpeedEf
                0x080040e4       0xa0 CMakeFiles/YunTai.elf.dir/Lib/Src/step_motor.cpp.obj
                0x080040e4                StepMotorC::SetSpeed(float)
 .text._ZN10StepMotorC19UpdateAngleCallbackEv
                0x08004184       0x5a CMakeFiles/YunTai.elf.dir/Lib/Src/step_motor.cpp.obj
                0x08004184                StepMotorC::UpdateAngleCallback()
 *fill*         0x080041de        0x2 
 .text.HAL_TIM_PWM_PulseFinishedCallback
                0x080041e0       0x34 CMakeFiles/YunTai.elf.dir/Lib/Src/step_motor.cpp.obj
                0x080041e0                HAL_TIM_PWM_PulseFinishedCallback
 .text._GLOBAL__sub_I__ZN10StepMotorCC2EP17TIM_HandleTypeDefmP12GPIO_TypeDeftS3_t
                0x08004214        0x8 CMakeFiles/YunTai.elf.dir/Lib/Src/step_motor.cpp.obj
 .text._ZN8MCPacketC2Ev
                0x0800421c       0x3e CMakeFiles/YunTai.elf.dir/Lib/Src/uart_io.cpp.obj
                0x0800421c                MCPacket::MCPacket()
                0x0800421c                MCPacket::MCPacket()
 *fill*         0x0800425a        0x2 
 .text._Z41__static_initialization_and_destruction_0v
                0x0800425c       0x24 CMakeFiles/YunTai.elf.dir/Lib/Src/uart_io.cpp.obj
 .text._ZN8MCPacket8checksumEPKht
                0x08004280       0x1a CMakeFiles/YunTai.elf.dir/Lib/Src/uart_io.cpp.obj
                0x08004280                MCPacket::checksum(unsigned char const*, unsigned short)
 *fill*         0x0800429a        0x2 
 .text._ZN8MCPacket20receive_packet_startEv
                0x0800429c       0x14 CMakeFiles/YunTai.elf.dir/Lib/Src/uart_io.cpp.obj
                0x0800429c                MCPacket::receive_packet_start()
 .text._ZN8MCPacket13decode_packetEt
                0x080042b0       0xbc CMakeFiles/YunTai.elf.dir/Lib/Src/uart_io.cpp.obj
                0x080042b0                MCPacket::decode_packet(unsigned short)
 .text.HAL_UARTEx_RxEventCallback
                0x0800436c       0x2c CMakeFiles/YunTai.elf.dir/Lib/Src/uart_io.cpp.obj
                0x0800436c                HAL_UARTEx_RxEventCallback
 .text._GLOBAL__sub_I__ZN8MCPacket8checksumEPKht
                0x08004398        0x8 CMakeFiles/YunTai.elf.dir/Lib/Src/uart_io.cpp.obj
 .text._Z41__static_initialization_and_destruction_0v
                0x080043a0       0x5c CMakeFiles/YunTai.elf.dir/User/Src/User_main.cpp.obj
 .text.User_Init
                0x080043fc       0x2c CMakeFiles/YunTai.elf.dir/User/Src/User_main.cpp.obj
                0x080043fc                User_Init
 .text.get_compensation
                0x08004428       0x28 CMakeFiles/YunTai.elf.dir/User/Src/User_main.cpp.obj
                0x08004428                get_compensation
 .text.Tracking
                0x08004450       0x94 CMakeFiles/YunTai.elf.dir/User/Src/User_main.cpp.obj
                0x08004450                Tracking
 .text.Finding  0x080044e4       0x24 CMakeFiles/YunTai.elf.dir/User/Src/User_main.cpp.obj
                0x080044e4                Finding
 .text.User_Loop
                0x08004508        0x6 CMakeFiles/YunTai.elf.dir/User/Src/User_main.cpp.obj
                0x08004508                User_Loop
 .text._GLOBAL__sub_I_User_Init
                0x0800450e        0x8 CMakeFiles/YunTai.elf.dir/User/Src/User_main.cpp.obj
 .text.lroundf  0x08004516       0x58 D:/ST/STM32CubeCLT_1.18.0/GNU-tools-for-STM32/bin/../lib/gcc/arm-none-eabi/13.3.1/../../../../arm-none-eabi/lib/thumb/v7e-m/nofp\libm.a(libm_a-sf_lround.o)
                0x08004516                lroundf
 .text.abort    0x0800456e        0xe D:/ST/STM32CubeCLT_1.18.0/GNU-tools-for-STM32/bin/../lib/gcc/arm-none-eabi/13.3.1/../../../../arm-none-eabi/lib/thumb/v7e-m/nofp\libc.a(libc_a-abort.o)
                0x0800456e                abort
 .text.memset   0x0800457c       0x10 D:/ST/STM32CubeCLT_1.18.0/GNU-tools-for-STM32/bin/../lib/gcc/arm-none-eabi/13.3.1/../../../../arm-none-eabi/lib/thumb/v7e-m/nofp\libc.a(libc_a-memset.o)
                0x0800457c                memset
 .text._raise_r
                0x0800458c       0x52 D:/ST/STM32CubeCLT_1.18.0/GNU-tools-for-STM32/bin/../lib/gcc/arm-none-eabi/13.3.1/../../../../arm-none-eabi/lib/thumb/v7e-m/nofp\libc.a(libc_a-signal.o)
                0x0800458c                _raise_r
 *fill*         0x080045de        0x2 
 .text.raise    0x080045e0       0x10 D:/ST/STM32CubeCLT_1.18.0/GNU-tools-for-STM32/bin/../lib/gcc/arm-none-eabi/13.3.1/../../../../arm-none-eabi/lib/thumb/v7e-m/nofp\libc.a(libc_a-signal.o)
                0x080045e0                raise
 .text._kill_r  0x080045f0       0x24 D:/ST/STM32CubeCLT_1.18.0/GNU-tools-for-STM32/bin/../lib/gcc/arm-none-eabi/13.3.1/../../../../arm-none-eabi/lib/thumb/v7e-m/nofp\libc.a(libc_a-signalr.o)
                0x080045f0                _kill_r
 .text._getpid_r
                0x08004614        0x4 D:/ST/STM32CubeCLT_1.18.0/GNU-tools-for-STM32/bin/../lib/gcc/arm-none-eabi/13.3.1/../../../../arm-none-eabi/lib/thumb/v7e-m/nofp\libc.a(libc_a-signalr.o)
                0x08004614                _getpid_r
 .text.__errno  0x08004618        0xc D:/ST/STM32CubeCLT_1.18.0/GNU-tools-for-STM32/bin/../lib/gcc/arm-none-eabi/13.3.1/../../../../arm-none-eabi/lib/thumb/v7e-m/nofp\libc.a(libc_a-errno.o)
                0x08004618                __errno
 .text.__libc_init_array
                0x08004624       0x48 D:/ST/STM32CubeCLT_1.18.0/GNU-tools-for-STM32/bin/../lib/gcc/arm-none-eabi/13.3.1/../../../../arm-none-eabi/lib/thumb/v7e-m/nofp\libc.a(libc_a-init.o)
                0x08004624                __libc_init_array
 .text.__retarget_lock_acquire_recursive
                0x0800466c        0x2 D:/ST/STM32CubeCLT_1.18.0/GNU-tools-for-STM32/bin/../lib/gcc/arm-none-eabi/13.3.1/../../../../arm-none-eabi/lib/thumb/v7e-m/nofp\libc.a(libc_a-lock.o)
                0x0800466c                __retarget_lock_acquire_recursive
 .text.__retarget_lock_release_recursive
                0x0800466e        0x2 D:/ST/STM32CubeCLT_1.18.0/GNU-tools-for-STM32/bin/../lib/gcc/arm-none-eabi/13.3.1/../../../../arm-none-eabi/lib/thumb/v7e-m/nofp\libc.a(libc_a-lock.o)
                0x0800466e                __retarget_lock_release_recursive
 .text.memcpy   0x08004670       0x1c D:/ST/STM32CubeCLT_1.18.0/GNU-tools-for-STM32/bin/../lib/gcc/arm-none-eabi/13.3.1/../../../../arm-none-eabi/lib/thumb/v7e-m/nofp\libc.a(libc_a-memcpy-stub.o)
                0x08004670                memcpy
 .text.startup.register_fini
                0x0800468c       0x14 D:/ST/STM32CubeCLT_1.18.0/GNU-tools-for-STM32/bin/../lib/gcc/arm-none-eabi/13.3.1/../../../../arm-none-eabi/lib/thumb/v7e-m/nofp\libc.a(libc_a-__call_atexit.o)
 .text.atexit   0x080046a0        0xc D:/ST/STM32CubeCLT_1.18.0/GNU-tools-for-STM32/bin/../lib/gcc/arm-none-eabi/13.3.1/../../../../arm-none-eabi/lib/thumb/v7e-m/nofp\libc.a(libc_a-atexit.o)
                0x080046a0                atexit
 .text.__libc_fini_array
                0x080046ac       0x28 D:/ST/STM32CubeCLT_1.18.0/GNU-tools-for-STM32/bin/../lib/gcc/arm-none-eabi/13.3.1/../../../../arm-none-eabi/lib/thumb/v7e-m/nofp\libc.a(libc_a-fini.o)
                0x080046ac                __libc_fini_array
 .text.__register_exitproc
                0x080046d4       0x80 D:/ST/STM32CubeCLT_1.18.0/GNU-tools-for-STM32/bin/../lib/gcc/arm-none-eabi/13.3.1/../../../../arm-none-eabi/lib/thumb/v7e-m/nofp\libc.a(libc_a-__atexit.o)
                0x080046d4                __register_exitproc
 *(.glue_7)
 .glue_7        0x08004754        0x0 linker stubs
 *(.glue_7t)
 .glue_7t       0x08004754        0x0 linker stubs
 *(.eh_frame)
 .eh_frame      0x08004754        0x0 D:/ST/STM32CubeCLT_1.18.0/GNU-tools-for-STM32/bin/../lib/gcc/arm-none-eabi/13.3.1/thumb/v7e-m/nofp/crtbegin.o
 *(.init)
 .init          0x08004754        0x4 D:/ST/STM32CubeCLT_1.18.0/GNU-tools-for-STM32/bin/../lib/gcc/arm-none-eabi/13.3.1/thumb/v7e-m/nofp/crti.o
                0x08004754                _init
 .init          0x08004758        0x8 D:/ST/STM32CubeCLT_1.18.0/GNU-tools-for-STM32/bin/../lib/gcc/arm-none-eabi/13.3.1/thumb/v7e-m/nofp/crtn.o
 *(.fini)
 .fini          0x08004760        0x4 D:/ST/STM32CubeCLT_1.18.0/GNU-tools-for-STM32/bin/../lib/gcc/arm-none-eabi/13.3.1/thumb/v7e-m/nofp/crti.o
                0x08004760                _fini
 .fini          0x08004764        0x8 D:/ST/STM32CubeCLT_1.18.0/GNU-tools-for-STM32/bin/../lib/gcc/arm-none-eabi/13.3.1/thumb/v7e-m/nofp/crtn.o
                0x0800476c                        . = ALIGN (0x4)
                0x0800476c                        _etext = .

.vfp11_veneer   0x0800476c        0x0
 .vfp11_veneer  0x0800476c        0x0 linker stubs

.v4_bx          0x0800476c        0x0
 .v4_bx         0x0800476c        0x0 linker stubs

.iplt           0x0800476c        0x0
 .iplt          0x0800476c        0x0 D:/ST/STM32CubeCLT_1.18.0/GNU-tools-for-STM32/bin/../lib/gcc/arm-none-eabi/13.3.1/thumb/v7e-m/nofp/crtbegin.o

.rodata         0x0800476c       0x18
                0x0800476c                        . = ALIGN (0x4)
 *(.rodata)
 *(.rodata*)
 .rodata.APBPrescTable
                0x0800476c        0x8 CMakeFiles/YunTai.elf.dir/Core/Src/system_stm32f4xx.c.obj
                0x0800476c                APBPrescTable
 .rodata.AHBPrescTable
                0x08004774       0x10 CMakeFiles/YunTai.elf.dir/Core/Src/system_stm32f4xx.c.obj
                0x08004774                AHBPrescTable
                0x08004784                        . = ALIGN (0x4)

.ARM.extab      0x08004784       0x78
                0x08004784                        . = ALIGN (0x4)
 *(.ARM.extab* .gnu.linkonce.armextab.*)
 .ARM.extab.text._ZN20PerspectiveTransform16solveTransMatrixEPA2_Kt
                0x08004784        0xc CMakeFiles/YunTai.elf.dir/Lib/Src/perspective.cpp.obj
 .ARM.extab.text._ZN10StepMotorC4TurnEa
                0x08004790        0xc CMakeFiles/YunTai.elf.dir/Lib/Src/step_motor.cpp.obj
 .ARM.extab.text.HAL_TIM_PWM_PulseFinishedCallback
                0x0800479c        0xc CMakeFiles/YunTai.elf.dir/Lib/Src/step_motor.cpp.obj
 .ARM.extab.text._ZN8MCPacketC2Ev
                0x080047a8        0x0 CMakeFiles/YunTai.elf.dir/Lib/Src/uart_io.cpp.obj
 .ARM.extab.text._ZN8MCPacket20receive_packet_startEv
                0x080047a8        0xc CMakeFiles/YunTai.elf.dir/Lib/Src/uart_io.cpp.obj
 .ARM.extab.text.HAL_UARTEx_RxEventCallback
                0x080047b4        0xc CMakeFiles/YunTai.elf.dir/Lib/Src/uart_io.cpp.obj
 .ARM.extab.text.User_Init
                0x080047c0        0xc CMakeFiles/YunTai.elf.dir/User/Src/User_main.cpp.obj
 .ARM.extab.text.Finding
                0x080047cc        0xc CMakeFiles/YunTai.elf.dir/User/Src/User_main.cpp.obj
 .ARM.extab.text.User_Loop
                0x080047d8        0xc CMakeFiles/YunTai.elf.dir/User/Src/User_main.cpp.obj
 .ARM.extab     0x080047e4       0x18 D:/ST/STM32CubeCLT_1.18.0/GNU-tools-for-STM32/bin/../lib/gcc/arm-none-eabi/13.3.1/thumb/v7e-m/nofp\libgcc.a(pr-support.o)
                0x080047fc                        . = ALIGN (0x4)

.ARM            0x080047fc      0x150
                0x080047fc                        . = ALIGN (0x4)
                0x080047fc                        __exidx_start = .
 *(.ARM.exidx*)
 .ARM.exidx     0x080047fc        0x8 D:/ST/STM32CubeCLT_1.18.0/GNU-tools-for-STM32/bin/../lib/gcc/arm-none-eabi/13.3.1/thumb/v7e-m/nofp\libgcc.a(_udivmoddi4.o)
 .ARM.exidx     0x08004804       0x78 D:/ST/STM32CubeCLT_1.18.0/GNU-tools-for-STM32/bin/../lib/gcc/arm-none-eabi/13.3.1/thumb/v7e-m/nofp\libgcc.a(unwind-arm.o)
                                 0xd8 (size before relaxing)
 .ARM.exidx     0x0800487c       0x38 D:/ST/STM32CubeCLT_1.18.0/GNU-tools-for-STM32/bin/../lib/gcc/arm-none-eabi/13.3.1/thumb/v7e-m/nofp\libgcc.a(pr-support.o)
 .ARM.exidx.text._Z41__static_initialization_and_destruction_0v
                0x080048b4        0x0 CMakeFiles/YunTai.elf.dir/Lib/Src/perspective.cpp.obj
                                  0x8 (size before relaxing)
 .ARM.exidx.text._ZN20PerspectiveTransform16solveTransMatrixEPA2_Kt
                0x080048b4        0x8 CMakeFiles/YunTai.elf.dir/Lib/Src/perspective.cpp.obj
 .ARM.exidx.text._ZN20PerspectiveTransform14calcRectCenterEPA2_Kt
                0x080048bc        0x8 CMakeFiles/YunTai.elf.dir/Lib/Src/perspective.cpp.obj
 .ARM.exidx.text._GLOBAL__sub_I__ZN20PerspectiveTransform16solveTransMatrixEPA2_Kt
                0x080048c4        0x8 CMakeFiles/YunTai.elf.dir/Lib/Src/perspective.cpp.obj
 .ARM.exidx.text._ZN10StepMotorCC2EP17TIM_HandleTypeDefmP12GPIO_TypeDeftS3_t
                0x080048cc        0x0 CMakeFiles/YunTai.elf.dir/Lib/Src/step_motor.cpp.obj
                                  0x8 (size before relaxing)
 .ARM.exidx.text._Z41__static_initialization_and_destruction_0v
                0x080048cc        0x0 CMakeFiles/YunTai.elf.dir/Lib/Src/step_motor.cpp.obj
                                  0x8 (size before relaxing)
 .ARM.exidx.text._ZN10StepMotorC4StopEv
                0x080048cc        0x8 CMakeFiles/YunTai.elf.dir/Lib/Src/step_motor.cpp.obj
 .ARM.exidx.text._ZN10StepMotorC4TurnEa
                0x080048d4        0x8 CMakeFiles/YunTai.elf.dir/Lib/Src/step_motor.cpp.obj
 .ARM.exidx.text._ZN10StepMotorC8SetSpeedEf
                0x080048dc        0x8 CMakeFiles/YunTai.elf.dir/Lib/Src/step_motor.cpp.obj
 .ARM.exidx.text._ZN10StepMotorC19UpdateAngleCallbackEv
                0x080048e4        0x8 CMakeFiles/YunTai.elf.dir/Lib/Src/step_motor.cpp.obj
 .ARM.exidx.text.HAL_TIM_PWM_PulseFinishedCallback
                0x080048ec        0x8 CMakeFiles/YunTai.elf.dir/Lib/Src/step_motor.cpp.obj
 .ARM.exidx.text._GLOBAL__sub_I__ZN10StepMotorCC2EP17TIM_HandleTypeDefmP12GPIO_TypeDeftS3_t
                0x080048f4        0x8 CMakeFiles/YunTai.elf.dir/Lib/Src/step_motor.cpp.obj
 .ARM.exidx.text._ZN8MCPacketC2Ev
                0x080048fc        0x0 CMakeFiles/YunTai.elf.dir/Lib/Src/uart_io.cpp.obj
                                  0x8 (size before relaxing)
 .ARM.exidx.text._Z41__static_initialization_and_destruction_0v
                0x080048fc        0x0 CMakeFiles/YunTai.elf.dir/Lib/Src/uart_io.cpp.obj
                                  0x8 (size before relaxing)
 .ARM.exidx.text._ZN8MCPacket8checksumEPKht
                0x080048fc        0x0 CMakeFiles/YunTai.elf.dir/Lib/Src/uart_io.cpp.obj
                                  0x8 (size before relaxing)
 .ARM.exidx.text._ZN8MCPacket20receive_packet_startEv
                0x080048fc        0x8 CMakeFiles/YunTai.elf.dir/Lib/Src/uart_io.cpp.obj
 .ARM.exidx.text._ZN8MCPacket13decode_packetEt
                0x08004904        0x8 CMakeFiles/YunTai.elf.dir/Lib/Src/uart_io.cpp.obj
 .ARM.exidx.text.HAL_UARTEx_RxEventCallback
                0x0800490c        0x8 CMakeFiles/YunTai.elf.dir/Lib/Src/uart_io.cpp.obj
 .ARM.exidx.text._GLOBAL__sub_I__ZN8MCPacket8checksumEPKht
                0x08004914        0x8 CMakeFiles/YunTai.elf.dir/Lib/Src/uart_io.cpp.obj
 .ARM.exidx.text._Z41__static_initialization_and_destruction_0v
                0x0800491c        0x0 CMakeFiles/YunTai.elf.dir/User/Src/User_main.cpp.obj
                                  0x8 (size before relaxing)
 .ARM.exidx.text.User_Init
                0x0800491c        0x8 CMakeFiles/YunTai.elf.dir/User/Src/User_main.cpp.obj
 .ARM.exidx.text.get_compensation
                0x08004924        0x8 CMakeFiles/YunTai.elf.dir/User/Src/User_main.cpp.obj
 .ARM.exidx.text.Tracking
                0x0800492c        0x8 CMakeFiles/YunTai.elf.dir/User/Src/User_main.cpp.obj
 .ARM.exidx.text.Finding
                0x08004934        0x8 CMakeFiles/YunTai.elf.dir/User/Src/User_main.cpp.obj
 .ARM.exidx.text.User_Loop
                0x0800493c        0x8 CMakeFiles/YunTai.elf.dir/User/Src/User_main.cpp.obj
 .ARM.exidx.text._GLOBAL__sub_I_User_Init
                0x08004944        0x8 CMakeFiles/YunTai.elf.dir/User/Src/User_main.cpp.obj
                0x0800494c                        __exidx_end = .
                0x0800494c                        . = ALIGN (0x4)

.preinit_array  0x0800494c        0x0
                0x0800494c                        . = ALIGN (0x4)
                0x0800494c                        PROVIDE (__preinit_array_start = .)
 *(.preinit_array*)
                0x0800494c                        PROVIDE (__preinit_array_end = .)
                0x0800494c                        . = ALIGN (0x4)

.init_array     0x0800494c       0x18
                0x0800494c                        . = ALIGN (0x4)
                0x0800494c                        PROVIDE (__init_array_start = .)
 *(SORT_BY_NAME(.init_array.*))
 .init_array.00000
                0x0800494c        0x4 D:/ST/STM32CubeCLT_1.18.0/GNU-tools-for-STM32/bin/../lib/gcc/arm-none-eabi/13.3.1/../../../../arm-none-eabi/lib/thumb/v7e-m/nofp\libc.a(libc_a-__call_atexit.o)
 *(.init_array*)
 .init_array    0x08004950        0x4 D:/ST/STM32CubeCLT_1.18.0/GNU-tools-for-STM32/bin/../lib/gcc/arm-none-eabi/13.3.1/thumb/v7e-m/nofp/crtbegin.o
 .init_array    0x08004954        0x4 CMakeFiles/YunTai.elf.dir/Lib/Src/perspective.cpp.obj
 .init_array    0x08004958        0x4 CMakeFiles/YunTai.elf.dir/Lib/Src/step_motor.cpp.obj
 .init_array    0x0800495c        0x4 CMakeFiles/YunTai.elf.dir/Lib/Src/uart_io.cpp.obj
 .init_array    0x08004960        0x4 CMakeFiles/YunTai.elf.dir/User/Src/User_main.cpp.obj
                0x08004964                        PROVIDE (__init_array_end = .)
                0x08004964                        . = ALIGN (0x4)

.fini_array     0x08004964        0x4
                0x08004964                        . = ALIGN (0x4)
                0x08004964                        PROVIDE (__fini_array_start = .)
 *(SORT_BY_NAME(.fini_array.*))
 *(.fini_array*)
 .fini_array    0x08004964        0x4 D:/ST/STM32CubeCLT_1.18.0/GNU-tools-for-STM32/bin/../lib/gcc/arm-none-eabi/13.3.1/thumb/v7e-m/nofp/crtbegin.o
                0x08004968                        PROVIDE (__fini_array_end = .)
                0x08004968                        . = ALIGN (0x4)
                0x08004968                        _sidata = LOADADDR (.data)

.rel.dyn        0x08004968        0x0
 .rel.iplt      0x08004968        0x0 D:/ST/STM32CubeCLT_1.18.0/GNU-tools-for-STM32/bin/../lib/gcc/arm-none-eabi/13.3.1/thumb/v7e-m/nofp/crtbegin.o

.data           0x20000000      0x154 load address 0x08004968
                0x20000000                        . = ALIGN (0x4)
                0x20000000                        _sdata = .
 *(.data)
 *(.data*)
 .data.SystemCoreClock
                0x20000000        0x4 CMakeFiles/YunTai.elf.dir/Core/Src/system_stm32f4xx.c.obj
                0x20000000                SystemCoreClock
 .data.uwTickFreq
                0x20000004        0x1 CMakeFiles/YunTai.elf.dir/Drivers/STM32F4xx_HAL_Driver/Src/stm32f4xx_hal.c.obj
                0x20000004                uwTickFreq
 *fill*         0x20000005        0x3 
 .data.uwTickPrio
                0x20000008        0x4 CMakeFiles/YunTai.elf.dir/Drivers/STM32F4xx_HAL_Driver/Src/stm32f4xx_hal.c.obj
                0x20000008                uwTickPrio
 .data._impure_ptr
                0x2000000c        0x4 D:/ST/STM32CubeCLT_1.18.0/GNU-tools-for-STM32/bin/../lib/gcc/arm-none-eabi/13.3.1/../../../../arm-none-eabi/lib/thumb/v7e-m/nofp\libc.a(libc_a-impure.o)
                0x2000000c                _impure_ptr
 .data._impure_data
                0x20000010      0x140 D:/ST/STM32CubeCLT_1.18.0/GNU-tools-for-STM32/bin/../lib/gcc/arm-none-eabi/13.3.1/../../../../arm-none-eabi/lib/thumb/v7e-m/nofp\libc.a(libc_a-impure.o)
                0x20000010                _impure_data
 .data.__atexit_recursive_mutex
                0x20000150        0x4 D:/ST/STM32CubeCLT_1.18.0/GNU-tools-for-STM32/bin/../lib/gcc/arm-none-eabi/13.3.1/../../../../arm-none-eabi/lib/thumb/v7e-m/nofp\libc.a(libc_a-__call_atexit.o)
                0x20000150                __atexit_recursive_mutex
 *(.RamFunc)
 *(.RamFunc*)
                0x20000154                        . = ALIGN (0x4)
                0x20000154                        _edata = .
                0x08004abc                        _siccmram = LOADADDR (.ccmram)

.igot.plt       0x20000154        0x0 load address 0x08004abc
 .igot.plt      0x20000154        0x0 D:/ST/STM32CubeCLT_1.18.0/GNU-tools-for-STM32/bin/../lib/gcc/arm-none-eabi/13.3.1/thumb/v7e-m/nofp/crtbegin.o

.ccmram         0x10000000        0x0 load address 0x08004abc
                0x10000000                        . = ALIGN (0x4)
                0x10000000                        _sccmram = .
 *(.ccmram)
 *(.ccmram*)
                0x10000000                        . = ALIGN (0x4)
                0x10000000                        _eccmram = .
                0x10000000                        . = ALIGN (0x4)

.bss            0x20000154      0x6a0
                0x20000154                        _sbss = .
                0x20000154                        __bss_start__ = _sbss
 *(.bss)
 .bss           0x20000154       0x1c D:/ST/STM32CubeCLT_1.18.0/GNU-tools-for-STM32/bin/../lib/gcc/arm-none-eabi/13.3.1/thumb/v7e-m/nofp/crtbegin.o
 *(.bss*)
 .bss.htim8     0x20000170       0x48 CMakeFiles/YunTai.elf.dir/Core/Src/tim.c.obj
                0x20000170                htim8
 .bss.htim3     0x200001b8       0x48 CMakeFiles/YunTai.elf.dir/Core/Src/tim.c.obj
                0x200001b8                htim3
 .bss.htim1     0x20000200       0x48 CMakeFiles/YunTai.elf.dir/Core/Src/tim.c.obj
                0x20000200                htim1
 .bss.huart6    0x20000248       0x48 CMakeFiles/YunTai.elf.dir/Core/Src/usart.c.obj
                0x20000248                huart6
 .bss.huart1    0x20000290       0x48 CMakeFiles/YunTai.elf.dir/Core/Src/usart.c.obj
                0x20000290                huart1
 .bss.uwTick    0x200002d8        0x4 CMakeFiles/YunTai.elf.dir/Drivers/STM32F4xx_HAL_Driver/Src/stm32f4xx_hal.c.obj
                0x200002d8                uwTick
 .bss._ZGV2pt   0x200002dc        0x4 CMakeFiles/YunTai.elf.dir/Lib/Src/perspective.cpp.obj
                0x200002dc                guard variable for pt
 .bss.pt        0x200002e0       0x2c CMakeFiles/YunTai.elf.dir/Lib/Src/perspective.cpp.obj
                0x200002e0                pt
 .bss.gimbal_pitch
                0x2000030c       0x44 CMakeFiles/YunTai.elf.dir/Lib/Src/step_motor.cpp.obj
                0x2000030c                gimbal_pitch
 .bss.gimbal_yaw
                0x20000350       0x44 CMakeFiles/YunTai.elf.dir/Lib/Src/step_motor.cpp.obj
                0x20000350                gimbal_yaw
 .bss._ZGV9mc_packet
                0x20000394        0x4 CMakeFiles/YunTai.elf.dir/Lib/Src/uart_io.cpp.obj
                0x20000394                guard variable for mc_packet
 .bss.mc_packet
                0x20000398      0x188 CMakeFiles/YunTai.elf.dir/Lib/Src/uart_io.cpp.obj
                0x20000398                mc_packet
 .bss.__sf      0x20000520      0x138 D:/ST/STM32CubeCLT_1.18.0/GNU-tools-for-STM32/bin/../lib/gcc/arm-none-eabi/13.3.1/../../../../arm-none-eabi/lib/thumb/v7e-m/nofp\libc.a(libc_a-findfp.o)
                0x20000520                __sf
 .bss.errno     0x20000658        0x4 D:/ST/STM32CubeCLT_1.18.0/GNU-tools-for-STM32/bin/../lib/gcc/arm-none-eabi/13.3.1/../../../../arm-none-eabi/lib/thumb/v7e-m/nofp\libc.a(libc_a-reent.o)
                0x20000658                errno
 .bss.__lock___atexit_recursive_mutex
                0x2000065c        0x1 D:/ST/STM32CubeCLT_1.18.0/GNU-tools-for-STM32/bin/../lib/gcc/arm-none-eabi/13.3.1/../../../../arm-none-eabi/lib/thumb/v7e-m/nofp\libc.a(libc_a-lock.o)
                0x2000065c                __lock___atexit_recursive_mutex
 *fill*         0x2000065d        0x3 
 .bss.__atexit  0x20000660        0x4 D:/ST/STM32CubeCLT_1.18.0/GNU-tools-for-STM32/bin/../lib/gcc/arm-none-eabi/13.3.1/../../../../arm-none-eabi/lib/thumb/v7e-m/nofp\libc.a(libc_a-__call_atexit.o)
                0x20000660                __atexit
 .bss.__atexit0
                0x20000664      0x190 D:/ST/STM32CubeCLT_1.18.0/GNU-tools-for-STM32/bin/../lib/gcc/arm-none-eabi/13.3.1/../../../../arm-none-eabi/lib/thumb/v7e-m/nofp\libc.a(libc_a-__atexit.o)
                0x20000664                __atexit0
 *(COMMON)
                0x200007f4                        . = ALIGN (0x4)
                0x200007f4                        _ebss = .
                0x200007f4                        __bss_end__ = _ebss

._user_heap_stack
                0x200007f4      0x604
                0x200007f8                        . = ALIGN (0x8)
 *fill*         0x200007f4        0x4 
                [!provide]                        PROVIDE (end = .)
                0x200007f8                        PROVIDE (_end = .)
                0x200009f8                        . = (. + _Min_Heap_Size)
 *fill*         0x200007f8      0x200 
                0x20000df8                        . = (. + _Min_Stack_Size)
 *fill*         0x200009f8      0x400 
                0x20000df8                        . = ALIGN (0x8)

/DISCARD/
 libc.a(*)
 libm.a(*)
 libgcc.a(*)

.ARM.attributes
                0x00000000       0x2a
 *(.ARM.attributes)
 .ARM.attributes
                0x00000000       0x1e D:/ST/STM32CubeCLT_1.18.0/GNU-tools-for-STM32/bin/../lib/gcc/arm-none-eabi/13.3.1/thumb/v7e-m/nofp/crti.o
 .ARM.attributes
                0x0000001e       0x2e D:/ST/STM32CubeCLT_1.18.0/GNU-tools-for-STM32/bin/../lib/gcc/arm-none-eabi/13.3.1/thumb/v7e-m/nofp/crtbegin.o
 .ARM.attributes
                0x0000004c       0x2e CMakeFiles/YunTai.elf.dir/Core/Src/gpio.c.obj
 .ARM.attributes
                0x0000007a       0x2e CMakeFiles/YunTai.elf.dir/Core/Src/main.c.obj
 .ARM.attributes
                0x000000a8       0x2e CMakeFiles/YunTai.elf.dir/Core/Src/stm32f4xx_hal_msp.c.obj
 .ARM.attributes
                0x000000d6       0x2e CMakeFiles/YunTai.elf.dir/Core/Src/stm32f4xx_it.c.obj
 .ARM.attributes
                0x00000104       0x2e CMakeFiles/YunTai.elf.dir/Core/Src/system_stm32f4xx.c.obj
 .ARM.attributes
                0x00000132       0x2e CMakeFiles/YunTai.elf.dir/Core/Src/tim.c.obj
 .ARM.attributes
                0x00000160       0x2e CMakeFiles/YunTai.elf.dir/Core/Src/usart.c.obj
 .ARM.attributes
                0x0000018e       0x21 CMakeFiles/YunTai.elf.dir/Core/Startup/startup_stm32f407ighx.s.obj
 .ARM.attributes
                0x000001af       0x2e CMakeFiles/YunTai.elf.dir/Drivers/STM32F4xx_HAL_Driver/Src/stm32f4xx_hal.c.obj
 .ARM.attributes
                0x000001dd       0x2e CMakeFiles/YunTai.elf.dir/Drivers/STM32F4xx_HAL_Driver/Src/stm32f4xx_hal_cortex.c.obj
 .ARM.attributes
                0x0000020b       0x2e CMakeFiles/YunTai.elf.dir/Drivers/STM32F4xx_HAL_Driver/Src/stm32f4xx_hal_dma.c.obj
 .ARM.attributes
                0x00000239       0x2e CMakeFiles/YunTai.elf.dir/Drivers/STM32F4xx_HAL_Driver/Src/stm32f4xx_hal_gpio.c.obj
 .ARM.attributes
                0x00000267       0x2e CMakeFiles/YunTai.elf.dir/Drivers/STM32F4xx_HAL_Driver/Src/stm32f4xx_hal_rcc.c.obj
 .ARM.attributes
                0x00000295       0x2e CMakeFiles/YunTai.elf.dir/Drivers/STM32F4xx_HAL_Driver/Src/stm32f4xx_hal_tim.c.obj
 .ARM.attributes
                0x000002c3       0x2e CMakeFiles/YunTai.elf.dir/Drivers/STM32F4xx_HAL_Driver/Src/stm32f4xx_hal_tim_ex.c.obj
 .ARM.attributes
                0x000002f1       0x2e CMakeFiles/YunTai.elf.dir/Drivers/STM32F4xx_HAL_Driver/Src/stm32f4xx_hal_uart.c.obj
 .ARM.attributes
                0x0000031f       0x2e CMakeFiles/YunTai.elf.dir/Lib/Src/perspective.cpp.obj
 .ARM.attributes
                0x0000034d       0x2e CMakeFiles/YunTai.elf.dir/Lib/Src/step_motor.cpp.obj
 .ARM.attributes
                0x0000037b       0x2e CMakeFiles/YunTai.elf.dir/Lib/Src/uart_io.cpp.obj
 .ARM.attributes
                0x000003a9       0x2e CMakeFiles/YunTai.elf.dir/User/Src/User_main.cpp.obj
 .ARM.attributes
                0x000003d7       0x2e D:/ST/STM32CubeCLT_1.18.0/GNU-tools-for-STM32/bin/../lib/gcc/arm-none-eabi/13.3.1/../../../../arm-none-eabi/lib/thumb/v7e-m/nofp\libm.a(libm_a-sf_lround.o)
 .ARM.attributes
                0x00000405       0x1e D:/ST/STM32CubeCLT_1.18.0/GNU-tools-for-STM32/bin/../lib/gcc/arm-none-eabi/13.3.1/thumb/v7e-m/nofp\libgcc.a(_arm_addsubsf3.o)
 .ARM.attributes
                0x00000423       0x1e D:/ST/STM32CubeCLT_1.18.0/GNU-tools-for-STM32/bin/../lib/gcc/arm-none-eabi/13.3.1/thumb/v7e-m/nofp\libgcc.a(_arm_muldivsf3.o)
 .ARM.attributes
                0x00000441       0x1e D:/ST/STM32CubeCLT_1.18.0/GNU-tools-for-STM32/bin/../lib/gcc/arm-none-eabi/13.3.1/thumb/v7e-m/nofp\libgcc.a(_arm_cmpsf2.o)
 .ARM.attributes
                0x0000045f       0x1e D:/ST/STM32CubeCLT_1.18.0/GNU-tools-for-STM32/bin/../lib/gcc/arm-none-eabi/13.3.1/thumb/v7e-m/nofp\libgcc.a(_arm_fixsfsi.o)
 .ARM.attributes
                0x0000047d       0x1e D:/ST/STM32CubeCLT_1.18.0/GNU-tools-for-STM32/bin/../lib/gcc/arm-none-eabi/13.3.1/thumb/v7e-m/nofp\libgcc.a(_arm_fixunssfsi.o)
 .ARM.attributes
                0x0000049b       0x1e D:/ST/STM32CubeCLT_1.18.0/GNU-tools-for-STM32/bin/../lib/gcc/arm-none-eabi/13.3.1/thumb/v7e-m/nofp\libgcc.a(_aeabi_uldivmod.o)
 .ARM.attributes
                0x000004b9       0x2e D:/ST/STM32CubeCLT_1.18.0/GNU-tools-for-STM32/bin/../lib/gcc/arm-none-eabi/13.3.1/thumb/v7e-m/nofp\libgcc.a(_udivmoddi4.o)
 .ARM.attributes
                0x000004e7       0x2e D:/ST/STM32CubeCLT_1.18.0/GNU-tools-for-STM32/bin/../lib/gcc/arm-none-eabi/13.3.1/thumb/v7e-m/nofp\libgcc.a(unwind-arm.o)
 .ARM.attributes
                0x00000515       0x1e D:/ST/STM32CubeCLT_1.18.0/GNU-tools-for-STM32/bin/../lib/gcc/arm-none-eabi/13.3.1/thumb/v7e-m/nofp\libgcc.a(libunwind.o)
 .ARM.attributes
                0x00000533       0x2e D:/ST/STM32CubeCLT_1.18.0/GNU-tools-for-STM32/bin/../lib/gcc/arm-none-eabi/13.3.1/thumb/v7e-m/nofp\libgcc.a(pr-support.o)
 .ARM.attributes
                0x00000561       0x1e D:/ST/STM32CubeCLT_1.18.0/GNU-tools-for-STM32/bin/../lib/gcc/arm-none-eabi/13.3.1/thumb/v7e-m/nofp\libgcc.a(_dvmd_tls.o)
 .ARM.attributes
                0x0000057f       0x2e D:/ST/STM32CubeCLT_1.18.0/GNU-tools-for-STM32/bin/../lib/gcc/arm-none-eabi/13.3.1/../../../../arm-none-eabi/lib/thumb/v7e-m/nofp\libc.a(libc_a-abort.o)
 .ARM.attributes
                0x000005ad       0x2e D:/ST/STM32CubeCLT_1.18.0/GNU-tools-for-STM32/bin/../lib/gcc/arm-none-eabi/13.3.1/../../../../arm-none-eabi/lib/thumb/v7e-m/nofp\libc.a(libc_a-findfp.o)
 .ARM.attributes
                0x000005db       0x2e D:/ST/STM32CubeCLT_1.18.0/GNU-tools-for-STM32/bin/../lib/gcc/arm-none-eabi/13.3.1/../../../../arm-none-eabi/lib/thumb/v7e-m/nofp\libc.a(libc_a-memset.o)
 .ARM.attributes
                0x00000609       0x2e D:/ST/STM32CubeCLT_1.18.0/GNU-tools-for-STM32/bin/../lib/gcc/arm-none-eabi/13.3.1/../../../../arm-none-eabi/lib/thumb/v7e-m/nofp\libc.a(libc_a-signal.o)
 .ARM.attributes
                0x00000637       0x2e D:/ST/STM32CubeCLT_1.18.0/GNU-tools-for-STM32/bin/../lib/gcc/arm-none-eabi/13.3.1/../../../../arm-none-eabi/lib/thumb/v7e-m/nofp\libc.a(libc_a-reent.o)
 .ARM.attributes
                0x00000665       0x2e D:/ST/STM32CubeCLT_1.18.0/GNU-tools-for-STM32/bin/../lib/gcc/arm-none-eabi/13.3.1/../../../../arm-none-eabi/lib/thumb/v7e-m/nofp\libc.a(libc_a-impure.o)
 .ARM.attributes
                0x00000693       0x2e D:/ST/STM32CubeCLT_1.18.0/GNU-tools-for-STM32/bin/../lib/gcc/arm-none-eabi/13.3.1/../../../../arm-none-eabi/lib/thumb/v7e-m/nofp\libc.a(libc_a-signalr.o)
 .ARM.attributes
                0x000006c1       0x2e D:/ST/STM32CubeCLT_1.18.0/GNU-tools-for-STM32/bin/../lib/gcc/arm-none-eabi/13.3.1/../../../../arm-none-eabi/lib/thumb/v7e-m/nofp\libc.a(libc_a-errno.o)
 .ARM.attributes
                0x000006ef       0x2e D:/ST/STM32CubeCLT_1.18.0/GNU-tools-for-STM32/bin/../lib/gcc/arm-none-eabi/13.3.1/../../../../arm-none-eabi/lib/thumb/v7e-m/nofp\libc.a(libc_a-init.o)
 .ARM.attributes
                0x0000071d       0x2e D:/ST/STM32CubeCLT_1.18.0/GNU-tools-for-STM32/bin/../lib/gcc/arm-none-eabi/13.3.1/../../../../arm-none-eabi/lib/thumb/v7e-m/nofp\libc.a(libc_a-lock.o)
 .ARM.attributes
                0x0000074b       0x2e D:/ST/STM32CubeCLT_1.18.0/GNU-tools-for-STM32/bin/../lib/gcc/arm-none-eabi/13.3.1/../../../../arm-none-eabi/lib/thumb/v7e-m/nofp\libc.a(libc_a-memcpy-stub.o)
 .ARM.attributes
                0x00000779       0x2e D:/ST/STM32CubeCLT_1.18.0/GNU-tools-for-STM32/bin/../lib/gcc/arm-none-eabi/13.3.1/../../../../arm-none-eabi/lib/thumb/v7e-m/nofp\libc.a(libc_a-__call_atexit.o)
 .ARM.attributes
                0x000007a7       0x2e D:/ST/STM32CubeCLT_1.18.0/GNU-tools-for-STM32/bin/../lib/gcc/arm-none-eabi/13.3.1/../../../../arm-none-eabi/lib/thumb/v7e-m/nofp\libc.a(libc_a-atexit.o)
 .ARM.attributes
                0x000007d5       0x2e D:/ST/STM32CubeCLT_1.18.0/GNU-tools-for-STM32/bin/../lib/gcc/arm-none-eabi/13.3.1/../../../../arm-none-eabi/lib/thumb/v7e-m/nofp\libc.a(libc_a-fini.o)
 .ARM.attributes
                0x00000803       0x2e D:/ST/STM32CubeCLT_1.18.0/GNU-tools-for-STM32/bin/../lib/gcc/arm-none-eabi/13.3.1/../../../../arm-none-eabi/lib/thumb/v7e-m/nofp\libc.a(libc_a-__atexit.o)
 .ARM.attributes
                0x00000831       0x1e D:/ST/STM32CubeCLT_1.18.0/GNU-tools-for-STM32/bin/../lib/gcc/arm-none-eabi/13.3.1/thumb/v7e-m/nofp/crtn.o
OUTPUT(YunTai.elf elf32-littlearm)
LOAD linker stubs
LOAD D:/ST/STM32CubeCLT_1.18.0/GNU-tools-for-STM32/bin/../lib/gcc/arm-none-eabi/13.3.1/../../../../arm-none-eabi/lib/thumb/v7e-m/nofp\libc.a
LOAD D:/ST/STM32CubeCLT_1.18.0/GNU-tools-for-STM32/bin/../lib/gcc/arm-none-eabi/13.3.1/../../../../arm-none-eabi/lib/thumb/v7e-m/nofp\libm.a
LOAD D:/ST/STM32CubeCLT_1.18.0/GNU-tools-for-STM32/bin/../lib/gcc/arm-none-eabi/13.3.1/thumb/v7e-m/nofp\libgcc.a

.debug_info     0x00000000    0x17665
 .debug_info    0x00000000      0x50c CMakeFiles/YunTai.elf.dir/Core/Src/gpio.c.obj
 .debug_info    0x0000050c      0x5cf CMakeFiles/YunTai.elf.dir/Core/Src/main.c.obj
 .debug_info    0x00000adb      0x265 CMakeFiles/YunTai.elf.dir/Core/Src/stm32f4xx_hal_msp.c.obj
 .debug_info    0x00000d40      0x71f CMakeFiles/YunTai.elf.dir/Core/Src/stm32f4xx_it.c.obj
 .debug_info    0x0000145f      0x334 CMakeFiles/YunTai.elf.dir/Core/Src/system_stm32f4xx.c.obj
 .debug_info    0x00001793     0x145e CMakeFiles/YunTai.elf.dir/Core/Src/tim.c.obj
 .debug_info    0x00002bf1      0xa34 CMakeFiles/YunTai.elf.dir/Core/Src/usart.c.obj
 .debug_info    0x00003625       0x30 CMakeFiles/YunTai.elf.dir/Core/Startup/startup_stm32f407ighx.s.obj
 .debug_info    0x00003655      0x9e2 CMakeFiles/YunTai.elf.dir/Drivers/STM32F4xx_HAL_Driver/Src/stm32f4xx_hal.c.obj
 .debug_info    0x00004037      0xff5 CMakeFiles/YunTai.elf.dir/Drivers/STM32F4xx_HAL_Driver/Src/stm32f4xx_hal_cortex.c.obj
 .debug_info    0x0000502c      0xad9 CMakeFiles/YunTai.elf.dir/Drivers/STM32F4xx_HAL_Driver/Src/stm32f4xx_hal_dma.c.obj
 .debug_info    0x00005b05      0x704 CMakeFiles/YunTai.elf.dir/Drivers/STM32F4xx_HAL_Driver/Src/stm32f4xx_hal_gpio.c.obj
 .debug_info    0x00006209      0xa81 CMakeFiles/YunTai.elf.dir/Drivers/STM32F4xx_HAL_Driver/Src/stm32f4xx_hal_rcc.c.obj
 .debug_info    0x00006c8a     0x3c53 CMakeFiles/YunTai.elf.dir/Drivers/STM32F4xx_HAL_Driver/Src/stm32f4xx_hal_tim.c.obj
 .debug_info    0x0000a8dd     0x1aec CMakeFiles/YunTai.elf.dir/Drivers/STM32F4xx_HAL_Driver/Src/stm32f4xx_hal_tim_ex.c.obj
 .debug_info    0x0000c3c9     0x4018 CMakeFiles/YunTai.elf.dir/Drivers/STM32F4xx_HAL_Driver/Src/stm32f4xx_hal_uart.c.obj
 .debug_info    0x000103e1     0x2341 CMakeFiles/YunTai.elf.dir/Lib/Src/perspective.cpp.obj
 .debug_info    0x00012722     0x10c2 CMakeFiles/YunTai.elf.dir/Lib/Src/step_motor.cpp.obj
 .debug_info    0x000137e4     0x11ce CMakeFiles/YunTai.elf.dir/Lib/Src/uart_io.cpp.obj
 .debug_info    0x000149b2     0x2cb3 CMakeFiles/YunTai.elf.dir/User/Src/User_main.cpp.obj

.debug_abbrev   0x00000000     0x3047
 .debug_abbrev  0x00000000      0x164 CMakeFiles/YunTai.elf.dir/Core/Src/gpio.c.obj
 .debug_abbrev  0x00000164      0x209 CMakeFiles/YunTai.elf.dir/Core/Src/main.c.obj
 .debug_abbrev  0x0000036d       0xd6 CMakeFiles/YunTai.elf.dir/Core/Src/stm32f4xx_hal_msp.c.obj
 .debug_abbrev  0x00000443      0x19d CMakeFiles/YunTai.elf.dir/Core/Src/stm32f4xx_it.c.obj
 .debug_abbrev  0x000005e0      0x120 CMakeFiles/YunTai.elf.dir/Core/Src/system_stm32f4xx.c.obj
 .debug_abbrev  0x00000700      0x285 CMakeFiles/YunTai.elf.dir/Core/Src/tim.c.obj
 .debug_abbrev  0x00000985      0x21b CMakeFiles/YunTai.elf.dir/Core/Src/usart.c.obj
 .debug_abbrev  0x00000ba0       0x24 CMakeFiles/YunTai.elf.dir/Core/Startup/startup_stm32f407ighx.s.obj
 .debug_abbrev  0x00000bc4      0x240 CMakeFiles/YunTai.elf.dir/Drivers/STM32F4xx_HAL_Driver/Src/stm32f4xx_hal.c.obj
 .debug_abbrev  0x00000e04      0x391 CMakeFiles/YunTai.elf.dir/Drivers/STM32F4xx_HAL_Driver/Src/stm32f4xx_hal_cortex.c.obj
 .debug_abbrev  0x00001195      0x2c0 CMakeFiles/YunTai.elf.dir/Drivers/STM32F4xx_HAL_Driver/Src/stm32f4xx_hal_dma.c.obj
 .debug_abbrev  0x00001455      0x202 CMakeFiles/YunTai.elf.dir/Drivers/STM32F4xx_HAL_Driver/Src/stm32f4xx_hal_gpio.c.obj
 .debug_abbrev  0x00001657      0x2c7 CMakeFiles/YunTai.elf.dir/Drivers/STM32F4xx_HAL_Driver/Src/stm32f4xx_hal_rcc.c.obj
 .debug_abbrev  0x0000191e      0x271 CMakeFiles/YunTai.elf.dir/Drivers/STM32F4xx_HAL_Driver/Src/stm32f4xx_hal_tim.c.obj
 .debug_abbrev  0x00001b8f      0x26f CMakeFiles/YunTai.elf.dir/Drivers/STM32F4xx_HAL_Driver/Src/stm32f4xx_hal_tim_ex.c.obj
 .debug_abbrev  0x00001dfe      0x326 CMakeFiles/YunTai.elf.dir/Drivers/STM32F4xx_HAL_Driver/Src/stm32f4xx_hal_uart.c.obj
 .debug_abbrev  0x00002124      0x36b CMakeFiles/YunTai.elf.dir/Lib/Src/perspective.cpp.obj
 .debug_abbrev  0x0000248f      0x362 CMakeFiles/YunTai.elf.dir/Lib/Src/step_motor.cpp.obj
 .debug_abbrev  0x000027f1      0x3e9 CMakeFiles/YunTai.elf.dir/Lib/Src/uart_io.cpp.obj
 .debug_abbrev  0x00002bda      0x46d CMakeFiles/YunTai.elf.dir/User/Src/User_main.cpp.obj

.debug_aranges  0x00000000      0xdb8
 .debug_aranges
                0x00000000       0x20 CMakeFiles/YunTai.elf.dir/Core/Src/gpio.c.obj
 .debug_aranges
                0x00000020       0x30 CMakeFiles/YunTai.elf.dir/Core/Src/main.c.obj
 .debug_aranges
                0x00000050       0x20 CMakeFiles/YunTai.elf.dir/Core/Src/stm32f4xx_hal_msp.c.obj
 .debug_aranges
                0x00000070       0x70 CMakeFiles/YunTai.elf.dir/Core/Src/stm32f4xx_it.c.obj
 .debug_aranges
                0x000000e0       0x28 CMakeFiles/YunTai.elf.dir/Core/Src/system_stm32f4xx.c.obj
 .debug_aranges
                0x00000108       0x48 CMakeFiles/YunTai.elf.dir/Core/Src/tim.c.obj
 .debug_aranges
                0x00000150       0x38 CMakeFiles/YunTai.elf.dir/Core/Src/usart.c.obj
 .debug_aranges
                0x00000188       0x28 CMakeFiles/YunTai.elf.dir/Core/Startup/startup_stm32f407ighx.s.obj
 .debug_aranges
                0x000001b0       0xf0 CMakeFiles/YunTai.elf.dir/Drivers/STM32F4xx_HAL_Driver/Src/stm32f4xx_hal.c.obj
 .debug_aranges
                0x000002a0       0xf8 CMakeFiles/YunTai.elf.dir/Drivers/STM32F4xx_HAL_Driver/Src/stm32f4xx_hal_cortex.c.obj
 .debug_aranges
                0x00000398       0x90 CMakeFiles/YunTai.elf.dir/Drivers/STM32F4xx_HAL_Driver/Src/stm32f4xx_hal_dma.c.obj
 .debug_aranges
                0x00000428       0x58 CMakeFiles/YunTai.elf.dir/Drivers/STM32F4xx_HAL_Driver/Src/stm32f4xx_hal_gpio.c.obj
 .debug_aranges
                0x00000480       0x88 CMakeFiles/YunTai.elf.dir/Drivers/STM32F4xx_HAL_Driver/Src/stm32f4xx_hal_rcc.c.obj
 .debug_aranges
                0x00000508      0x3d0 CMakeFiles/YunTai.elf.dir/Drivers/STM32F4xx_HAL_Driver/Src/stm32f4xx_hal_tim.c.obj
 .debug_aranges
                0x000008d8      0x168 CMakeFiles/YunTai.elf.dir/Drivers/STM32F4xx_HAL_Driver/Src/stm32f4xx_hal_tim_ex.c.obj
 .debug_aranges
                0x00000a40      0x208 CMakeFiles/YunTai.elf.dir/Drivers/STM32F4xx_HAL_Driver/Src/stm32f4xx_hal_uart.c.obj
 .debug_aranges
                0x00000c48       0x38 CMakeFiles/YunTai.elf.dir/Lib/Src/perspective.cpp.obj
 .debug_aranges
                0x00000c80       0x80 CMakeFiles/YunTai.elf.dir/Lib/Src/step_motor.cpp.obj
 .debug_aranges
                0x00000d00       0x60 CMakeFiles/YunTai.elf.dir/Lib/Src/uart_io.cpp.obj
 .debug_aranges
                0x00000d60       0x58 CMakeFiles/YunTai.elf.dir/User/Src/User_main.cpp.obj

.debug_rnglists
                0x00000000      0xa85
 .debug_rnglists
                0x00000000       0x14 CMakeFiles/YunTai.elf.dir/Core/Src/gpio.c.obj
 .debug_rnglists
                0x00000014       0x20 CMakeFiles/YunTai.elf.dir/Core/Src/main.c.obj
 .debug_rnglists
                0x00000034       0x13 CMakeFiles/YunTai.elf.dir/Core/Src/stm32f4xx_hal_msp.c.obj
 .debug_rnglists
                0x00000047       0x4f CMakeFiles/YunTai.elf.dir/Core/Src/stm32f4xx_it.c.obj
 .debug_rnglists
                0x00000096       0x1a CMakeFiles/YunTai.elf.dir/Core/Src/system_stm32f4xx.c.obj
 .debug_rnglists
                0x000000b0       0x36 CMakeFiles/YunTai.elf.dir/Core/Src/tim.c.obj
 .debug_rnglists
                0x000000e6       0x26 CMakeFiles/YunTai.elf.dir/Core/Src/usart.c.obj
 .debug_rnglists
                0x0000010c       0x19 CMakeFiles/YunTai.elf.dir/Core/Startup/startup_stm32f407ighx.s.obj
 .debug_rnglists
                0x00000125       0xaf CMakeFiles/YunTai.elf.dir/Drivers/STM32F4xx_HAL_Driver/Src/stm32f4xx_hal.c.obj
 .debug_rnglists
                0x000001d4       0xb5 CMakeFiles/YunTai.elf.dir/Drivers/STM32F4xx_HAL_Driver/Src/stm32f4xx_hal_cortex.c.obj
 .debug_rnglists
                0x00000289       0x6c CMakeFiles/YunTai.elf.dir/Drivers/STM32F4xx_HAL_Driver/Src/stm32f4xx_hal_dma.c.obj
 .debug_rnglists
                0x000002f5       0x3f CMakeFiles/YunTai.elf.dir/Drivers/STM32F4xx_HAL_Driver/Src/stm32f4xx_hal_gpio.c.obj
 .debug_rnglists
                0x00000334       0x75 CMakeFiles/YunTai.elf.dir/Drivers/STM32F4xx_HAL_Driver/Src/stm32f4xx_hal_rcc.c.obj
 .debug_rnglists
                0x000003a9      0x302 CMakeFiles/YunTai.elf.dir/Drivers/STM32F4xx_HAL_Driver/Src/stm32f4xx_hal_tim.c.obj
 .debug_rnglists
                0x000006ab      0x11b CMakeFiles/YunTai.elf.dir/Drivers/STM32F4xx_HAL_Driver/Src/stm32f4xx_hal_tim_ex.c.obj
 .debug_rnglists
                0x000007c6      0x195 CMakeFiles/YunTai.elf.dir/Drivers/STM32F4xx_HAL_Driver/Src/stm32f4xx_hal_uart.c.obj
 .debug_rnglists
                0x0000095b       0x27 CMakeFiles/YunTai.elf.dir/Lib/Src/perspective.cpp.obj
 .debug_rnglists
                0x00000982       0x5c CMakeFiles/YunTai.elf.dir/Lib/Src/step_motor.cpp.obj
 .debug_rnglists
                0x000009de       0x69 CMakeFiles/YunTai.elf.dir/Lib/Src/uart_io.cpp.obj
 .debug_rnglists
                0x00000a47       0x3e CMakeFiles/YunTai.elf.dir/User/Src/User_main.cpp.obj

.debug_line     0x00000000    0x1092a
 .debug_line    0x00000000      0x2c2 CMakeFiles/YunTai.elf.dir/Core/Src/gpio.c.obj
 .debug_line    0x000002c2      0x443 CMakeFiles/YunTai.elf.dir/Core/Src/main.c.obj
 .debug_line    0x00000705      0x1ec CMakeFiles/YunTai.elf.dir/Core/Src/stm32f4xx_hal_msp.c.obj
 .debug_line    0x000008f1      0x35e CMakeFiles/YunTai.elf.dir/Core/Src/stm32f4xx_it.c.obj
 .debug_line    0x00000c4f      0x2b4 CMakeFiles/YunTai.elf.dir/Core/Src/system_stm32f4xx.c.obj
 .debug_line    0x00000f03      0x7e8 CMakeFiles/YunTai.elf.dir/Core/Src/tim.c.obj
 .debug_line    0x000016eb      0x454 CMakeFiles/YunTai.elf.dir/Core/Src/usart.c.obj
 .debug_line    0x00001b3f       0x7a CMakeFiles/YunTai.elf.dir/Core/Startup/startup_stm32f407ighx.s.obj
 .debug_line    0x00001bb9      0x639 CMakeFiles/YunTai.elf.dir/Drivers/STM32F4xx_HAL_Driver/Src/stm32f4xx_hal.c.obj
 .debug_line    0x000021f2      0x8fc CMakeFiles/YunTai.elf.dir/Drivers/STM32F4xx_HAL_Driver/Src/stm32f4xx_hal_cortex.c.obj
 .debug_line    0x00002aee      0xee7 CMakeFiles/YunTai.elf.dir/Drivers/STM32F4xx_HAL_Driver/Src/stm32f4xx_hal_dma.c.obj
 .debug_line    0x000039d5      0x7a9 CMakeFiles/YunTai.elf.dir/Drivers/STM32F4xx_HAL_Driver/Src/stm32f4xx_hal_gpio.c.obj
 .debug_line    0x0000417e      0xc71 CMakeFiles/YunTai.elf.dir/Drivers/STM32F4xx_HAL_Driver/Src/stm32f4xx_hal_rcc.c.obj
 .debug_line    0x00004def     0x4843 CMakeFiles/YunTai.elf.dir/Drivers/STM32F4xx_HAL_Driver/Src/stm32f4xx_hal_tim.c.obj
 .debug_line    0x00009632     0x1b6b CMakeFiles/YunTai.elf.dir/Drivers/STM32F4xx_HAL_Driver/Src/stm32f4xx_hal_tim_ex.c.obj
 .debug_line    0x0000b19d     0x35e2 CMakeFiles/YunTai.elf.dir/Drivers/STM32F4xx_HAL_Driver/Src/stm32f4xx_hal_uart.c.obj
 .debug_line    0x0000e77f      0x7a9 CMakeFiles/YunTai.elf.dir/Lib/Src/perspective.cpp.obj
 .debug_line    0x0000ef28      0x95c CMakeFiles/YunTai.elf.dir/Lib/Src/step_motor.cpp.obj
 .debug_line    0x0000f884      0x84d CMakeFiles/YunTai.elf.dir/Lib/Src/uart_io.cpp.obj
 .debug_line    0x000100d1      0x859 CMakeFiles/YunTai.elf.dir/User/Src/User_main.cpp.obj

.debug_str      0x00000000     0x5613
 .debug_str     0x00000000     0x5613 CMakeFiles/YunTai.elf.dir/Core/Src/gpio.c.obj
                                0x395 (size before relaxing)
 .debug_str     0x00005613      0x51e CMakeFiles/YunTai.elf.dir/Core/Src/main.c.obj
 .debug_str     0x00005613      0x2d6 CMakeFiles/YunTai.elf.dir/Core/Src/stm32f4xx_hal_msp.c.obj
 .debug_str     0x00005613      0x7c7 CMakeFiles/YunTai.elf.dir/Core/Src/stm32f4xx_it.c.obj
 .debug_str     0x00005613      0x33c CMakeFiles/YunTai.elf.dir/Core/Src/system_stm32f4xx.c.obj
 .debug_str     0x00005613     0x110c CMakeFiles/YunTai.elf.dir/Core/Src/tim.c.obj
 .debug_str     0x00005613      0x86c CMakeFiles/YunTai.elf.dir/Core/Src/usart.c.obj
 .debug_str     0x00005613       0x8f CMakeFiles/YunTai.elf.dir/Core/Startup/startup_stm32f407ighx.s.obj
 .debug_str     0x00005613      0xb7f CMakeFiles/YunTai.elf.dir/Drivers/STM32F4xx_HAL_Driver/Src/stm32f4xx_hal.c.obj
 .debug_str     0x00005613      0xc90 CMakeFiles/YunTai.elf.dir/Drivers/STM32F4xx_HAL_Driver/Src/stm32f4xx_hal_cortex.c.obj
 .debug_str     0x00005613      0x791 CMakeFiles/YunTai.elf.dir/Drivers/STM32F4xx_HAL_Driver/Src/stm32f4xx_hal_dma.c.obj
 .debug_str     0x00005613      0x4fb CMakeFiles/YunTai.elf.dir/Drivers/STM32F4xx_HAL_Driver/Src/stm32f4xx_hal_gpio.c.obj
 .debug_str     0x00005613      0x721 CMakeFiles/YunTai.elf.dir/Drivers/STM32F4xx_HAL_Driver/Src/stm32f4xx_hal_rcc.c.obj
 .debug_str     0x00005613     0x171a CMakeFiles/YunTai.elf.dir/Drivers/STM32F4xx_HAL_Driver/Src/stm32f4xx_hal_tim.c.obj
 .debug_str     0x00005613      0xf26 CMakeFiles/YunTai.elf.dir/Drivers/STM32F4xx_HAL_Driver/Src/stm32f4xx_hal_tim_ex.c.obj
 .debug_str     0x00005613      0xdb6 CMakeFiles/YunTai.elf.dir/Drivers/STM32F4xx_HAL_Driver/Src/stm32f4xx_hal_uart.c.obj
 .debug_str     0x00005613     0x12de CMakeFiles/YunTai.elf.dir/Lib/Src/perspective.cpp.obj
 .debug_str     0x00005613      0xdd9 CMakeFiles/YunTai.elf.dir/Lib/Src/step_motor.cpp.obj
 .debug_str     0x00005613      0xe51 CMakeFiles/YunTai.elf.dir/Lib/Src/uart_io.cpp.obj
 .debug_str     0x00005613     0x1f53 CMakeFiles/YunTai.elf.dir/User/Src/User_main.cpp.obj

.comment        0x00000000       0x43
 .comment       0x00000000       0x43 CMakeFiles/YunTai.elf.dir/Core/Src/gpio.c.obj
                                 0x44 (size before relaxing)
 .comment       0x00000043       0x44 CMakeFiles/YunTai.elf.dir/Core/Src/main.c.obj
 .comment       0x00000043       0x44 CMakeFiles/YunTai.elf.dir/Core/Src/stm32f4xx_hal_msp.c.obj
 .comment       0x00000043       0x44 CMakeFiles/YunTai.elf.dir/Core/Src/stm32f4xx_it.c.obj
 .comment       0x00000043       0x44 CMakeFiles/YunTai.elf.dir/Core/Src/system_stm32f4xx.c.obj
 .comment       0x00000043       0x44 CMakeFiles/YunTai.elf.dir/Core/Src/tim.c.obj
 .comment       0x00000043       0x44 CMakeFiles/YunTai.elf.dir/Core/Src/usart.c.obj
 .comment       0x00000043       0x44 CMakeFiles/YunTai.elf.dir/Drivers/STM32F4xx_HAL_Driver/Src/stm32f4xx_hal.c.obj
 .comment       0x00000043       0x44 CMakeFiles/YunTai.elf.dir/Drivers/STM32F4xx_HAL_Driver/Src/stm32f4xx_hal_cortex.c.obj
 .comment       0x00000043       0x44 CMakeFiles/YunTai.elf.dir/Drivers/STM32F4xx_HAL_Driver/Src/stm32f4xx_hal_dma.c.obj
 .comment       0x00000043       0x44 CMakeFiles/YunTai.elf.dir/Drivers/STM32F4xx_HAL_Driver/Src/stm32f4xx_hal_gpio.c.obj
 .comment       0x00000043       0x44 CMakeFiles/YunTai.elf.dir/Drivers/STM32F4xx_HAL_Driver/Src/stm32f4xx_hal_rcc.c.obj
 .comment       0x00000043       0x44 CMakeFiles/YunTai.elf.dir/Drivers/STM32F4xx_HAL_Driver/Src/stm32f4xx_hal_tim.c.obj
 .comment       0x00000043       0x44 CMakeFiles/YunTai.elf.dir/Drivers/STM32F4xx_HAL_Driver/Src/stm32f4xx_hal_tim_ex.c.obj
 .comment       0x00000043       0x44 CMakeFiles/YunTai.elf.dir/Drivers/STM32F4xx_HAL_Driver/Src/stm32f4xx_hal_uart.c.obj
 .comment       0x00000043       0x44 CMakeFiles/YunTai.elf.dir/Lib/Src/perspective.cpp.obj
 .comment       0x00000043       0x44 CMakeFiles/YunTai.elf.dir/Lib/Src/step_motor.cpp.obj
 .comment       0x00000043       0x44 CMakeFiles/YunTai.elf.dir/Lib/Src/uart_io.cpp.obj
 .comment       0x00000043       0x44 CMakeFiles/YunTai.elf.dir/User/Src/User_main.cpp.obj

.debug_frame    0x00000000     0x2e74
 .debug_frame   0x00000000       0x38 CMakeFiles/YunTai.elf.dir/Core/Src/gpio.c.obj
 .debug_frame   0x00000038       0x58 CMakeFiles/YunTai.elf.dir/Core/Src/main.c.obj
 .debug_frame   0x00000090       0x28 CMakeFiles/YunTai.elf.dir/Core/Src/stm32f4xx_hal_msp.c.obj
 .debug_frame   0x000000b8       0xd8 CMakeFiles/YunTai.elf.dir/Core/Src/stm32f4xx_it.c.obj
 .debug_frame   0x00000190       0x30 CMakeFiles/YunTai.elf.dir/Core/Src/system_stm32f4xx.c.obj
 .debug_frame   0x000001c0       0xd0 CMakeFiles/YunTai.elf.dir/Core/Src/tim.c.obj
 .debug_frame   0x00000290       0x78 CMakeFiles/YunTai.elf.dir/Core/Src/usart.c.obj
 .debug_frame   0x00000308      0x1ec CMakeFiles/YunTai.elf.dir/Drivers/STM32F4xx_HAL_Driver/Src/stm32f4xx_hal.c.obj
 .debug_frame   0x000004f4      0x214 CMakeFiles/YunTai.elf.dir/Drivers/STM32F4xx_HAL_Driver/Src/stm32f4xx_hal_cortex.c.obj
 .debug_frame   0x00000708      0x188 CMakeFiles/YunTai.elf.dir/Drivers/STM32F4xx_HAL_Driver/Src/stm32f4xx_hal_dma.c.obj
 .debug_frame   0x00000890       0xd4 CMakeFiles/YunTai.elf.dir/Drivers/STM32F4xx_HAL_Driver/Src/stm32f4xx_hal_gpio.c.obj
 .debug_frame   0x00000964      0x16c CMakeFiles/YunTai.elf.dir/Drivers/STM32F4xx_HAL_Driver/Src/stm32f4xx_hal_rcc.c.obj
 .debug_frame   0x00000ad0      0xb08 CMakeFiles/YunTai.elf.dir/Drivers/STM32F4xx_HAL_Driver/Src/stm32f4xx_hal_tim.c.obj
 .debug_frame   0x000015d8      0x418 CMakeFiles/YunTai.elf.dir/Drivers/STM32F4xx_HAL_Driver/Src/stm32f4xx_hal_tim_ex.c.obj
 .debug_frame   0x000019f0      0x5e0 CMakeFiles/YunTai.elf.dir/Drivers/STM32F4xx_HAL_Driver/Src/stm32f4xx_hal_uart.c.obj
 .debug_frame   0x00001fd0       0x98 CMakeFiles/YunTai.elf.dir/Lib/Src/perspective.cpp.obj
 .debug_frame   0x00002068      0x15c CMakeFiles/YunTai.elf.dir/Lib/Src/step_motor.cpp.obj
 .debug_frame   0x000021c4      0x124 CMakeFiles/YunTai.elf.dir/Lib/Src/uart_io.cpp.obj
 .debug_frame   0x000022e8       0xd0 CMakeFiles/YunTai.elf.dir/User/Src/User_main.cpp.obj
 .debug_frame   0x000023b8       0x28 D:/ST/STM32CubeCLT_1.18.0/GNU-tools-for-STM32/bin/../lib/gcc/arm-none-eabi/13.3.1/../../../../arm-none-eabi/lib/thumb/v7e-m/nofp\libm.a(libm_a-sf_lround.o)
 .debug_frame   0x000023e0       0x4c D:/ST/STM32CubeCLT_1.18.0/GNU-tools-for-STM32/bin/../lib/gcc/arm-none-eabi/13.3.1/thumb/v7e-m/nofp\libgcc.a(_arm_addsubsf3.o)
 .debug_frame   0x0000242c       0x38 D:/ST/STM32CubeCLT_1.18.0/GNU-tools-for-STM32/bin/../lib/gcc/arm-none-eabi/13.3.1/thumb/v7e-m/nofp\libgcc.a(_arm_muldivsf3.o)
 .debug_frame   0x00002464       0xc8 D:/ST/STM32CubeCLT_1.18.0/GNU-tools-for-STM32/bin/../lib/gcc/arm-none-eabi/13.3.1/thumb/v7e-m/nofp\libgcc.a(_arm_cmpsf2.o)
 .debug_frame   0x0000252c       0x24 D:/ST/STM32CubeCLT_1.18.0/GNU-tools-for-STM32/bin/../lib/gcc/arm-none-eabi/13.3.1/thumb/v7e-m/nofp\libgcc.a(_arm_fixsfsi.o)
 .debug_frame   0x00002550       0x24 D:/ST/STM32CubeCLT_1.18.0/GNU-tools-for-STM32/bin/../lib/gcc/arm-none-eabi/13.3.1/thumb/v7e-m/nofp\libgcc.a(_arm_fixunssfsi.o)
 .debug_frame   0x00002574       0x2c D:/ST/STM32CubeCLT_1.18.0/GNU-tools-for-STM32/bin/../lib/gcc/arm-none-eabi/13.3.1/thumb/v7e-m/nofp\libgcc.a(_aeabi_uldivmod.o)
 .debug_frame   0x000025a0       0x34 D:/ST/STM32CubeCLT_1.18.0/GNU-tools-for-STM32/bin/../lib/gcc/arm-none-eabi/13.3.1/thumb/v7e-m/nofp\libgcc.a(_udivmoddi4.o)
 .debug_frame   0x000025d4      0x2c8 D:/ST/STM32CubeCLT_1.18.0/GNU-tools-for-STM32/bin/../lib/gcc/arm-none-eabi/13.3.1/thumb/v7e-m/nofp\libgcc.a(unwind-arm.o)
 .debug_frame   0x0000289c      0x104 D:/ST/STM32CubeCLT_1.18.0/GNU-tools-for-STM32/bin/../lib/gcc/arm-none-eabi/13.3.1/thumb/v7e-m/nofp\libgcc.a(pr-support.o)
 .debug_frame   0x000029a0       0x28 D:/ST/STM32CubeCLT_1.18.0/GNU-tools-for-STM32/bin/../lib/gcc/arm-none-eabi/13.3.1/../../../../arm-none-eabi/lib/thumb/v7e-m/nofp\libc.a(libc_a-abort.o)
 .debug_frame   0x000029c8      0x144 D:/ST/STM32CubeCLT_1.18.0/GNU-tools-for-STM32/bin/../lib/gcc/arm-none-eabi/13.3.1/../../../../arm-none-eabi/lib/thumb/v7e-m/nofp\libc.a(libc_a-findfp.o)
 .debug_frame   0x00002b0c       0x20 D:/ST/STM32CubeCLT_1.18.0/GNU-tools-for-STM32/bin/../lib/gcc/arm-none-eabi/13.3.1/../../../../arm-none-eabi/lib/thumb/v7e-m/nofp\libc.a(libc_a-memset.o)
 .debug_frame   0x00002b2c       0xcc D:/ST/STM32CubeCLT_1.18.0/GNU-tools-for-STM32/bin/../lib/gcc/arm-none-eabi/13.3.1/../../../../arm-none-eabi/lib/thumb/v7e-m/nofp\libc.a(libc_a-signal.o)
 .debug_frame   0x00002bf8       0x38 D:/ST/STM32CubeCLT_1.18.0/GNU-tools-for-STM32/bin/../lib/gcc/arm-none-eabi/13.3.1/../../../../arm-none-eabi/lib/thumb/v7e-m/nofp\libc.a(libc_a-reent.o)
 .debug_frame   0x00002c30       0x3c D:/ST/STM32CubeCLT_1.18.0/GNU-tools-for-STM32/bin/../lib/gcc/arm-none-eabi/13.3.1/../../../../arm-none-eabi/lib/thumb/v7e-m/nofp\libc.a(libc_a-signalr.o)
 .debug_frame   0x00002c6c       0x20 D:/ST/STM32CubeCLT_1.18.0/GNU-tools-for-STM32/bin/../lib/gcc/arm-none-eabi/13.3.1/../../../../arm-none-eabi/lib/thumb/v7e-m/nofp\libc.a(libc_a-errno.o)
 .debug_frame   0x00002c8c       0x2c D:/ST/STM32CubeCLT_1.18.0/GNU-tools-for-STM32/bin/../lib/gcc/arm-none-eabi/13.3.1/../../../../arm-none-eabi/lib/thumb/v7e-m/nofp\libc.a(libc_a-init.o)
 .debug_frame   0x00002cb8       0xb0 D:/ST/STM32CubeCLT_1.18.0/GNU-tools-for-STM32/bin/../lib/gcc/arm-none-eabi/13.3.1/../../../../arm-none-eabi/lib/thumb/v7e-m/nofp\libc.a(libc_a-lock.o)
 .debug_frame   0x00002d68       0x28 D:/ST/STM32CubeCLT_1.18.0/GNU-tools-for-STM32/bin/../lib/gcc/arm-none-eabi/13.3.1/../../../../arm-none-eabi/lib/thumb/v7e-m/nofp\libc.a(libc_a-memcpy-stub.o)
 .debug_frame   0x00002d90       0x58 D:/ST/STM32CubeCLT_1.18.0/GNU-tools-for-STM32/bin/../lib/gcc/arm-none-eabi/13.3.1/../../../../arm-none-eabi/lib/thumb/v7e-m/nofp\libc.a(libc_a-__call_atexit.o)
 .debug_frame   0x00002de8       0x20 D:/ST/STM32CubeCLT_1.18.0/GNU-tools-for-STM32/bin/../lib/gcc/arm-none-eabi/13.3.1/../../../../arm-none-eabi/lib/thumb/v7e-m/nofp\libc.a(libc_a-atexit.o)
 .debug_frame   0x00002e08       0x38 D:/ST/STM32CubeCLT_1.18.0/GNU-tools-for-STM32/bin/../lib/gcc/arm-none-eabi/13.3.1/../../../../arm-none-eabi/lib/thumb/v7e-m/nofp\libc.a(libc_a-fini.o)
 .debug_frame   0x00002e40       0x34 D:/ST/STM32CubeCLT_1.18.0/GNU-tools-for-STM32/bin/../lib/gcc/arm-none-eabi/13.3.1/../../../../arm-none-eabi/lib/thumb/v7e-m/nofp\libc.a(libc_a-__atexit.o)

.debug_loclists
                0x00000000     0x9928
 .debug_loclists
                0x00000000       0x79 CMakeFiles/YunTai.elf.dir/Core/Src/system_stm32f4xx.c.obj
 .debug_loclists
                0x00000079      0x11a CMakeFiles/YunTai.elf.dir/Core/Src/tim.c.obj
 .debug_loclists
                0x00000193       0xa5 CMakeFiles/YunTai.elf.dir/Core/Src/usart.c.obj
 .debug_loclists
                0x00000238       0xe1 CMakeFiles/YunTai.elf.dir/Drivers/STM32F4xx_HAL_Driver/Src/stm32f4xx_hal.c.obj
 .debug_loclists
                0x00000319      0x54d CMakeFiles/YunTai.elf.dir/Drivers/STM32F4xx_HAL_Driver/Src/stm32f4xx_hal_cortex.c.obj
 .debug_loclists
                0x00000866      0x88a CMakeFiles/YunTai.elf.dir/Drivers/STM32F4xx_HAL_Driver/Src/stm32f4xx_hal_dma.c.obj
 .debug_loclists
                0x000010f0      0x386 CMakeFiles/YunTai.elf.dir/Drivers/STM32F4xx_HAL_Driver/Src/stm32f4xx_hal_gpio.c.obj
 .debug_loclists
                0x00001476      0x3e5 CMakeFiles/YunTai.elf.dir/Drivers/STM32F4xx_HAL_Driver/Src/stm32f4xx_hal_rcc.c.obj
 .debug_loclists
                0x0000185b     0x37c4 CMakeFiles/YunTai.elf.dir/Drivers/STM32F4xx_HAL_Driver/Src/stm32f4xx_hal_tim.c.obj
 .debug_loclists
                0x0000501f     0x13ec CMakeFiles/YunTai.elf.dir/Drivers/STM32F4xx_HAL_Driver/Src/stm32f4xx_hal_tim_ex.c.obj
 .debug_loclists
                0x0000640b     0x2cad CMakeFiles/YunTai.elf.dir/Drivers/STM32F4xx_HAL_Driver/Src/stm32f4xx_hal_uart.c.obj
 .debug_loclists
                0x000090b8      0x161 CMakeFiles/YunTai.elf.dir/Lib/Src/perspective.cpp.obj
 .debug_loclists
                0x00009219      0x244 CMakeFiles/YunTai.elf.dir/Lib/Src/step_motor.cpp.obj
 .debug_loclists
                0x0000945d      0x3e7 CMakeFiles/YunTai.elf.dir/Lib/Src/uart_io.cpp.obj
 .debug_loclists
                0x00009844       0xe4 CMakeFiles/YunTai.elf.dir/User/Src/User_main.cpp.obj

.debug_line_str
                0x00000000       0x73
 .debug_line_str
                0x00000000       0x73 CMakeFiles/YunTai.elf.dir/Core/Startup/startup_stm32f407ighx.s.obj